2026-07-30 11:02:48,058 | INFO     | Запуск пайплайна отбора признаков
2026-07-30 11:02:48,058 | INFO     | 
Загрузка путей из pipeline_conf.yaml
2026-07-30 11:02:48,068 | INFO     | Найдено 4 датасетов: ['PD', 'SA_ERKC', 'TD', 'SA_SMA']
2026-07-30 11:03:24,580 | INFO     | Spark сессия запущена! Время: 36.51 сек
2026-07-30 11:03:24,581 | INFO     | 
Загрузка данных: /user/team/team_ai_avatar/ds/rusakov/feature_selection_benchmark/benchmark_datasets/product_name=pd_cc/split_type=train
2026-07-30 11:05:03,294 | INFO     |   Загружено 2,817,137 строк и 2502 колонок
2026-07-30 11:05:03,297 | INFO     |   Загрузка колонок для дропа из results/sequential/PD/constant_0.95_cols.txt
2026-07-30 11:05:03,299 | INFO     |   Найдено 721 колонок для дропа
2026-07-30 11:05:05,353 | INFO     |   После дропа: 1781 колонок
2026-07-30 11:05:05,353 | INFO     | 
================================================================================
2026-07-30 11:05:05,353 | INFO     | ПИПЛИН ОТБОРА: PD
2026-07-30 11:05:05,353 | INFO     | ================================================================================
2026-07-30 11:05:05,353 | INFO     |   Target column: target_attr_1
2026-07-30 11:05:05,354 | INFO     |   Exclude columns: ['dmik_tag_kids_flg', 'epk_id', 'report_month', 'dmik_tag_video_content_flg', 'dmik_kids_small_flg', 'dmik_kids_school_flg', 'target_attr_1', 'bki_all_feats_count_mon_between_reports_okb', 'bki_all_feats_count_mon_between_reports_equ']
2026-07-30 11:05:05,355 | INFO     |   Порядок методов: ['drop_low_variance', 'drop_correlated', 'lgbm_shap']
2026-07-30 11:05:05,355 | INFO     | 
ГИПЕРПАРАМЕТРЫ МЕТОДОВ:
2026-07-30 11:05:05,355 | INFO     |   drop_null:
2026-07-30 11:05:05,355 | INFO     |     enabled: false
2026-07-30 11:05:05,355 | INFO     |   drop_constant:
2026-07-30 11:05:05,355 | INFO     |     enabled: true, params: [0.95, 0.99, 1.0], chunk_size: 1000
2026-07-30 11:05:05,355 | INFO     |   drop_low_variance:
2026-07-30 11:05:05,355 | INFO     |     enabled: false
2026-07-30 11:05:05,355 | INFO     |   drop_correlated:
2026-07-30 11:05:05,355 | INFO     |     enabled: true, params: [0.95]
2026-07-30 11:05:05,355 | INFO     |   lgbm_shap:
2026-07-30 11:05:05,355 | INFO     |     enabled: true, params: [0.95]
2026-07-30 11:05:05,355 | INFO     | 
================================================================================
2026-07-30 11:05:05,355 | INFO     | Шаг 1: drop_low_variance
2026-07-30 11:05:05,355 | INFO     | ================================================================================
2026-07-30 11:05:05,355 | INFO     |   Гиперпараметры: min_variance=0.0005, scale_method=minmax
2026-07-30 11:05:05,355 | INFO     |   Test drop_low_variance with min_variance=0.0005, scale=minmax
2026-07-30 11:12:28,711 | INFO     |   Выкинуто: 1748 колонок (scale=minmax, param=0.0005) -> results/pipeline/PD/variance_0.0005_minmax_cols.txt
2026-07-30 11:12:28,712 | INFO     |   Колонок на выходе: 754
2026-07-30 11:12:28,712 | INFO     | 
================================================================================
2026-07-30 11:12:28,712 | INFO     | Шаг 2: drop_correlated
2026-07-30 11:12:28,712 | INFO     | ================================================================================
2026-07-30 11:12:28,712 | INFO     |   Гиперпараметры: corr_threshold=0.95
2026-07-30 11:12:28,712 | INFO     |   Test drop_correlated with corr_threshold=0.95
2026-07-30 11:16:25,845 | INFO     |   Выкинуто: 1941 колонок -> results/pipeline/PD/correlated_0.95_cols.txt
2026-07-30 11:16:25,847 | INFO     |   Колонок на выходе: 561
2026-07-30 11:16:25,847 | INFO     | 
================================================================================
2026-07-30 11:16:25,847 | INFO     | Шаг 3: lgbm_shap
2026-07-30 11:16:25,847 | INFO     | ================================================================================
2026-07-30 11:16:25,847 | INFO     |   Гиперпараметры: threshold=0.95
2026-07-30 11:16:25,847 | INFO     |   Test lgbm_shap with threshold=0.95
2026-07-30 11:16:26,548 | ERROR    |   ОШИБКА: [UNRESOLVED_COLUMN.WITH_SUGGESTION] A column or function parameter with name `target_attr_1` cannot be resolved. Did you mean one of the following? [`bucket_num`, `dmik_age`, `month_part`, `dmik_ca_flg`, `dmik_gender_M`].;
'Project [aggr_mnth_v2_evt_attr_1006#5L, aggr_mnth_v2_evt_attr_1010#7L, aggr_mnth_v2_evt_attr_1022#8L, aggr_mnth_v2_evt_attr_1027#9L, aggr_mnth_v2_evt_attr_1029#10L, aggr_mnth_v2_evt_attr_158#13L, aggr_mnth_v2_evt_attr_161#14L, aggr_mnth_v2_evt_attr_179#15L, aggr_mnth_v2_evt_attr_180#16L, aggr_mnth_v2_evt_attr_188#17L, aggr_mnth_v2_evt_attr_198#18L, aggr_mnth_v2_evt_attr_213#19L, aggr_mnth_v2_evt_attr_217#20L, aggr_mnth_v2_evt_attr_223#21L, aggr_mnth_v2_evt_attr_228#22L, aggr_mnth_v2_evt_attr_23#23L, aggr_mnth_v2_evt_attr_232#24L, aggr_mnth_v2_evt_attr_274#25L, aggr_mnth_v2_evt_attr_296#27L, aggr_mnth_v2_evt_attr_306#28L, aggr_mnth_v2_evt_attr_314#29L, aggr_mnth_v2_evt_attr_320#30L, aggr_mnth_v2_evt_attr_358#32L, aggr_mnth_v2_evt_attr_37#33L, ... 537 more fields]
+- Project [aggr_mnth_v2_evt_attr_1006#5L, aggr_mnth_v2_evt_attr_1010#7L, aggr_mnth_v2_evt_attr_1022#8L, aggr_mnth_v2_evt_attr_1027#9L, aggr_mnth_v2_evt_attr_1029#10L, aggr_mnth_v2_evt_attr_158#13L, aggr_mnth_v2_evt_attr_161#14L, aggr_mnth_v2_evt_attr_179#15L, aggr_mnth_v2_evt_attr_180#16L, aggr_mnth_v2_evt_attr_188#17L, aggr_mnth_v2_evt_attr_198#18L, aggr_mnth_v2_evt_attr_213#19L, aggr_mnth_v2_evt_attr_217#20L, aggr_mnth_v2_evt_attr_223#21L, aggr_mnth_v2_evt_attr_228#22L, aggr_mnth_v2_evt_attr_23#23L, aggr_mnth_v2_evt_attr_232#24L, aggr_mnth_v2_evt_attr_274#25L, aggr_mnth_v2_evt_attr_296#27L, aggr_mnth_v2_evt_attr_306#28L, aggr_mnth_v2_evt_attr_314#29L, aggr_mnth_v2_evt_attr_320#30L, aggr_mnth_v2_evt_attr_358#32L, aggr_mnth_v2_evt_attr_37#33L, ... 537 more fields]
   +- Project [epk_id#0L, target_attr_1#1L, report_month#2, aggr_mnth_v2_evt_attr_1006#5L, aggr_mnth_v2_evt_attr_1010#7L, aggr_mnth_v2_evt_attr_1022#8L, aggr_mnth_v2_evt_attr_1027#9L, aggr_mnth_v2_evt_attr_1029#10L, aggr_mnth_v2_evt_attr_158#13L, aggr_mnth_v2_evt_attr_161#14L, aggr_mnth_v2_evt_attr_179#15L, aggr_mnth_v2_evt_attr_180#16L, aggr_mnth_v2_evt_attr_188#17L, aggr_mnth_v2_evt_attr_198#18L, aggr_mnth_v2_evt_attr_213#19L, aggr_mnth_v2_evt_attr_217#20L, aggr_mnth_v2_evt_attr_223#21L, aggr_mnth_v2_evt_attr_228#22L, aggr_mnth_v2_evt_attr_23#23L, aggr_mnth_v2_evt_attr_232#24L, aggr_mnth_v2_evt_attr_274#25L, aggr_mnth_v2_evt_attr_296#27L, aggr_mnth_v2_evt_attr_306#28L, aggr_mnth_v2_evt_attr_314#29L, ... 730 more fields]
      +- Project [epk_id#0L, target_attr_1#1L, report_month#2, aggr_mnth_v2_evt_attr_1006#5L, aggr_mnth_v2_evt_attr_1010#7L, aggr_mnth_v2_evt_attr_1022#8L, aggr_mnth_v2_evt_attr_1027#9L, aggr_mnth_v2_evt_attr_1029#10L, aggr_mnth_v2_evt_attr_158#13L, aggr_mnth_v2_evt_attr_161#14L, aggr_mnth_v2_evt_attr_179#15L, aggr_mnth_v2_evt_attr_180#16L, aggr_mnth_v2_evt_attr_188#17L, aggr_mnth_v2_evt_attr_198#18L, aggr_mnth_v2_evt_attr_213#19L, aggr_mnth_v2_evt_attr_217#20L, aggr_mnth_v2_evt_attr_223#21L, aggr_mnth_v2_evt_attr_228#22L, aggr_mnth_v2_evt_attr_23#23L, aggr_mnth_v2_evt_attr_232#24L, aggr_mnth_v2_evt_attr_274#25L, aggr_mnth_v2_evt_attr_296#27L, aggr_mnth_v2_evt_attr_306#28L, aggr_mnth_v2_evt_attr_314#29L, ... 1757 more fields]
         +- Relation [epk_id#0L,target_attr_1#1L,report_month#2,target_attr_2#3,target_attr_3#4,aggr_mnth_v2_evt_attr_1006#5L,aggr_mnth_v2_evt_attr_1007#6L,aggr_mnth_v2_evt_attr_1010#7L,aggr_mnth_v2_evt_attr_1022#8L,aggr_mnth_v2_evt_attr_1027#9L,aggr_mnth_v2_evt_attr_1029#10L,aggr_mnth_v2_evt_attr_152#11L,aggr_mnth_v2_evt_attr_153#12L,aggr_mnth_v2_evt_attr_158#13L,aggr_mnth_v2_evt_attr_161#14L,aggr_mnth_v2_evt_attr_179#15L,aggr_mnth_v2_evt_attr_180#16L,aggr_mnth_v2_evt_attr_188#17L,aggr_mnth_v2_evt_attr_198#18L,aggr_mnth_v2_evt_attr_213#19L,aggr_mnth_v2_evt_attr_217#20L,aggr_mnth_v2_evt_attr_223#21L,aggr_mnth_v2_evt_attr_228#22L,aggr_mnth_v2_evt_attr_23#23L,... 2478 more fields] parquet

2026-07-30 11:16:26,549 | ERROR    | Детали ошибки:
Traceback (most recent call last):
  File "/home/datalab/nfs/bogachev/fmlib-feature-selection/dev/bogachev/pipeline.py", line 508, in main
    final_df = run_pipeline(current_df, original_df, dataset_name, PIPELINE_DIR, config, logger)
               ^^^^^^^^^^^^^^^^^^^^^^^^^^^^^^^^^^^^^^^^^^^^^^^^^^^^^^^^^^^^^^^^^^^^^^^^^^^^^^^^^
  File "/home/datalab/nfs/bogachev/fmlib-feature-selection/dev/bogachev/pipeline.py", line 375, in run_pipeline
    results = test_drop_lgbm_shap(current_df, target_col, exclude_cols, param, dataset_name, logger)
              ^^^^^^^^^^^^^^^^^^^^^^^^^^^^^^^^^^^^^^^^^^^^^^^^^^^^^^^^^^^^^^^^^^^^^^^^^^^^^^^^^^^^^^
  File "/home/datalab/nfs/bogachev/fmlib-feature-selection/dev/bogachev/pipeline.py", line 203, in test_drop_lgbm_shap
    result = select_robust_features(
             ^^^^^^^^^^^^^^^^^^^^^^^
  File "/home/datalab/nfs/bogachev/fmlib-feature-selection/dev/bogachev/methods/shap_lgbm_spark.py", line 77, in select_robust_features
    X, y, feature_cols = _extract_and_prep_data(df, target_col, exclude_cols, max_rows_limit, sample_fraction)
                         ^^^^^^^^^^^^^^^^^^^^^^^^^^^^^^^^^^^^^^^^^^^^^^^^^^^^^^^^^^^^^^^^^^^^^^^^^^^^^^^^^^^^^
  File "/home/datalab/nfs/bogachev/fmlib-feature-selection/dev/bogachev/methods/shap_lgbm_spark.py", line 34, in _extract_and_prep_data
    data_df = df.select(*features, target_col)
              ^^^^^^^^^^^^^^^^^^^^^^^^^^^^^^^^
  File "/spark/python/pyspark/sql/dataframe.py", line 3229, in select
    jdf = self._jdf.select(self._jcols(*cols))
          ^^^^^^^^^^^^^^^^^^^^^^^^^^^^^^^^^^^^
  File "/spark/python/lib/py4j-0.10.9.7-src.zip/py4j/java_gateway.py", line 1322, in __call__
    return_value = get_return_value(
                   ^^^^^^^^^^^^^^^^^
  File "/spark/python/pyspark/errors/exceptions/captured.py", line 185, in deco
    raise converted from None
pyspark.errors.exceptions.captured.AnalysisException: [UNRESOLVED_COLUMN.WITH_SUGGESTION] A column or function parameter with name `target_attr_1` cannot be resolved. Did you mean one of the following? [`bucket_num`, `dmik_age`, `month_part`, `dmik_ca_flg`, `dmik_gender_M`].;
'Project [aggr_mnth_v2_evt_attr_1006#5L, aggr_mnth_v2_evt_attr_1010#7L, aggr_mnth_v2_evt_attr_1022#8L, aggr_mnth_v2_evt_attr_1027#9L, aggr_mnth_v2_evt_attr_1029#10L, aggr_mnth_v2_evt_attr_158#13L, aggr_mnth_v2_evt_attr_161#14L, aggr_mnth_v2_evt_attr_179#15L, aggr_mnth_v2_evt_attr_180#16L, aggr_mnth_v2_evt_attr_188#17L, aggr_mnth_v2_evt_attr_198#18L, aggr_mnth_v2_evt_attr_213#19L, aggr_mnth_v2_evt_attr_217#20L, aggr_mnth_v2_evt_attr_223#21L, aggr_mnth_v2_evt_attr_228#22L, aggr_mnth_v2_evt_attr_23#23L, aggr_mnth_v2_evt_attr_232#24L, aggr_mnth_v2_evt_attr_274#25L, aggr_mnth_v2_evt_attr_296#27L, aggr_mnth_v2_evt_attr_306#28L, aggr_mnth_v2_evt_attr_314#29L, aggr_mnth_v2_evt_attr_320#30L, aggr_mnth_v2_evt_attr_358#32L, aggr_mnth_v2_evt_attr_37#33L, ... 537 more fields]
+- Project [aggr_mnth_v2_evt_attr_1006#5L, aggr_mnth_v2_evt_attr_1010#7L, aggr_mnth_v2_evt_attr_1022#8L, aggr_mnth_v2_evt_attr_1027#9L, aggr_mnth_v2_evt_attr_1029#10L, aggr_mnth_v2_evt_attr_158#13L, aggr_mnth_v2_evt_attr_161#14L, aggr_mnth_v2_evt_attr_179#15L, aggr_mnth_v2_evt_attr_180#16L, aggr_mnth_v2_evt_attr_188#17L, aggr_mnth_v2_evt_attr_198#18L, aggr_mnth_v2_evt_attr_213#19L, aggr_mnth_v2_evt_attr_217#20L, aggr_mnth_v2_evt_attr_223#21L, aggr_mnth_v2_evt_attr_228#22L, aggr_mnth_v2_evt_attr_23#23L, aggr_mnth_v2_evt_attr_232#24L, aggr_mnth_v2_evt_attr_274#25L, aggr_mnth_v2_evt_attr_296#27L, aggr_mnth_v2_evt_attr_306#28L, aggr_mnth_v2_evt_attr_314#29L, aggr_mnth_v2_evt_attr_320#30L, aggr_mnth_v2_evt_attr_358#32L, aggr_mnth_v2_evt_attr_37#33L, ... 537 more fields]
   +- Project [epk_id#0L, target_attr_1#1L, report_month#2, aggr_mnth_v2_evt_attr_1006#5L, aggr_mnth_v2_evt_attr_1010#7L, aggr_mnth_v2_evt_attr_1022#8L, aggr_mnth_v2_evt_attr_1027#9L, aggr_mnth_v2_evt_attr_1029#10L, aggr_mnth_v2_evt_attr_158#13L, aggr_mnth_v2_evt_attr_161#14L, aggr_mnth_v2_evt_attr_179#15L, aggr_mnth_v2_evt_attr_180#16L, aggr_mnth_v2_evt_attr_188#17L, aggr_mnth_v2_evt_attr_198#18L, aggr_mnth_v2_evt_attr_213#19L, aggr_mnth_v2_evt_attr_217#20L, aggr_mnth_v2_evt_attr_223#21L, aggr_mnth_v2_evt_attr_228#22L, aggr_mnth_v2_evt_attr_23#23L, aggr_mnth_v2_evt_attr_232#24L, aggr_mnth_v2_evt_attr_274#25L, aggr_mnth_v2_evt_attr_296#27L, aggr_mnth_v2_evt_attr_306#28L, aggr_mnth_v2_evt_attr_314#29L, ... 730 more fields]
      +- Project [epk_id#0L, target_attr_1#1L, report_month#2, aggr_mnth_v2_evt_attr_1006#5L, aggr_mnth_v2_evt_attr_1010#7L, aggr_mnth_v2_evt_attr_1022#8L, aggr_mnth_v2_evt_attr_1027#9L, aggr_mnth_v2_evt_attr_1029#10L, aggr_mnth_v2_evt_attr_158#13L, aggr_mnth_v2_evt_attr_161#14L, aggr_mnth_v2_evt_attr_179#15L, aggr_mnth_v2_evt_attr_180#16L, aggr_mnth_v2_evt_attr_188#17L, aggr_mnth_v2_evt_attr_198#18L, aggr_mnth_v2_evt_attr_213#19L, aggr_mnth_v2_evt_attr_217#20L, aggr_mnth_v2_evt_attr_223#21L, aggr_mnth_v2_evt_attr_228#22L, aggr_mnth_v2_evt_attr_23#23L, aggr_mnth_v2_evt_attr_232#24L, aggr_mnth_v2_evt_attr_274#25L, aggr_mnth_v2_evt_attr_296#27L, aggr_mnth_v2_evt_attr_306#28L, aggr_mnth_v2_evt_attr_314#29L, ... 1757 more fields]
         +- Relation [epk_id#0L,target_attr_1#1L,report_month#2,target_attr_2#3,target_attr_3#4,aggr_mnth_v2_evt_attr_1006#5L,aggr_mnth_v2_evt_attr_1007#6L,aggr_mnth_v2_evt_attr_1010#7L,aggr_mnth_v2_evt_attr_1022#8L,aggr_mnth_v2_evt_attr_1027#9L,aggr_mnth_v2_evt_attr_1029#10L,aggr_mnth_v2_evt_attr_152#11L,aggr_mnth_v2_evt_attr_153#12L,aggr_mnth_v2_evt_attr_158#13L,aggr_mnth_v2_evt_attr_161#14L,aggr_mnth_v2_evt_attr_179#15L,aggr_mnth_v2_evt_attr_180#16L,aggr_mnth_v2_evt_attr_188#17L,aggr_mnth_v2_evt_attr_198#18L,aggr_mnth_v2_evt_attr_213#19L,aggr_mnth_v2_evt_attr_217#20L,aggr_mnth_v2_evt_attr_223#21L,aggr_mnth_v2_evt_attr_228#22L,aggr_mnth_v2_evt_attr_23#23L,... 2478 more fields] parquet

2026-07-30 11:16:26,556 | INFO     | 
Загрузка данных: /user/team/team_ai_avatar/ds/zaripov/feature_selection_benchmark/product_name=sa_response_erkc
2026-07-30 11:16:28,989 | INFO     |   Загружено 5,198,303 строк и 2503 колонок
2026-07-30 11:16:28,991 | INFO     |   Загрузка колонок для дропа из results/sequential/SA_ERKC/constant_0.95_cols.txt
2026-07-30 11:16:28,994 | INFO     |   Найдено 673 колонок для дропа
2026-07-30 11:16:30,794 | INFO     |   После дропа: 1830 колонок
2026-07-30 11:16:30,795 | INFO     | 
================================================================================
2026-07-30 11:16:30,795 | INFO     | ПИПЛИН ОТБОРА: SA_ERKC
2026-07-30 11:16:30,795 | INFO     | ================================================================================
2026-07-30 11:16:30,795 | INFO     |   Target column: target_attr_1
2026-07-30 11:16:30,796 | INFO     |   Exclude columns: ['dmik_tag_kids_flg', 'epk_id', 'report_month', 'dmik_tag_video_content_flg', 'dmik_kids_small_flg', 'dmik_kids_school_flg', 'split_type', 'target_attr_1', 'bki_all_feats_count_mon_between_reports_okb', 'bki_all_feats_count_mon_between_reports_equ']
2026-07-30 11:16:30,796 | INFO     |   Порядок методов: ['drop_low_variance', 'drop_correlated', 'lgbm_shap']
2026-07-30 11:16:30,796 | INFO     | 
ГИПЕРПАРАМЕТРЫ МЕТОДОВ:
2026-07-30 11:16:30,796 | INFO     |   drop_null:
2026-07-30 11:16:30,796 | INFO     |     enabled: false
2026-07-30 11:16:30,796 | INFO     |   drop_constant:
2026-07-30 11:16:30,796 | INFO     |     enabled: true, params: [0.95, 0.99, 1.0], chunk_size: 1000
2026-07-30 11:16:30,796 | INFO     |   drop_low_variance:
2026-07-30 11:16:30,796 | INFO     |     enabled: false
2026-07-30 11:16:30,796 | INFO     |   drop_correlated:
2026-07-30 11:16:30,796 | INFO     |     enabled: true, params: [0.95]
2026-07-30 11:16:30,796 | INFO     |   lgbm_shap:
2026-07-30 11:16:30,796 | INFO     |     enabled: true, params: [0.95]
2026-07-30 11:16:30,796 | INFO     | 
================================================================================
2026-07-30 11:16:30,796 | INFO     | Шаг 1: drop_low_variance
2026-07-30 11:16:30,796 | INFO     | ================================================================================
2026-07-30 11:16:30,796 | INFO     |   Гиперпараметры: min_variance=0.0005, scale_method=minmax
2026-07-30 11:16:30,797 | INFO     |   Test drop_low_variance with min_variance=0.0005, scale=minmax
2026-07-30 11:27:35,681 | INFO     |   Выкинуто: 1843 колонок (scale=minmax, param=0.0005) -> results/pipeline/SA_ERKC/variance_0.0005_minmax_cols.txt
2026-07-30 11:27:35,682 | INFO     |   Колонок на выходе: 660
2026-07-30 11:27:35,682 | INFO     | 
================================================================================
2026-07-30 11:27:35,682 | INFO     | Шаг 2: drop_correlated
2026-07-30 11:27:35,683 | INFO     | ================================================================================
2026-07-30 11:27:35,683 | INFO     |   Гиперпараметры: corr_threshold=0.95
2026-07-30 11:27:35,683 | INFO     |   Test drop_correlated with corr_threshold=0.95
2026-07-30 11:28:17,902 | ERROR    |   ОШИБКА: An error occurred while calling o35728.fit
2026-07-30 11:28:17,902 | ERROR    | Детали ошибки:
Traceback (most recent call last):
  File "/home/datalab/nfs/bogachev/fmlib-feature-selection/dev/bogachev/pipeline.py", line 508, in main
    final_df = run_pipeline(current_df, original_df, dataset_name, PIPELINE_DIR, config, logger)
               ^^^^^^^^^^^^^^^^^^^^^^^^^^^^^^^^^^^^^^^^^^^^^^^^^^^^^^^^^^^^^^^^^^^^^^^^^^^^^^^^^
  File "/home/datalab/nfs/bogachev/fmlib-feature-selection/dev/bogachev/pipeline.py", line 360, in run_pipeline
    result_df = test_drop_correlated(current_df, target_col, exclude_cols, param, dataset_name, logger)
                ^^^^^^^^^^^^^^^^^^^^^^^^^^^^^^^^^^^^^^^^^^^^^^^^^^^^^^^^^^^^^^^^^^^^^^^^^^^^^^^^^^^^^^^
  File "/home/datalab/nfs/bogachev/fmlib-feature-selection/dev/bogachev/pipeline.py", line 188, in test_drop_correlated
    result = drop_correlated_features(df, corr_threshold=corr_threshold, exclude_cols=exclude_cols)
             ^^^^^^^^^^^^^^^^^^^^^^^^^^^^^^^^^^^^^^^^^^^^^^^^^^^^^^^^^^^^^^^^^^^^^^^^^^^^^^^^^^^^^^
  File "/home/datalab/nfs/bogachev/fmlib-feature-selection/dev/bogachev/methods/CorrDropper.py", line 53, in drop_correlated_features
    df_filled = imputer.fit(df).transform(df)
                ^^^^^^^^^^^^^^^
  File "/spark/python/pyspark/ml/base.py", line 205, in fit
    return self._fit(dataset)
           ^^^^^^^^^^^^^^^^^^
  File "/spark/python/pyspark/ml/wrapper.py", line 381, in _fit
    java_model = self._fit_java(dataset)
                 ^^^^^^^^^^^^^^^^^^^^^^^
  File "/spark/python/pyspark/ml/wrapper.py", line 378, in _fit_java
    return self._java_obj.fit(dataset._jdf)
           ^^^^^^^^^^^^^^^^^^^^^^^^^^^^^^^^
  File "/spark/python/lib/py4j-0.10.9.7-src.zip/py4j/java_gateway.py", line 1322, in __call__
    return_value = get_return_value(
                   ^^^^^^^^^^^^^^^^^
  File "/spark/python/pyspark/errors/exceptions/captured.py", line 179, in deco
    return f(*a, **kw)
           ^^^^^^^^^^^
  File "/spark/python/lib/py4j-0.10.9.7-src.zip/py4j/protocol.py", line 334, in get_return_value
    raise Py4JError(
py4j.protocol.Py4JError: An error occurred while calling o35728.fit
2026-07-30 11:28:17,904 | INFO     | 
Загрузка данных: /user/team/team_ai_avatar/ds/rusakov/feature_selection_benchmark/benchmark_datasets/product_name=tdbase_response/split_type=train
2026-07-30 11:28:18,135 | ERROR    |   ОШИБКА: An error occurred while calling o35751.parquet
2026-07-30 11:28:18,135 | ERROR    | Детали ошибки:
Traceback (most recent call last):
  File "/home/datalab/nfs/bogachev/fmlib-feature-selection/dev/bogachev/pipeline.py", line 485, in main
    original_df = spark.read.parquet(train_path)
                  ^^^^^^^^^^^^^^^^^^^^^^^^^^^^^^
  File "/spark/python/pyspark/sql/readwriter.py", line 544, in parquet
    return self._df(self._jreader.parquet(_to_seq(self._spark._sc, paths)))
                    ^^^^^^^^^^^^^^^^^^^^^^^^^^^^^^^^^^^^^^^^^^^^^^^^^^^^^^
  File "/spark/python/lib/py4j-0.10.9.7-src.zip/py4j/java_gateway.py", line 1322, in __call__
    return_value = get_return_value(
                   ^^^^^^^^^^^^^^^^^
  File "/spark/python/pyspark/errors/exceptions/captured.py", line 179, in deco
    return f(*a, **kw)
           ^^^^^^^^^^^
  File "/spark/python/lib/py4j-0.10.9.7-src.zip/py4j/protocol.py", line 334, in get_return_value
    raise Py4JError(
py4j.protocol.Py4JError: An error occurred while calling o35751.parquet
2026-07-30 11:28:18,136 | INFO     | 
Загрузка данных: /user/team/team_ai_avatar/ds/zaripov/feature_selection_benchmark/product_name=sa_response_sms
2026-07-30 11:28:18,293 | ERROR    |   ОШИБКА: An error occurred while calling o35754.parquet
2026-07-30 11:28:18,294 | ERROR    | Детали ошибки:
Traceback (most recent call last):
  File "/home/datalab/nfs/bogachev/fmlib-feature-selection/dev/bogachev/pipeline.py", line 485, in main
    original_df = spark.read.parquet(train_path)
                  ^^^^^^^^^^^^^^^^^^^^^^^^^^^^^^
  File "/spark/python/pyspark/sql/readwriter.py", line 544, in parquet
    return self._df(self._jreader.parquet(_to_seq(self._spark._sc, paths)))
                    ^^^^^^^^^^^^^^^^^^^^^^^^^^^^^^^^^^^^^^^^^^^^^^^^^^^^^^
  File "/spark/python/lib/py4j-0.10.9.7-src.zip/py4j/java_gateway.py", line 1322, in __call__
    return_value = get_return_value(
                   ^^^^^^^^^^^^^^^^^
  File "/spark/python/pyspark/errors/exceptions/captured.py", line 179, in deco
    return f(*a, **kw)
           ^^^^^^^^^^^
  File "/spark/python/lib/py4j-0.10.9.7-src.zip/py4j/protocol.py", line 334, in get_return_value
    raise Py4JError(
py4j.protocol.Py4JError: An error occurred while calling o35754.parquet
2026-07-30 11:28:18,294 | INFO     | 
================================================================================
2026-07-30 11:28:18,294 | INFO     | ВСЕ ТЕСТЫ ЗАВЕРШЕНЫ!
2026-07-30 11:28:18,294 | INFO     | ================================================================================
