2026-07-30 17:18:02,696 | INFO     | Запуск пайплайна отбора признаков
2026-07-30 17:18:02,696 | INFO     | 
Загрузка путей из pipeline_conf.yaml
2026-07-30 17:18:02,705 | INFO     | Найдено 4 датасетов: ['PD', 'SA_ERKC', 'TD', 'SA_SMA']
2026-07-30 17:18:36,848 | INFO     | Spark сессия запущена! Время: 34.14 сек
2026-07-30 17:18:36,850 | INFO     | 
PD: пропущено (disabled in config)
2026-07-30 17:18:36,850 | INFO     | 
SA_ERKC: пропущено (disabled in config)
2026-07-30 17:18:36,850 | INFO     | 
Загрузка данных: /user/team/team_ai_avatar/ds/rusakov/feature_selection_benchmark/benchmark_datasets/product_name=tdbase_response/split_type=train
2026-07-30 17:18:57,141 | INFO     |   Загружено 6,417,688 строк и 2502 колонок
2026-07-30 17:18:57,144 | INFO     |   Target column: target_attr_1
2026-07-30 17:18:57,144 | INFO     |   Exclude columns (11): ['dmik_kids_small_flg', 'report_month', 'target_attr_1', 'bki_all_feats_count_mon_between_reports_okb', 'dmik_tag_kids_flg', 'epk_id', 'bki_all_feats_count_mon_between_reports_equ', 'dmik_tag_video_content_flg', 'target_attr_2', 'dmik_kids_school_flg', 'target_attr_3']
2026-07-30 17:18:57,146 | INFO     |   Загрузка колонок для дропа из results/sequential/TD/constant_0.95_cols.txt
2026-07-30 17:18:57,149 | INFO     |   Найдено 673 колонок для дропа
2026-07-30 17:18:57,149 | INFO     |   dropped_cols (first 20): ['dmik_ubrr_out_amt', 'aggr_mnth_v2_evt_attr_552', 'bki_response_evt_attr_825', 'bki_response_evt_attr_481', 'bki_response_evt_attr_421', 'aggr_mnth_v2_evt_attr_663', 'bki_all_feats_std_issue_sber_kk_cnt_6m', 'bki_response_evt_attr_418', 'dmik_merch_gr_big_sber_ecosystem_ntrx', 'dmik_charity_text', 'dmik_merch_gr_big_ads_ntrx', 'aggr_mnth_v2_evt_attr_5', 'bki_response_evt_attr_907', 'aggr_mnth_v2_evt_attr_585', 'bki_response_evt_attr_548', 'bki_response_evt_attr_1071', 'dmik_bcs_bank_out_amt', 'bki_response_evt_attr_1006', 'bki_response_evt_attr_919', 'bki_all_feats_spike_up_debt_sber_no_ik_amt_1m']
2026-07-30 17:18:57,149 | INFO     |   После фильтрации exclude_cols: 672 колонок для дропа
2026-07-30 17:18:57,149 | INFO     |   dropped_cols after filter (first 20): ['dmik_ubrr_out_amt', 'aggr_mnth_v2_evt_attr_552', 'bki_response_evt_attr_825', 'bki_response_evt_attr_481', 'bki_response_evt_attr_421', 'aggr_mnth_v2_evt_attr_663', 'bki_all_feats_std_issue_sber_kk_cnt_6m', 'bki_response_evt_attr_418', 'dmik_merch_gr_big_sber_ecosystem_ntrx', 'dmik_charity_text', 'dmik_merch_gr_big_ads_ntrx', 'aggr_mnth_v2_evt_attr_5', 'bki_response_evt_attr_907', 'aggr_mnth_v2_evt_attr_585', 'bki_response_evt_attr_548', 'bki_response_evt_attr_1071', 'dmik_bcs_bank_out_amt', 'bki_response_evt_attr_1006', 'bki_response_evt_attr_919', 'bki_all_feats_spike_up_debt_sber_no_ik_amt_1m']
2026-07-30 17:18:59,221 | INFO     |   После дропа: 1830 колонок
2026-07-30 17:18:59,221 | INFO     |   current_df columns (first 20): ['epk_id', 'target_attr_1', 'report_month', 'target_attr_2', 'target_attr_3', 'aggr_mnth_v2_evt_attr_1010', 'aggr_mnth_v2_evt_attr_1022', 'aggr_mnth_v2_evt_attr_1027', 'aggr_mnth_v2_evt_attr_1029', 'aggr_mnth_v2_evt_attr_158', 'aggr_mnth_v2_evt_attr_161', 'aggr_mnth_v2_evt_attr_179', 'aggr_mnth_v2_evt_attr_180', 'aggr_mnth_v2_evt_attr_188', 'aggr_mnth_v2_evt_attr_198', 'aggr_mnth_v2_evt_attr_213', 'aggr_mnth_v2_evt_attr_217', 'aggr_mnth_v2_evt_attr_223', 'aggr_mnth_v2_evt_attr_228', 'aggr_mnth_v2_evt_attr_23']
2026-07-30 17:18:59,221 | INFO     | 
================================================================================
2026-07-30 17:18:59,221 | INFO     | ПИПЛИН ОТБОРА: TD
2026-07-30 17:18:59,221 | INFO     | ================================================================================
2026-07-30 17:19:05,725 | INFO     |   [run_pipeline] START - df: 1830 cols, 6,417,688 rows
2026-07-30 17:19:05,725 | INFO     |   [run_pipeline] target_col: target_attr_1
2026-07-30 17:19:05,725 | INFO     |   [run_pipeline] exclude_cols (11): ['dmik_kids_small_flg', 'report_month', 'target_attr_1', 'bki_all_feats_count_mon_between_reports_okb', 'dmik_tag_kids_flg', 'epk_id', 'bki_all_feats_count_mon_between_reports_equ', 'dmik_tag_video_content_flg', 'target_attr_2', 'dmik_kids_school_flg']...
2026-07-30 17:19:05,725 | INFO     |   Порядок методов: [('drop_low_variance', None), ('stratified_sampling', [1000000]), ('drop_correlated', None), ('stratified_sampling', [250000]), ('lgbm_shap', None)]
2026-07-30 17:19:05,725 | INFO     | 
ГИПЕРПАРАМЕТРЫ МЕТОДОВ:
2026-07-30 17:19:05,725 | INFO     |   drop_null:
2026-07-30 17:19:05,725 | INFO     |     enabled: false
2026-07-30 17:19:05,725 | INFO     |   drop_constant:
2026-07-30 17:19:05,725 | INFO     |     enabled: true, params: [0.95], chunk_size: 1000
2026-07-30 17:19:05,725 | INFO     |   drop_low_variance:
2026-07-30 17:19:05,726 | INFO     |     enabled: true, param: 1e-5, scale_method: minmax
2026-07-30 17:19:05,726 | INFO     |   drop_correlated:
2026-07-30 17:19:05,726 | INFO     |     enabled: true, params: [0.95]
2026-07-30 17:19:05,726 | INFO     |   lgbm_shap:
2026-07-30 17:19:05,726 | INFO     |     enabled: true, params: [0.95]
2026-07-30 17:19:05,726 | INFO     | 
================================================================================
2026-07-30 17:19:05,726 | INFO     | Шаг 1: drop_low_variance
2026-07-30 17:19:05,726 | INFO     | ================================================================================
2026-07-30 17:19:05,726 | INFO     |   Гиперпараметры: min_variance=['1e-5'], scale_method=['minmax'], chunk_size=1000
2026-07-30 17:19:05,726 | INFO     |   Test drop_low_variance with min_variance=1e-05, scale=minmax, chunk_size=1000
2026-07-30 17:29:34,935 | INFO     |   Выкинуто: 1073 колонок (scale=minmax, param=1e-05) -> results/pipeline/TD/variance_1e-05_minmax_cols.txt
2026-07-30 17:29:34,937 | INFO     |   Колонок на выходе: 1429
2026-07-30 17:29:34,937 | INFO     | 
================================================================================
2026-07-30 17:29:34,937 | INFO     | Шаг 2: stratified_sampling
2026-07-30 17:29:34,937 | INFO     | ================================================================================
2026-07-30 17:29:34,937 | INFO     |   Гиперпараметры: max_rows=1000000
2026-07-30 17:29:34,937 | INFO     |   Test stratified_sampling with max_rows=1000000
2026-07-30 17:29:36,205 | INFO     |   [test_stratified_sampling] df: 1429 cols, 6,417,688 rows
2026-07-30 17:29:43,652 | INFO     |   Выкинуто: 1073 колонок -> results/pipeline/TD/stratified_1000000_cols.txt
2026-07-30 17:29:43,652 | INFO     |   Колонок на выходе: 1429
2026-07-30 17:29:43,652 | INFO     | 
================================================================================
2026-07-30 17:29:43,652 | INFO     | Шаг 3: drop_correlated
2026-07-30 17:29:43,652 | INFO     | ================================================================================
2026-07-30 17:29:43,652 | INFO     |   Гиперпараметры: corr_threshold=0.95
2026-07-30 17:29:43,652 | INFO     |   Test drop_correlated with corr_threshold=0.95
2026-07-30 17:38:22,798 | INFO     |   Выкинуто: 1499 колонок -> results/pipeline/TD/correlated_0.95_cols.txt
2026-07-30 17:38:22,799 | INFO     |   Колонок на выходе: 1003
2026-07-30 17:38:22,799 | INFO     | 
================================================================================
2026-07-30 17:38:22,799 | INFO     | Шаг 4: stratified_sampling
2026-07-30 17:38:22,799 | INFO     | ================================================================================
2026-07-30 17:38:22,799 | INFO     |   Гиперпараметры: max_rows=250000
2026-07-30 17:38:22,799 | INFO     |   Test stratified_sampling with max_rows=250000
2026-07-30 17:38:24,370 | INFO     |   [test_stratified_sampling] df: 1003 cols, 1,000,670 rows
2026-07-30 17:38:24,626 | ERROR    |   ОШИБКА: [UNRESOLVED_COLUMN.WITH_SUGGESTION] A column or function parameter with name `target_attr_1` cannot be resolved. Did you mean one of the following? [`bucket_num`, `dmik_age`, `month_part`, `dmik_ca_flg`, `dmik_trsfs`].;
'Project [aggr_mnth_v2_evt_attr_1010#7L, aggr_mnth_v2_evt_attr_1022#8L, aggr_mnth_v2_evt_attr_1027#9L, aggr_mnth_v2_evt_attr_1029#10L, aggr_mnth_v2_evt_attr_158#13L, aggr_mnth_v2_evt_attr_161#14L, aggr_mnth_v2_evt_attr_179#15L, aggr_mnth_v2_evt_attr_180#16L, aggr_mnth_v2_evt_attr_188#17L, aggr_mnth_v2_evt_attr_198#18L, aggr_mnth_v2_evt_attr_213#19L, aggr_mnth_v2_evt_attr_217#20L, aggr_mnth_v2_evt_attr_223#21L, aggr_mnth_v2_evt_attr_228#22L, aggr_mnth_v2_evt_attr_23#23L, aggr_mnth_v2_evt_attr_274#25L, aggr_mnth_v2_evt_attr_294#26L, aggr_mnth_v2_evt_attr_296#27L, aggr_mnth_v2_evt_attr_306#28L, aggr_mnth_v2_evt_attr_314#29L, aggr_mnth_v2_evt_attr_320#30L, aggr_mnth_v2_evt_attr_358#32L, aggr_mnth_v2_evt_attr_37#33L, aggr_mnth_v2_evt_attr_402#36L, ... 980 more fields]
+- Project [aggr_mnth_v2_evt_attr_1010#7L, aggr_mnth_v2_evt_attr_1022#8L, aggr_mnth_v2_evt_attr_1027#9L, aggr_mnth_v2_evt_attr_1029#10L, aggr_mnth_v2_evt_attr_158#13L, aggr_mnth_v2_evt_attr_161#14L, aggr_mnth_v2_evt_attr_179#15L, aggr_mnth_v2_evt_attr_180#16L, aggr_mnth_v2_evt_attr_188#17L, aggr_mnth_v2_evt_attr_198#18L, aggr_mnth_v2_evt_attr_213#19L, aggr_mnth_v2_evt_attr_217#20L, aggr_mnth_v2_evt_attr_223#21L, aggr_mnth_v2_evt_attr_228#22L, aggr_mnth_v2_evt_attr_23#23L, aggr_mnth_v2_evt_attr_274#25L, aggr_mnth_v2_evt_attr_294#26L, aggr_mnth_v2_evt_attr_296#27L, aggr_mnth_v2_evt_attr_306#28L, aggr_mnth_v2_evt_attr_314#29L, aggr_mnth_v2_evt_attr_320#30L, aggr_mnth_v2_evt_attr_358#32L, aggr_mnth_v2_evt_attr_37#33L, aggr_mnth_v2_evt_attr_402#36L, ... 979 more fields]
   +- Project [epk_id#0L, target_attr_1#1L, report_month#2, target_attr_2#3, target_attr_3#4, aggr_mnth_v2_evt_attr_1010#7L, aggr_mnth_v2_evt_attr_1022#8L, aggr_mnth_v2_evt_attr_1027#9L, aggr_mnth_v2_evt_attr_1029#10L, aggr_mnth_v2_evt_attr_158#13L, aggr_mnth_v2_evt_attr_161#14L, aggr_mnth_v2_evt_attr_179#15L, aggr_mnth_v2_evt_attr_180#16L, aggr_mnth_v2_evt_attr_188#17L, aggr_mnth_v2_evt_attr_198#18L, aggr_mnth_v2_evt_attr_213#19L, aggr_mnth_v2_evt_attr_217#20L, aggr_mnth_v2_evt_attr_223#21L, aggr_mnth_v2_evt_attr_228#22L, aggr_mnth_v2_evt_attr_23#23L, aggr_mnth_v2_evt_attr_274#25L, aggr_mnth_v2_evt_attr_294#26L, aggr_mnth_v2_evt_attr_296#27L, aggr_mnth_v2_evt_attr_306#28L, ... 1405 more fields]
      +- Filter UDF(_strat_col#146778, rand(42))
         +- Project [epk_id#0L, target_attr_1#1L, report_month#2, target_attr_2#3, target_attr_3#4, aggr_mnth_v2_evt_attr_1010#7L, aggr_mnth_v2_evt_attr_1022#8L, aggr_mnth_v2_evt_attr_1027#9L, aggr_mnth_v2_evt_attr_1029#10L, aggr_mnth_v2_evt_attr_158#13L, aggr_mnth_v2_evt_attr_161#14L, aggr_mnth_v2_evt_attr_179#15L, aggr_mnth_v2_evt_attr_180#16L, aggr_mnth_v2_evt_attr_188#17L, aggr_mnth_v2_evt_attr_198#18L, aggr_mnth_v2_evt_attr_213#19L, aggr_mnth_v2_evt_attr_217#20L, aggr_mnth_v2_evt_attr_223#21L, aggr_mnth_v2_evt_attr_228#22L, aggr_mnth_v2_evt_attr_23#23L, aggr_mnth_v2_evt_attr_274#25L, aggr_mnth_v2_evt_attr_294#26L, aggr_mnth_v2_evt_attr_296#27L, aggr_mnth_v2_evt_attr_306#28L, ... 1406 more fields]
            +- Project [epk_id#0L, target_attr_1#1L, report_month#2, target_attr_2#3, target_attr_3#4, aggr_mnth_v2_evt_attr_1010#7L, aggr_mnth_v2_evt_attr_1022#8L, aggr_mnth_v2_evt_attr_1027#9L, aggr_mnth_v2_evt_attr_1029#10L, aggr_mnth_v2_evt_attr_158#13L, aggr_mnth_v2_evt_attr_161#14L, aggr_mnth_v2_evt_attr_179#15L, aggr_mnth_v2_evt_attr_180#16L, aggr_mnth_v2_evt_attr_188#17L, aggr_mnth_v2_evt_attr_198#18L, aggr_mnth_v2_evt_attr_213#19L, aggr_mnth_v2_evt_attr_217#20L, aggr_mnth_v2_evt_attr_223#21L, aggr_mnth_v2_evt_attr_228#22L, aggr_mnth_v2_evt_attr_23#23L, aggr_mnth_v2_evt_attr_274#25L, aggr_mnth_v2_evt_attr_294#26L, aggr_mnth_v2_evt_attr_296#27L, aggr_mnth_v2_evt_attr_306#28L, ... 1405 more fields]
               +- Project [epk_id#0L, target_attr_1#1L, report_month#2, target_attr_2#3, target_attr_3#4, aggr_mnth_v2_evt_attr_1010#7L, aggr_mnth_v2_evt_attr_1022#8L, aggr_mnth_v2_evt_attr_1027#9L, aggr_mnth_v2_evt_attr_1029#10L, aggr_mnth_v2_evt_attr_158#13L, aggr_mnth_v2_evt_attr_161#14L, aggr_mnth_v2_evt_attr_179#15L, aggr_mnth_v2_evt_attr_180#16L, aggr_mnth_v2_evt_attr_188#17L, aggr_mnth_v2_evt_attr_198#18L, aggr_mnth_v2_evt_attr_213#19L, aggr_mnth_v2_evt_attr_217#20L, aggr_mnth_v2_evt_attr_223#21L, aggr_mnth_v2_evt_attr_228#22L, aggr_mnth_v2_evt_attr_23#23L, aggr_mnth_v2_evt_attr_274#25L, aggr_mnth_v2_evt_attr_294#26L, aggr_mnth_v2_evt_attr_296#27L, aggr_mnth_v2_evt_attr_306#28L, ... 1806 more fields]
                  +- Relation [epk_id#0L,target_attr_1#1L,report_month#2,target_attr_2#3,target_attr_3#4,aggr_mnth_v2_evt_attr_1006#5L,aggr_mnth_v2_evt_attr_1007#6L,aggr_mnth_v2_evt_attr_1010#7L,aggr_mnth_v2_evt_attr_1022#8L,aggr_mnth_v2_evt_attr_1027#9L,aggr_mnth_v2_evt_attr_1029#10L,aggr_mnth_v2_evt_attr_152#11L,aggr_mnth_v2_evt_attr_153#12L,aggr_mnth_v2_evt_attr_158#13L,aggr_mnth_v2_evt_attr_161#14L,aggr_mnth_v2_evt_attr_179#15L,aggr_mnth_v2_evt_attr_180#16L,aggr_mnth_v2_evt_attr_188#17L,aggr_mnth_v2_evt_attr_198#18L,aggr_mnth_v2_evt_attr_213#19L,aggr_mnth_v2_evt_attr_217#20L,aggr_mnth_v2_evt_attr_223#21L,aggr_mnth_v2_evt_attr_228#22L,aggr_mnth_v2_evt_attr_23#23L,... 2478 more fields] parquet

2026-07-30 17:38:24,627 | ERROR    | Детали ошибки:
Traceback (most recent call last):
  File "/home/datalab/nfs/bogachev/fmlib-feature-selection/dev/bogachev/pipeline.py", line 656, in main
    final_df = run_pipeline(current_df, original_df, dataset_name, PIPELINE_DIR, config, logger, target_col, exclude_cols)
               ^^^^^^^^^^^^^^^^^^^^^^^^^^^^^^^^^^^^^^^^^^^^^^^^^^^^^^^^^^^^^^^^^^^^^^^^^^^^^^^^^^^^^^^^^^^^^^^^^^^^^^^^^^^
  File "/home/datalab/nfs/bogachev/fmlib-feature-selection/dev/bogachev/pipeline.py", line 418, in run_pipeline
    result_df = test_stratified_sampling(current_df, target_col, exclude_cols, max_rows, dataset_name, logger)
                ^^^^^^^^^^^^^^^^^^^^^^^^^^^^^^^^^^^^^^^^^^^^^^^^^^^^^^^^^^^^^^^^^^^^^^^^^^^^^^^^^^^^^^^^^^^^^^
  File "/home/datalab/nfs/bogachev/fmlib-feature-selection/dev/bogachev/pipeline.py", line 291, in test_stratified_sampling
    result = apply_stratified_sampling(df, target_col, max_rows)
             ^^^^^^^^^^^^^^^^^^^^^^^^^^^^^^^^^^^^^^^^^^^^^^^^^^^
  File "/home/datalab/nfs/bogachev/fmlib-feature-selection/dev/bogachev/methods/shap_lgbm_spark.py", line 33, in apply_stratified_sampling
    data_df = df.withColumn('_strat_col', F.col(target_col).cast('string'))
              ^^^^^^^^^^^^^^^^^^^^^^^^^^^^^^^^^^^^^^^^^^^^^^^^^^^^^^^^^^^^^
  File "/spark/python/pyspark/sql/dataframe.py", line 5176, in withColumn
    return DataFrame(self._jdf.withColumn(colName, col._jc), self.sparkSession)
                     ^^^^^^^^^^^^^^^^^^^^^^^^^^^^^^^^^^^^^^
  File "/spark/python/lib/py4j-0.10.9.7-src.zip/py4j/java_gateway.py", line 1322, in __call__
    return_value = get_return_value(
                   ^^^^^^^^^^^^^^^^^
  File "/spark/python/pyspark/errors/exceptions/captured.py", line 185, in deco
    raise converted from None
pyspark.errors.exceptions.captured.AnalysisException: [UNRESOLVED_COLUMN.WITH_SUGGESTION] A column or function parameter with name `target_attr_1` cannot be resolved. Did you mean one of the following? [`bucket_num`, `dmik_age`, `month_part`, `dmik_ca_flg`, `dmik_trsfs`].;
'Project [aggr_mnth_v2_evt_attr_1010#7L, aggr_mnth_v2_evt_attr_1022#8L, aggr_mnth_v2_evt_attr_1027#9L, aggr_mnth_v2_evt_attr_1029#10L, aggr_mnth_v2_evt_attr_158#13L, aggr_mnth_v2_evt_attr_161#14L, aggr_mnth_v2_evt_attr_179#15L, aggr_mnth_v2_evt_attr_180#16L, aggr_mnth_v2_evt_attr_188#17L, aggr_mnth_v2_evt_attr_198#18L, aggr_mnth_v2_evt_attr_213#19L, aggr_mnth_v2_evt_attr_217#20L, aggr_mnth_v2_evt_attr_223#21L, aggr_mnth_v2_evt_attr_228#22L, aggr_mnth_v2_evt_attr_23#23L, aggr_mnth_v2_evt_attr_274#25L, aggr_mnth_v2_evt_attr_294#26L, aggr_mnth_v2_evt_attr_296#27L, aggr_mnth_v2_evt_attr_306#28L, aggr_mnth_v2_evt_attr_314#29L, aggr_mnth_v2_evt_attr_320#30L, aggr_mnth_v2_evt_attr_358#32L, aggr_mnth_v2_evt_attr_37#33L, aggr_mnth_v2_evt_attr_402#36L, ... 980 more fields]
+- Project [aggr_mnth_v2_evt_attr_1010#7L, aggr_mnth_v2_evt_attr_1022#8L, aggr_mnth_v2_evt_attr_1027#9L, aggr_mnth_v2_evt_attr_1029#10L, aggr_mnth_v2_evt_attr_158#13L, aggr_mnth_v2_evt_attr_161#14L, aggr_mnth_v2_evt_attr_179#15L, aggr_mnth_v2_evt_attr_180#16L, aggr_mnth_v2_evt_attr_188#17L, aggr_mnth_v2_evt_attr_198#18L, aggr_mnth_v2_evt_attr_213#19L, aggr_mnth_v2_evt_attr_217#20L, aggr_mnth_v2_evt_attr_223#21L, aggr_mnth_v2_evt_attr_228#22L, aggr_mnth_v2_evt_attr_23#23L, aggr_mnth_v2_evt_attr_274#25L, aggr_mnth_v2_evt_attr_294#26L, aggr_mnth_v2_evt_attr_296#27L, aggr_mnth_v2_evt_attr_306#28L, aggr_mnth_v2_evt_attr_314#29L, aggr_mnth_v2_evt_attr_320#30L, aggr_mnth_v2_evt_attr_358#32L, aggr_mnth_v2_evt_attr_37#33L, aggr_mnth_v2_evt_attr_402#36L, ... 979 more fields]
   +- Project [epk_id#0L, target_attr_1#1L, report_month#2, target_attr_2#3, target_attr_3#4, aggr_mnth_v2_evt_attr_1010#7L, aggr_mnth_v2_evt_attr_1022#8L, aggr_mnth_v2_evt_attr_1027#9L, aggr_mnth_v2_evt_attr_1029#10L, aggr_mnth_v2_evt_attr_158#13L, aggr_mnth_v2_evt_attr_161#14L, aggr_mnth_v2_evt_attr_179#15L, aggr_mnth_v2_evt_attr_180#16L, aggr_mnth_v2_evt_attr_188#17L, aggr_mnth_v2_evt_attr_198#18L, aggr_mnth_v2_evt_attr_213#19L, aggr_mnth_v2_evt_attr_217#20L, aggr_mnth_v2_evt_attr_223#21L, aggr_mnth_v2_evt_attr_228#22L, aggr_mnth_v2_evt_attr_23#23L, aggr_mnth_v2_evt_attr_274#25L, aggr_mnth_v2_evt_attr_294#26L, aggr_mnth_v2_evt_attr_296#27L, aggr_mnth_v2_evt_attr_306#28L, ... 1405 more fields]
      +- Filter UDF(_strat_col#146778, rand(42))
         +- Project [epk_id#0L, target_attr_1#1L, report_month#2, target_attr_2#3, target_attr_3#4, aggr_mnth_v2_evt_attr_1010#7L, aggr_mnth_v2_evt_attr_1022#8L, aggr_mnth_v2_evt_attr_1027#9L, aggr_mnth_v2_evt_attr_1029#10L, aggr_mnth_v2_evt_attr_158#13L, aggr_mnth_v2_evt_attr_161#14L, aggr_mnth_v2_evt_attr_179#15L, aggr_mnth_v2_evt_attr_180#16L, aggr_mnth_v2_evt_attr_188#17L, aggr_mnth_v2_evt_attr_198#18L, aggr_mnth_v2_evt_attr_213#19L, aggr_mnth_v2_evt_attr_217#20L, aggr_mnth_v2_evt_attr_223#21L, aggr_mnth_v2_evt_attr_228#22L, aggr_mnth_v2_evt_attr_23#23L, aggr_mnth_v2_evt_attr_274#25L, aggr_mnth_v2_evt_attr_294#26L, aggr_mnth_v2_evt_attr_296#27L, aggr_mnth_v2_evt_attr_306#28L, ... 1406 more fields]
            +- Project [epk_id#0L, target_attr_1#1L, report_month#2, target_attr_2#3, target_attr_3#4, aggr_mnth_v2_evt_attr_1010#7L, aggr_mnth_v2_evt_attr_1022#8L, aggr_mnth_v2_evt_attr_1027#9L, aggr_mnth_v2_evt_attr_1029#10L, aggr_mnth_v2_evt_attr_158#13L, aggr_mnth_v2_evt_attr_161#14L, aggr_mnth_v2_evt_attr_179#15L, aggr_mnth_v2_evt_attr_180#16L, aggr_mnth_v2_evt_attr_188#17L, aggr_mnth_v2_evt_attr_198#18L, aggr_mnth_v2_evt_attr_213#19L, aggr_mnth_v2_evt_attr_217#20L, aggr_mnth_v2_evt_attr_223#21L, aggr_mnth_v2_evt_attr_228#22L, aggr_mnth_v2_evt_attr_23#23L, aggr_mnth_v2_evt_attr_274#25L, aggr_mnth_v2_evt_attr_294#26L, aggr_mnth_v2_evt_attr_296#27L, aggr_mnth_v2_evt_attr_306#28L, ... 1405 more fields]
               +- Project [epk_id#0L, target_attr_1#1L, report_month#2, target_attr_2#3, target_attr_3#4, aggr_mnth_v2_evt_attr_1010#7L, aggr_mnth_v2_evt_attr_1022#8L, aggr_mnth_v2_evt_attr_1027#9L, aggr_mnth_v2_evt_attr_1029#10L, aggr_mnth_v2_evt_attr_158#13L, aggr_mnth_v2_evt_attr_161#14L, aggr_mnth_v2_evt_attr_179#15L, aggr_mnth_v2_evt_attr_180#16L, aggr_mnth_v2_evt_attr_188#17L, aggr_mnth_v2_evt_attr_198#18L, aggr_mnth_v2_evt_attr_213#19L, aggr_mnth_v2_evt_attr_217#20L, aggr_mnth_v2_evt_attr_223#21L, aggr_mnth_v2_evt_attr_228#22L, aggr_mnth_v2_evt_attr_23#23L, aggr_mnth_v2_evt_attr_274#25L, aggr_mnth_v2_evt_attr_294#26L, aggr_mnth_v2_evt_attr_296#27L, aggr_mnth_v2_evt_attr_306#28L, ... 1806 more fields]
                  +- Relation [epk_id#0L,target_attr_1#1L,report_month#2,target_attr_2#3,target_attr_3#4,aggr_mnth_v2_evt_attr_1006#5L,aggr_mnth_v2_evt_attr_1007#6L,aggr_mnth_v2_evt_attr_1010#7L,aggr_mnth_v2_evt_attr_1022#8L,aggr_mnth_v2_evt_attr_1027#9L,aggr_mnth_v2_evt_attr_1029#10L,aggr_mnth_v2_evt_attr_152#11L,aggr_mnth_v2_evt_attr_153#12L,aggr_mnth_v2_evt_attr_158#13L,aggr_mnth_v2_evt_attr_161#14L,aggr_mnth_v2_evt_attr_179#15L,aggr_mnth_v2_evt_attr_180#16L,aggr_mnth_v2_evt_attr_188#17L,aggr_mnth_v2_evt_attr_198#18L,aggr_mnth_v2_evt_attr_213#19L,aggr_mnth_v2_evt_attr_217#20L,aggr_mnth_v2_evt_attr_223#21L,aggr_mnth_v2_evt_attr_228#22L,aggr_mnth_v2_evt_attr_23#23L,... 2478 more fields] parquet

2026-07-30 17:38:24,632 | INFO     | 
Загрузка данных: /user/team/team_ai_avatar/ds/zaripov/feature_selection_benchmark/product_name=sa_response_sms
2026-07-30 17:38:27,398 | INFO     |   Загружено 25,852,832 строк и 2503 колонок
2026-07-30 17:38:27,400 | INFO     |   Target column: target_attr_1
2026-07-30 17:38:27,401 | INFO     |   Exclude columns (12): ['dmik_kids_small_flg', 'report_month', 'target_attr_1', 'bki_all_feats_count_mon_between_reports_okb', 'dmik_tag_kids_flg', 'epk_id', 'split_type', 'bki_all_feats_count_mon_between_reports_equ', 'dmik_tag_video_content_flg', 'target_attr_2', 'dmik_kids_school_flg', 'target_attr_3']
2026-07-30 17:38:27,403 | INFO     |   Загрузка колонок для дропа из ~/nfs/bogachev/fmlib-feature-selection/dev/bogachev/results/sequential/SA_SMA/null_0.95_cols.txt
2026-07-30 17:38:27,405 | INFO     |   Найдено 160 колонок для дропа
2026-07-30 17:38:27,405 | INFO     |   dropped_cols (first 20): ['aggr_mnth_v2_evt_attr_895', 'bki_response_evt_attr_674', 'bki_response_evt_attr_1052', 'aggr_mnth_v2_evt_attr_663', 'aggr_mnth_v2_evt_attr_837', 'aggr_mnth_v2_evt_attr_918', 'bki_response_evt_attr_907', 'bki_response_evt_attr_1068', 'bki_response_evt_attr_1066', 'bki_response_evt_attr_548', 'aggr_mnth_v2_evt_attr_862', 'bki_response_evt_attr_1071', 'bki_response_evt_attr_941', 'aggr_mnth_v2_evt_attr_94', 'bki_response_evt_attr_1072', 'aggr_mnth_v2_evt_attr_693', 'aggr_mnth_v2_evt_attr_528', 'bki_response_evt_attr_965', 'bki_response_evt_attr_689', 'aggr_mnth_v2_evt_attr_117']
2026-07-30 17:38:27,405 | INFO     |   После фильтрации exclude_cols: 160 колонок для дропа
2026-07-30 17:38:27,405 | INFO     |   dropped_cols after filter (first 20): ['aggr_mnth_v2_evt_attr_895', 'bki_response_evt_attr_674', 'bki_response_evt_attr_1052', 'aggr_mnth_v2_evt_attr_663', 'aggr_mnth_v2_evt_attr_837', 'aggr_mnth_v2_evt_attr_918', 'bki_response_evt_attr_907', 'bki_response_evt_attr_1068', 'bki_response_evt_attr_1066', 'bki_response_evt_attr_548', 'aggr_mnth_v2_evt_attr_862', 'bki_response_evt_attr_1071', 'bki_response_evt_attr_941', 'aggr_mnth_v2_evt_attr_94', 'bki_response_evt_attr_1072', 'aggr_mnth_v2_evt_attr_693', 'aggr_mnth_v2_evt_attr_528', 'bki_response_evt_attr_965', 'bki_response_evt_attr_689', 'aggr_mnth_v2_evt_attr_117']
2026-07-30 17:38:29,976 | INFO     |   После дропа: 2343 колонок
2026-07-30 17:38:29,977 | INFO     |   current_df columns (first 20): ['epk_id', 'target_attr_1', 'report_month', 'target_attr_2', 'target_attr_3', 'aggr_mnth_v2_evt_attr_1006', 'aggr_mnth_v2_evt_attr_1007', 'aggr_mnth_v2_evt_attr_1010', 'aggr_mnth_v2_evt_attr_1022', 'aggr_mnth_v2_evt_attr_1027', 'aggr_mnth_v2_evt_attr_1029', 'aggr_mnth_v2_evt_attr_152', 'aggr_mnth_v2_evt_attr_153', 'aggr_mnth_v2_evt_attr_158', 'aggr_mnth_v2_evt_attr_161', 'aggr_mnth_v2_evt_attr_179', 'aggr_mnth_v2_evt_attr_180', 'aggr_mnth_v2_evt_attr_188', 'aggr_mnth_v2_evt_attr_198', 'aggr_mnth_v2_evt_attr_213']
2026-07-30 17:38:29,977 | INFO     | 
================================================================================
2026-07-30 17:38:29,977 | INFO     | ПИПЛИН ОТБОРА: SA_SMA
2026-07-30 17:38:29,977 | INFO     | ================================================================================
2026-07-30 17:38:32,174 | INFO     |   [run_pipeline] START - df: 2343 cols, 25,852,832 rows
2026-07-30 17:38:32,174 | INFO     |   [run_pipeline] target_col: target_attr_1
2026-07-30 17:38:32,174 | INFO     |   [run_pipeline] exclude_cols (12): ['dmik_kids_small_flg', 'report_month', 'target_attr_1', 'bki_all_feats_count_mon_between_reports_okb', 'dmik_tag_kids_flg', 'epk_id', 'split_type', 'bki_all_feats_count_mon_between_reports_equ', 'dmik_tag_video_content_flg', 'target_attr_2']...
2026-07-30 17:38:32,174 | INFO     |   Порядок методов: [('drop_constant', None), ('drop_low_variance', None), ('stratified_sampling', [1000000]), ('drop_correlated', None), ('stratified_sampling', [250000]), ('lgbm_shap', None)]
2026-07-30 17:38:32,174 | INFO     | 
ГИПЕРПАРАМЕТРЫ МЕТОДОВ:
2026-07-30 17:38:32,174 | INFO     |   drop_null:
2026-07-30 17:38:32,174 | INFO     |     enabled: false
2026-07-30 17:38:32,174 | INFO     |   drop_constant:
2026-07-30 17:38:32,174 | INFO     |     enabled: true, params: [0.95], chunk_size: 200
2026-07-30 17:38:32,174 | INFO     |   drop_low_variance:
2026-07-30 17:38:32,174 | INFO     |     enabled: true, param: 1e-5, scale_method: minmax
2026-07-30 17:38:32,175 | INFO     |   drop_correlated:
2026-07-30 17:38:32,175 | INFO     |     enabled: true, params: [0.95]
2026-07-30 17:38:32,175 | INFO     |   lgbm_shap:
2026-07-30 17:38:32,175 | INFO     |     enabled: true, params: [0.95]
2026-07-30 17:38:32,175 | INFO     | 
================================================================================
2026-07-30 17:38:32,175 | INFO     | Шаг 1: drop_constant
2026-07-30 17:38:32,175 | INFO     | ================================================================================
2026-07-30 17:38:32,175 | INFO     |   Гиперпараметры: tol=0.95, chunk_size=200
2026-07-30 17:38:32,175 | INFO     |   Test drop_constant with tol=0.95, chunk_size=200
2026-07-30 17:50:36,708 | ERROR    |   ОШИБКА: An error occurred while calling o25681.collectToPython
2026-07-30 17:50:36,709 | ERROR    | Детали ошибки:
Traceback (most recent call last):
  File "/home/datalab/nfs/bogachev/fmlib-feature-selection/dev/bogachev/pipeline.py", line 656, in main
    final_df = run_pipeline(current_df, original_df, dataset_name, PIPELINE_DIR, config, logger, target_col, exclude_cols)
               ^^^^^^^^^^^^^^^^^^^^^^^^^^^^^^^^^^^^^^^^^^^^^^^^^^^^^^^^^^^^^^^^^^^^^^^^^^^^^^^^^^^^^^^^^^^^^^^^^^^^^^^^^^^
  File "/home/datalab/nfs/bogachev/fmlib-feature-selection/dev/bogachev/pipeline.py", line 435, in run_pipeline
    result_df = test_drop_constant(current_df, target_col, exclude_cols, param, chunk_size, dataset_name, logger)
                ^^^^^^^^^^^^^^^^^^^^^^^^^^^^^^^^^^^^^^^^^^^^^^^^^^^^^^^^^^^^^^^^^^^^^^^^^^^^^^^^^^^^^^^^^^^^^^^^^
  File "/home/datalab/nfs/bogachev/fmlib-feature-selection/dev/bogachev/pipeline.py", line 215, in test_drop_constant
    result = drop_constant_features(df, tol=tol, exclude_cols=exclude_cols, chunk_size=chunk_size)
             ^^^^^^^^^^^^^^^^^^^^^^^^^^^^^^^^^^^^^^^^^^^^^^^^^^^^^^^^^^^^^^^^^^^^^^^^^^^^^^^^^^^^^
  File "/home/datalab/nfs/bogachev/fmlib-feature-selection/dev/bogachev/methods/DropConstFeature.py", line 49, in drop_constant_features
    modes_row = df.agg(*mode_exprs).first()
                ^^^^^^^^^^^^^^^^^^^^^^^^^^^
  File "/spark/python/pyspark/sql/dataframe.py", line 2997, in first
    return self.head()
           ^^^^^^^^^^^
  File "/spark/python/pyspark/sql/dataframe.py", line 2973, in head
    rs = self.head(1)
         ^^^^^^^^^^^^
  File "/spark/python/pyspark/sql/dataframe.py", line 2975, in head
    return self.take(n)
           ^^^^^^^^^^^^
  File "/spark/python/pyspark/sql/dataframe.py", line 1407, in take
    return self.limit(num).collect()
           ^^^^^^^^^^^^^^^^^^^^^^^^^
  File "/spark/python/pyspark/sql/dataframe.py", line 1263, in collect
    sock_info = self._jdf.collectToPython()
                ^^^^^^^^^^^^^^^^^^^^^^^^^^^
  File "/spark/python/lib/py4j-0.10.9.7-src.zip/py4j/java_gateway.py", line 1322, in __call__
    return_value = get_return_value(
                   ^^^^^^^^^^^^^^^^^
  File "/spark/python/pyspark/errors/exceptions/captured.py", line 179, in deco
    return f(*a, **kw)
           ^^^^^^^^^^^
  File "/spark/python/lib/py4j-0.10.9.7-src.zip/py4j/protocol.py", line 334, in get_return_value
    raise Py4JError(
py4j.protocol.Py4JError: An error occurred while calling o25681.collectToPython
2026-07-30 17:50:36,710 | INFO     | 
================================================================================
2026-07-30 17:50:36,710 | INFO     | ВСЕ ТЕСТЫ ЗАВЕРШЕНЫ!
2026-07-30 17:50:36,710 | INFO     | ================================================================================
