2026-07-31 12:22:43,408 | INFO     | Запуск пайплайна отбора признаков
2026-07-31 12:22:43,408 | INFO     | 
Загрузка путей из pipeline_conf.yaml
2026-07-31 12:22:43,418 | INFO     | Найдено 4 датасетов: ['PD', 'SA_ERKC', 'TD', 'SA_SMA']
2026-07-31 12:23:19,844 | INFO     | Spark сессия запущена! Время: 36.43 сек
2026-07-31 12:23:19,846 | INFO     | 
PD: пропущено (disabled in config)
2026-07-31 12:23:19,846 | INFO     | 
SA_ERKC: пропущено (disabled in config)
2026-07-31 12:23:19,846 | INFO     | 
TD: пропущено (disabled in config)
2026-07-31 12:23:19,846 | INFO     | 
Загрузка данных: /user/team/team_ai_avatar/ds/zaripov/feature_selection_benchmark/product_name=sa_response_sms
2026-07-31 12:23:24,578 | ERROR    |   ОШИБКА: An error occurred while calling o125.parquet
2026-07-31 12:23:24,578 | ERROR    | Детали ошибки:
Traceback (most recent call last):
  File "/home/datalab/nfs/bogachev/fmlib-feature-selection/dev/bogachev/pipeline.py", line 665, in main
    original_df = spark.read.parquet(train_path)
                  ^^^^^^^^^^^^^^^^^^^^^^^^^^^^^^
  File "/spark/python/pyspark/sql/readwriter.py", line 544, in parquet
    return self._df(self._jreader.parquet(_to_seq(self._spark._sc, paths)))
                    ^^^^^^^^^^^^^^^^^^^^^^^^^^^^^^^^^^^^^^^^^^^^^^^^^^^^^^
  File "/spark/python/lib/py4j-0.10.9.7-src.zip/py4j/java_gateway.py", line 1322, in __call__
    return_value = get_return_value(
                   ^^^^^^^^^^^^^^^^^
  File "/spark/python/pyspark/errors/exceptions/captured.py", line 179, in deco
    return f(*a, **kw)
           ^^^^^^^^^^^
  File "/spark/python/lib/py4j-0.10.9.7-src.zip/py4j/protocol.py", line 334, in get_return_value
    raise Py4JError(
py4j.protocol.Py4JError: An error occurred while calling o125.parquet
2026-07-31 12:23:24,579 | INFO     | 
================================================================================
2026-07-31 12:23:24,579 | INFO     | ВСЕ ТЕСТЫ ЗАВЕРШЕНЫ!
2026-07-31 12:23:24,579 | INFO     | ================================================================================
