2026-07-30 14:47:05,247 | INFO     | Запуск пайплайна отбора признаков
2026-07-30 14:47:05,248 | INFO     | 
Загрузка путей из pipeline_conf.yaml
2026-07-30 14:47:05,256 | INFO     | Найдено 4 датасетов: ['PD', 'SA_ERKC', 'TD', 'SA_SMA']
2026-07-30 14:47:41,690 | INFO     | Spark сессия запущена! Время: 36.43 сек
2026-07-30 14:47:41,691 | INFO     | 
Загрузка данных: /user/team/team_ai_avatar/ds/rusakov/feature_selection_benchmark/benchmark_datasets/product_name=pd_cc/split_type=train
2026-07-30 14:48:55,560 | INFO     |   Загружено 2,817,137 строк и 2502 колонок
2026-07-30 14:48:55,563 | INFO     |   Target column: target_attr_1
2026-07-30 14:48:55,564 | INFO     |   Exclude columns (11): ['report_month', 'bki_all_feats_count_mon_between_reports_okb', 'epk_id', 'bki_all_feats_count_mon_between_reports_equ', 'target_attr_1', 'dmik_tag_kids_flg', 'dmik_kids_small_flg', 'dmik_kids_school_flg', 'target_attr_3', 'dmik_tag_video_content_flg', 'target_attr_2']
2026-07-30 14:48:55,566 | INFO     |   Загрузка колонок для дропа из ~/nfs/bogachev/fmlib-feature-selection/dev/bogachev/results/pipeline/PD/correlated_0.95_cols.txt
2026-07-30 14:48:55,569 | INFO     |   Найдено 1441 колонок для дропа
2026-07-30 14:48:55,569 | INFO     |   dropped_cols (first 20): ['bki_response_evt_attr_1015', 'bki_response_evt_attr_791', 'bki_response_evt_attr_436', 'target_attr_2', 'aggr_mnth_v2_evt_attr_860', 'bki_response_evt_attr_837', 'bki_all_feats_avg_debt_sber_kk_amt_3m', 'bki_all_feats_max_cust_pti_norm_amt_3m', 'bki_response_evt_attr_815', 'aggr_mnth_v2_evt_attr_94', 'bki_all_feats_ratio_cust_pti_to_debt_load_v1_norm', 'dmik_rostelecom_ntrx', 'aggr_mnth_v2_evt_attr_590', 'dmik_merch_gr_medium_flowers_ntrx', 'aggr_mnth_v2_evt_attr_140', 'bki_response_evt_attr_565', 'bki_response_evt_attr_960', 'bki_response_evt_attr_319', 'dmik_merch_Ivi_flag', 'dmik_merch_gr_medium_beauty_ntrx']
2026-07-30 14:48:55,569 | INFO     |   После фильтрации exclude_cols: 1430 колонок для дропа
2026-07-30 14:48:55,569 | INFO     |   dropped_cols after filter (first 20): ['bki_response_evt_attr_1015', 'bki_response_evt_attr_791', 'bki_response_evt_attr_436', 'aggr_mnth_v2_evt_attr_860', 'bki_response_evt_attr_837', 'bki_all_feats_avg_debt_sber_kk_amt_3m', 'bki_all_feats_max_cust_pti_norm_amt_3m', 'bki_response_evt_attr_815', 'aggr_mnth_v2_evt_attr_94', 'bki_all_feats_ratio_cust_pti_to_debt_load_v1_norm', 'dmik_rostelecom_ntrx', 'aggr_mnth_v2_evt_attr_590', 'dmik_merch_gr_medium_flowers_ntrx', 'aggr_mnth_v2_evt_attr_140', 'bki_response_evt_attr_565', 'bki_response_evt_attr_960', 'bki_response_evt_attr_319', 'dmik_merch_Ivi_flag', 'dmik_merch_gr_medium_beauty_ntrx', 'bki_all_feats_min_debt_ik_amt_3m']
2026-07-30 14:48:57,023 | INFO     |   После дропа: 1072 колонок
2026-07-30 14:48:57,023 | INFO     |   current_df columns (first 20): ['epk_id', 'target_attr_1', 'report_month', 'target_attr_2', 'target_attr_3', 'aggr_mnth_v2_evt_attr_1006', 'aggr_mnth_v2_evt_attr_1010', 'aggr_mnth_v2_evt_attr_1022', 'aggr_mnth_v2_evt_attr_1027', 'aggr_mnth_v2_evt_attr_1029', 'aggr_mnth_v2_evt_attr_158', 'aggr_mnth_v2_evt_attr_161', 'aggr_mnth_v2_evt_attr_179', 'aggr_mnth_v2_evt_attr_180', 'aggr_mnth_v2_evt_attr_188', 'aggr_mnth_v2_evt_attr_198', 'aggr_mnth_v2_evt_attr_213', 'aggr_mnth_v2_evt_attr_217', 'aggr_mnth_v2_evt_attr_223', 'aggr_mnth_v2_evt_attr_228']
2026-07-30 14:48:57,024 | INFO     | 
================================================================================
2026-07-30 14:48:57,024 | INFO     | ПИПЛИН ОТБОРА: PD
2026-07-30 14:48:57,024 | INFO     | ================================================================================
2026-07-30 14:49:18,643 | INFO     |   [run_pipeline] START - df: 1072 cols, 2,817,137 rows
2026-07-30 14:49:18,643 | INFO     |   [run_pipeline] target_col: target_attr_1
2026-07-30 14:49:18,644 | INFO     |   [run_pipeline] exclude_cols (11): ['report_month', 'bki_all_feats_count_mon_between_reports_okb', 'epk_id', 'bki_all_feats_count_mon_between_reports_equ', 'target_attr_1', 'dmik_tag_kids_flg', 'dmik_kids_small_flg', 'dmik_kids_school_flg', 'target_attr_3', 'dmik_tag_video_content_flg']...
2026-07-30 14:49:18,644 | INFO     |   Порядок методов: ['lgbm_shap']
2026-07-30 14:49:18,644 | INFO     | 
ГИПЕРПАРАМЕТРЫ МЕТОДОВ:
2026-07-30 14:49:18,644 | INFO     |   drop_null:
2026-07-30 14:49:18,644 | INFO     |     enabled: false
2026-07-30 14:49:18,644 | INFO     |   drop_constant:
2026-07-30 14:49:18,644 | INFO     |     enabled: true, params: [0.95], chunk_size: 1000
2026-07-30 14:49:18,644 | INFO     |   drop_low_variance:
2026-07-30 14:49:18,644 | INFO     |     enabled: true, param: 1e-5, scale_method: minmax
2026-07-30 14:49:18,644 | INFO     |   drop_correlated:
2026-07-30 14:49:18,644 | INFO     |     enabled: true, params: [0.95]
2026-07-30 14:49:18,644 | INFO     |   lgbm_shap:
2026-07-30 14:49:18,644 | INFO     |     enabled: true, params: [0.95]
2026-07-30 14:49:18,644 | INFO     | 
================================================================================
2026-07-30 14:49:18,644 | INFO     | Шаг 1: lgbm_shap
2026-07-30 14:49:18,644 | INFO     | ================================================================================
2026-07-30 14:49:18,644 | INFO     |   Гиперпараметры: threshold=0.95
2026-07-30 14:49:18,644 | INFO     |   Test lgbm_shap with threshold=0.95
2026-07-30 14:49:20,950 | INFO     |   [test_drop_lgbm_shap] df: 1072 cols, 2,817,137 rows
2026-07-30 14:49:20,950 | INFO     |   [test_drop_lgbm_shap] target_col: target_attr_1
2026-07-30 14:49:20,950 | INFO     |   [test_drop_lgbm_shap] exclude_cols (11): ['report_month', 'bki_all_feats_count_mon_between_reports_okb', 'epk_id', 'bki_all_feats_count_mon_between_reports_equ', 'target_attr_1', 'dmik_tag_kids_flg', 'dmik_kids_small_flg', 'dmik_kids_school_flg', 'target_attr_3', 'dmik_tag_video_content_flg']...
2026-07-30 14:57:37,965 | INFO     |   Selected: 168
2026-07-30 14:57:37,965 | INFO     | 
================================================================================
2026-07-30 14:57:37,965 | INFO     | ВСЕ ШАГИ ПИПЛАЙНА ЗАВЕРШЕНЫ!
2026-07-30 14:57:37,965 | INFO     | ================================================================================
2026-07-30 14:57:37,965 | INFO     | 
Итоговое количество колонок: 1072
2026-07-30 14:57:37,965 | INFO     | 
Загрузка данных: /user/team/team_ai_avatar/ds/zaripov/feature_selection_benchmark/product_name=sa_response_erkc
2026-07-30 14:58:28,391 | INFO     |   Загружено 5,198,303 строк и 2503 колонок
2026-07-30 14:58:28,394 | INFO     |   Target column: target_attr_1
2026-07-30 14:58:28,394 | INFO     |   Exclude columns (12): ['report_month', 'bki_all_feats_count_mon_between_reports_okb', 'epk_id', 'bki_all_feats_count_mon_between_reports_equ', 'target_attr_1', 'dmik_tag_kids_flg', 'split_type', 'dmik_kids_small_flg', 'dmik_kids_school_flg', 'target_attr_3', 'dmik_tag_video_content_flg', 'target_attr_2']
2026-07-30 14:58:28,394 | INFO     |   Загрузка колонок для дропа из ~/nfs/bogachev/fmlib-feature-selection/dev/bogachev/results/pipeline/SA_ERKC/variance_1e-05_minmax_cols.txt
2026-07-30 14:58:28,397 | INFO     |   Найдено 1045 колонок для дропа
2026-07-30 14:58:28,397 | INFO     |   dropped_cols (first 20): ['bki_response_evt_attr_1015', 'bki_response_evt_attr_162', 'bki_response_evt_attr_746', 'bki_response_evt_attr_1057', 'bki_response_evt_attr_152', 'bki_response_evt_attr_196', 'aggr_mnth_v2_evt_attr_229', 'bki_all_feats_relative_delta_cust_debt_load_v1_norm_amt_1m', 'dmik_merch_gr_big_rent_transport_ntrx', 'bki_response_evt_attr_909', 'bki_response_evt_attr_791', 'bki_response_evt_attr_436', 'dmik_yandex_out_amt', 'bki_response_evt_attr_1083', 'dmik_ozon_bank_out_amt', 'dmik_merch_gr_big_sport_ntrx', 'target_attr_2', 'aggr_mnth_v2_evt_attr_860', 'bki_response_evt_attr_632', 'bki_response_evt_attr_320']
2026-07-30 14:58:28,397 | INFO     |   После фильтрации exclude_cols: 1044 колонок для дропа
2026-07-30 14:58:28,397 | INFO     |   dropped_cols after filter (first 20): ['bki_response_evt_attr_1015', 'bki_response_evt_attr_162', 'bki_response_evt_attr_746', 'bki_response_evt_attr_1057', 'bki_response_evt_attr_152', 'bki_response_evt_attr_196', 'aggr_mnth_v2_evt_attr_229', 'bki_all_feats_relative_delta_cust_debt_load_v1_norm_amt_1m', 'dmik_merch_gr_big_rent_transport_ntrx', 'bki_response_evt_attr_909', 'bki_response_evt_attr_791', 'bki_response_evt_attr_436', 'dmik_yandex_out_amt', 'bki_response_evt_attr_1083', 'dmik_ozon_bank_out_amt', 'dmik_merch_gr_big_sport_ntrx', 'aggr_mnth_v2_evt_attr_860', 'bki_response_evt_attr_632', 'bki_response_evt_attr_320', 'bki_response_evt_attr_1007']
2026-07-30 14:58:29,983 | INFO     |   После дропа: 1459 колонок
2026-07-30 14:58:29,983 | INFO     |   current_df columns (first 20): ['epk_id', 'target_attr_1', 'report_month', 'target_attr_2', 'target_attr_3', 'aggr_mnth_v2_evt_attr_1010', 'aggr_mnth_v2_evt_attr_1022', 'aggr_mnth_v2_evt_attr_1027', 'aggr_mnth_v2_evt_attr_1029', 'aggr_mnth_v2_evt_attr_158', 'aggr_mnth_v2_evt_attr_161', 'aggr_mnth_v2_evt_attr_180', 'aggr_mnth_v2_evt_attr_188', 'aggr_mnth_v2_evt_attr_198', 'aggr_mnth_v2_evt_attr_213', 'aggr_mnth_v2_evt_attr_217', 'aggr_mnth_v2_evt_attr_223', 'aggr_mnth_v2_evt_attr_228', 'aggr_mnth_v2_evt_attr_23', 'aggr_mnth_v2_evt_attr_274']
2026-07-30 14:58:29,983 | INFO     | 
================================================================================
2026-07-30 14:58:29,983 | INFO     | ПИПЛИН ОТБОРА: SA_ERKC
2026-07-30 14:58:29,983 | INFO     | ================================================================================
2026-07-30 14:58:36,081 | INFO     |   [run_pipeline] START - df: 1459 cols, 5,198,303 rows
2026-07-30 14:58:36,081 | INFO     |   [run_pipeline] target_col: target_attr_1
2026-07-30 14:58:36,081 | INFO     |   [run_pipeline] exclude_cols (12): ['report_month', 'bki_all_feats_count_mon_between_reports_okb', 'epk_id', 'bki_all_feats_count_mon_between_reports_equ', 'target_attr_1', 'dmik_tag_kids_flg', 'split_type', 'dmik_kids_small_flg', 'dmik_kids_school_flg', 'target_attr_3']...
2026-07-30 14:58:36,081 | INFO     |   Порядок методов: ['lgbm_shap']
2026-07-30 14:58:36,081 | INFO     | 
ГИПЕРПАРАМЕТРЫ МЕТОДОВ:
2026-07-30 14:58:36,081 | INFO     |   drop_null:
2026-07-30 14:58:36,081 | INFO     |     enabled: false
2026-07-30 14:58:36,081 | INFO     |   drop_constant:
2026-07-30 14:58:36,081 | INFO     |     enabled: true, params: [0.95], chunk_size: 1000
2026-07-30 14:58:36,081 | INFO     |   drop_low_variance:
2026-07-30 14:58:36,081 | INFO     |     enabled: true, param: 1e-5, scale_method: minmax
2026-07-30 14:58:36,081 | INFO     |   drop_correlated:
2026-07-30 14:58:36,081 | INFO     |     enabled: true, params: [0.95]
2026-07-30 14:58:36,081 | INFO     |   lgbm_shap:
2026-07-30 14:58:36,081 | INFO     |     enabled: true, params: [0.95]
2026-07-30 14:58:36,081 | INFO     | 
================================================================================
2026-07-30 14:58:36,081 | INFO     | Шаг 1: lgbm_shap
2026-07-30 14:58:36,081 | INFO     | ================================================================================
2026-07-30 14:58:36,082 | INFO     |   Гиперпараметры: threshold=0.95
2026-07-30 14:58:36,082 | INFO     |   Test lgbm_shap with threshold=0.95
2026-07-30 14:58:40,048 | INFO     |   [test_drop_lgbm_shap] df: 1459 cols, 5,198,303 rows
2026-07-30 14:58:40,048 | INFO     |   [test_drop_lgbm_shap] target_col: target_attr_1
2026-07-30 14:58:40,048 | INFO     |   [test_drop_lgbm_shap] exclude_cols (12): ['report_month', 'bki_all_feats_count_mon_between_reports_okb', 'epk_id', 'bki_all_feats_count_mon_between_reports_equ', 'target_attr_1', 'dmik_tag_kids_flg', 'split_type', 'dmik_kids_small_flg', 'dmik_kids_school_flg', 'target_attr_3']...
2026-07-30 15:14:12,741 | INFO     |   Selected: 355
2026-07-30 15:14:12,742 | INFO     | 
================================================================================
2026-07-30 15:14:12,742 | INFO     | ВСЕ ШАГИ ПИПЛАЙНА ЗАВЕРШЕНЫ!
2026-07-30 15:14:12,742 | INFO     | ================================================================================
2026-07-30 15:14:12,742 | INFO     | 
Итоговое количество колонок: 1459
2026-07-30 15:14:12,742 | INFO     | 
Загрузка данных: /user/team/team_ai_avatar/ds/rusakov/feature_selection_benchmark/benchmark_datasets/product_name=tdbase_response/split_type=train
2026-07-30 15:15:41,185 | INFO     |   Загружено 6,417,688 строк и 2502 колонок
2026-07-30 15:15:41,188 | INFO     |   Target column: target_attr_1
2026-07-30 15:15:41,188 | INFO     |   Exclude columns (11): ['report_month', 'bki_all_feats_count_mon_between_reports_okb', 'epk_id', 'bki_all_feats_count_mon_between_reports_equ', 'target_attr_1', 'dmik_tag_kids_flg', 'dmik_kids_small_flg', 'dmik_kids_school_flg', 'target_attr_3', 'dmik_tag_video_content_flg', 'target_attr_2']
2026-07-30 15:15:41,190 | INFO     |   Загрузка колонок для дропа из results/sequential/TD/constant_0.95_cols.txt
2026-07-30 15:15:41,192 | INFO     |   Найдено 673 колонок для дропа
2026-07-30 15:15:41,193 | INFO     |   dropped_cols (first 20): ['dmik_ubrr_out_amt', 'aggr_mnth_v2_evt_attr_552', 'bki_response_evt_attr_825', 'bki_response_evt_attr_481', 'bki_response_evt_attr_421', 'aggr_mnth_v2_evt_attr_663', 'bki_all_feats_std_issue_sber_kk_cnt_6m', 'bki_response_evt_attr_418', 'dmik_merch_gr_big_sber_ecosystem_ntrx', 'dmik_charity_text', 'dmik_merch_gr_big_ads_ntrx', 'aggr_mnth_v2_evt_attr_5', 'bki_response_evt_attr_907', 'aggr_mnth_v2_evt_attr_585', 'bki_response_evt_attr_548', 'bki_response_evt_attr_1071', 'dmik_bcs_bank_out_amt', 'bki_response_evt_attr_1006', 'bki_response_evt_attr_919', 'bki_all_feats_spike_up_debt_sber_no_ik_amt_1m']
2026-07-30 15:15:41,193 | INFO     |   После фильтрации exclude_cols: 672 колонок для дропа
2026-07-30 15:15:41,193 | INFO     |   dropped_cols after filter (first 20): ['dmik_ubrr_out_amt', 'aggr_mnth_v2_evt_attr_552', 'bki_response_evt_attr_825', 'bki_response_evt_attr_481', 'bki_response_evt_attr_421', 'aggr_mnth_v2_evt_attr_663', 'bki_all_feats_std_issue_sber_kk_cnt_6m', 'bki_response_evt_attr_418', 'dmik_merch_gr_big_sber_ecosystem_ntrx', 'dmik_charity_text', 'dmik_merch_gr_big_ads_ntrx', 'aggr_mnth_v2_evt_attr_5', 'bki_response_evt_attr_907', 'aggr_mnth_v2_evt_attr_585', 'bki_response_evt_attr_548', 'bki_response_evt_attr_1071', 'dmik_bcs_bank_out_amt', 'bki_response_evt_attr_1006', 'bki_response_evt_attr_919', 'bki_all_feats_spike_up_debt_sber_no_ik_amt_1m']
2026-07-30 15:15:42,984 | INFO     |   После дропа: 1830 колонок
2026-07-30 15:15:42,984 | INFO     |   current_df columns (first 20): ['epk_id', 'target_attr_1', 'report_month', 'target_attr_2', 'target_attr_3', 'aggr_mnth_v2_evt_attr_1010', 'aggr_mnth_v2_evt_attr_1022', 'aggr_mnth_v2_evt_attr_1027', 'aggr_mnth_v2_evt_attr_1029', 'aggr_mnth_v2_evt_attr_158', 'aggr_mnth_v2_evt_attr_161', 'aggr_mnth_v2_evt_attr_179', 'aggr_mnth_v2_evt_attr_180', 'aggr_mnth_v2_evt_attr_188', 'aggr_mnth_v2_evt_attr_198', 'aggr_mnth_v2_evt_attr_213', 'aggr_mnth_v2_evt_attr_217', 'aggr_mnth_v2_evt_attr_223', 'aggr_mnth_v2_evt_attr_228', 'aggr_mnth_v2_evt_attr_23']
2026-07-30 15:15:42,984 | INFO     | 
================================================================================
2026-07-30 15:15:42,984 | INFO     | ПИПЛИН ОТБОРА: TD
2026-07-30 15:15:42,984 | INFO     | ================================================================================
2026-07-30 15:16:48,644 | INFO     |   [run_pipeline] START - df: 1830 cols, 6,417,688 rows
2026-07-30 15:16:48,645 | INFO     |   [run_pipeline] target_col: target_attr_1
2026-07-30 15:16:48,646 | INFO     |   [run_pipeline] exclude_cols (11): ['report_month', 'bki_all_feats_count_mon_between_reports_okb', 'epk_id', 'bki_all_feats_count_mon_between_reports_equ', 'target_attr_1', 'dmik_tag_kids_flg', 'dmik_kids_small_flg', 'dmik_kids_school_flg', 'target_attr_3', 'dmik_tag_video_content_flg']...
2026-07-30 15:16:48,646 | INFO     |   Порядок методов: ['drop_low_variance', 'lgbm_shap']
2026-07-30 15:16:48,646 | INFO     | 
ГИПЕРПАРАМЕТРЫ МЕТОДОВ:
2026-07-30 15:16:48,646 | INFO     |   drop_null:
2026-07-30 15:16:48,646 | INFO     |     enabled: false
2026-07-30 15:16:48,646 | INFO     |   drop_constant:
2026-07-30 15:16:48,646 | INFO     |     enabled: true, params: [0.95], chunk_size: 1000
2026-07-30 15:16:48,646 | INFO     |   drop_low_variance:
2026-07-30 15:16:48,646 | INFO     |     enabled: true, param: 1e-5, scale_method: minmax
2026-07-30 15:16:48,646 | INFO     |   drop_correlated:
2026-07-30 15:16:48,646 | INFO     |     enabled: true, params: [0.95]
2026-07-30 15:16:48,646 | INFO     |   lgbm_shap:
2026-07-30 15:16:48,646 | INFO     |     enabled: true, params: [0.95]
2026-07-30 15:16:48,646 | INFO     | 
================================================================================
2026-07-30 15:16:48,646 | INFO     | Шаг 1: drop_low_variance
2026-07-30 15:16:48,646 | INFO     | ================================================================================
2026-07-30 15:16:48,646 | INFO     |   Гиперпараметры: min_variance=1e-5, scale_method=minmax
2026-07-30 15:16:48,646 | INFO     |   Test drop_low_variance with min_variance=1e-5, scale=minmax
2026-07-30 15:28:21,752 | ERROR    |   ОШИБКА: '<' not supported between instances of 'float' and 'str'
2026-07-30 15:28:21,754 | ERROR    | Детали ошибки:
Traceback (most recent call last):
  File "/home/datalab/nfs/bogachev/fmlib-feature-selection/dev/bogachev/pipeline.py", line 557, in main
    final_df = run_pipeline(current_df, original_df, dataset_name, PIPELINE_DIR, config, logger, target_col, exclude_cols)
               ^^^^^^^^^^^^^^^^^^^^^^^^^^^^^^^^^^^^^^^^^^^^^^^^^^^^^^^^^^^^^^^^^^^^^^^^^^^^^^^^^^^^^^^^^^^^^^^^^^^^^^^^^^^
  File "/home/datalab/nfs/bogachev/fmlib-feature-selection/dev/bogachev/pipeline.py", line 368, in run_pipeline
    result_df = test_drop_variance(current_df, target_col, exclude_cols, var_param, scale_method, dataset_name, logger)
                ^^^^^^^^^^^^^^^^^^^^^^^^^^^^^^^^^^^^^^^^^^^^^^^^^^^^^^^^^^^^^^^^^^^^^^^^^^^^^^^^^^^^^^^^^^^^^^^^^^^^^^^
  File "/home/datalab/nfs/bogachev/fmlib-feature-selection/dev/bogachev/pipeline.py", line 185, in test_drop_variance
    result = drop_low_variance_features(
             ^^^^^^^^^^^^^^^^^^^^^^^^^^^
  File "/home/datalab/nfs/bogachev/fmlib-feature-selection/dev/bogachev/methods/LowVarianceDropper.py", line 123, in drop_low_variance_features
    cols_to_drop = get_low_variance_columns(
                   ^^^^^^^^^^^^^^^^^^^^^^^^^
  File "/home/datalab/nfs/bogachev/fmlib-feature-selection/dev/bogachev/methods/LowVarianceDropper.py", line 107, in get_low_variance_columns
    if scaled_var < min_variance:
       ^^^^^^^^^^^^^^^^^^^^^^^^^
TypeError: '<' not supported between instances of 'float' and 'str'
2026-07-30 15:28:21,756 | INFO     | 
Загрузка данных: /user/team/team_ai_avatar/ds/zaripov/feature_selection_benchmark/product_name=sa_response_sms
2026-07-30 15:28:41,337 | INFO     |   Загружено 25,852,832 строк и 2503 колонок
2026-07-30 15:28:41,339 | INFO     |   Target column: target_attr_1
2026-07-30 15:28:41,339 | INFO     |   Exclude columns (12): ['report_month', 'bki_all_feats_count_mon_between_reports_okb', 'epk_id', 'bki_all_feats_count_mon_between_reports_equ', 'target_attr_1', 'dmik_tag_kids_flg', 'split_type', 'dmik_kids_small_flg', 'dmik_kids_school_flg', 'target_attr_3', 'dmik_tag_video_content_flg', 'target_attr_2']
2026-07-30 15:28:41,341 | INFO     |   Загрузка колонок для дропа из ~/nfs/bogachev/fmlib-feature-selection/dev/bogachev/results/sequential/SA_SMA/null_0.95_cols.txt
2026-07-30 15:28:41,343 | INFO     |   Найдено 160 колонок для дропа
2026-07-30 15:28:41,343 | INFO     |   dropped_cols (first 20): ['aggr_mnth_v2_evt_attr_895', 'bki_response_evt_attr_674', 'bki_response_evt_attr_1052', 'aggr_mnth_v2_evt_attr_663', 'aggr_mnth_v2_evt_attr_837', 'aggr_mnth_v2_evt_attr_918', 'bki_response_evt_attr_907', 'bki_response_evt_attr_1068', 'bki_response_evt_attr_1066', 'bki_response_evt_attr_548', 'aggr_mnth_v2_evt_attr_862', 'bki_response_evt_attr_1071', 'bki_response_evt_attr_941', 'aggr_mnth_v2_evt_attr_94', 'bki_response_evt_attr_1072', 'aggr_mnth_v2_evt_attr_693', 'aggr_mnth_v2_evt_attr_528', 'bki_response_evt_attr_965', 'bki_response_evt_attr_689', 'aggr_mnth_v2_evt_attr_117']
2026-07-30 15:28:41,343 | INFO     |   После фильтрации exclude_cols: 160 колонок для дропа
2026-07-30 15:28:41,344 | INFO     |   dropped_cols after filter (first 20): ['aggr_mnth_v2_evt_attr_895', 'bki_response_evt_attr_674', 'bki_response_evt_attr_1052', 'aggr_mnth_v2_evt_attr_663', 'aggr_mnth_v2_evt_attr_837', 'aggr_mnth_v2_evt_attr_918', 'bki_response_evt_attr_907', 'bki_response_evt_attr_1068', 'bki_response_evt_attr_1066', 'bki_response_evt_attr_548', 'aggr_mnth_v2_evt_attr_862', 'bki_response_evt_attr_1071', 'bki_response_evt_attr_941', 'aggr_mnth_v2_evt_attr_94', 'bki_response_evt_attr_1072', 'aggr_mnth_v2_evt_attr_693', 'aggr_mnth_v2_evt_attr_528', 'bki_response_evt_attr_965', 'bki_response_evt_attr_689', 'aggr_mnth_v2_evt_attr_117']
2026-07-30 15:28:43,715 | INFO     |   После дропа: 2343 колонок
2026-07-30 15:28:43,716 | INFO     |   current_df columns (first 20): ['epk_id', 'target_attr_1', 'report_month', 'target_attr_2', 'target_attr_3', 'aggr_mnth_v2_evt_attr_1006', 'aggr_mnth_v2_evt_attr_1007', 'aggr_mnth_v2_evt_attr_1010', 'aggr_mnth_v2_evt_attr_1022', 'aggr_mnth_v2_evt_attr_1027', 'aggr_mnth_v2_evt_attr_1029', 'aggr_mnth_v2_evt_attr_152', 'aggr_mnth_v2_evt_attr_153', 'aggr_mnth_v2_evt_attr_158', 'aggr_mnth_v2_evt_attr_161', 'aggr_mnth_v2_evt_attr_179', 'aggr_mnth_v2_evt_attr_180', 'aggr_mnth_v2_evt_attr_188', 'aggr_mnth_v2_evt_attr_198', 'aggr_mnth_v2_evt_attr_213']
2026-07-30 15:28:43,716 | INFO     | 
================================================================================
2026-07-30 15:28:43,716 | INFO     | ПИПЛИН ОТБОРА: SA_SMA
2026-07-30 15:28:43,716 | INFO     | ================================================================================
2026-07-30 15:28:53,316 | INFO     |   [run_pipeline] START - df: 2343 cols, 25,852,832 rows
2026-07-30 15:28:53,316 | INFO     |   [run_pipeline] target_col: target_attr_1
2026-07-30 15:28:53,316 | INFO     |   [run_pipeline] exclude_cols (12): ['report_month', 'bki_all_feats_count_mon_between_reports_okb', 'epk_id', 'bki_all_feats_count_mon_between_reports_equ', 'target_attr_1', 'dmik_tag_kids_flg', 'split_type', 'dmik_kids_small_flg', 'dmik_kids_school_flg', 'target_attr_3']...
2026-07-30 15:28:53,316 | INFO     |   Порядок методов: ['drop_constant', 'drop_low_variance', 'lgbm_shap']
2026-07-30 15:28:53,316 | INFO     | 
ГИПЕРПАРАМЕТРЫ МЕТОДОВ:
2026-07-30 15:28:53,316 | INFO     |   drop_null:
2026-07-30 15:28:53,316 | INFO     |     enabled: false
2026-07-30 15:28:53,316 | INFO     |   drop_constant:
2026-07-30 15:28:53,316 | INFO     |     enabled: true, params: [0.95], chunk_size: 250
2026-07-30 15:28:53,316 | INFO     |   drop_low_variance:
2026-07-30 15:28:53,316 | INFO     |     enabled: true, param: 1e-5, scale_method: minmax
2026-07-30 15:28:53,316 | INFO     |   drop_correlated:
2026-07-30 15:28:53,316 | INFO     |     enabled: true, params: [0.95]
2026-07-30 15:28:53,316 | INFO     |   lgbm_shap:
2026-07-30 15:28:53,316 | INFO     |     enabled: true, params: [0.95]
2026-07-30 15:28:53,317 | INFO     | 
================================================================================
2026-07-30 15:28:53,317 | INFO     | Шаг 1: drop_constant
2026-07-30 15:28:53,317 | INFO     | ================================================================================
2026-07-30 15:28:53,317 | INFO     |   Гиперпараметры: tol=0.95, chunk_size=250
2026-07-30 15:28:53,317 | INFO     |   Test drop_constant with tol=0.95, chunk_size=250
2026-07-30 15:55:11,557 | ERROR    |   ОШИБКА: An error occurred while calling o23673.collectToPython
2026-07-30 15:55:11,558 | ERROR    | Детали ошибки:
Traceback (most recent call last):
  File "/home/datalab/nfs/bogachev/fmlib-feature-selection/dev/bogachev/pipeline.py", line 557, in main
    target_col = find_target_column(original_df)
               ^^^^^^^^^^^^^^^^^^^^^^^^^^^^^^^^^^
  File "/home/datalab/nfs/bogachev/fmlib-feature-selection/dev/bogachev/pipeline.py", line 345, in run_pipeline
    enabled, params = get_method_params(config, 'drop_null', dataset_name)
                    ^^^^^^^^^^^^^^^^^^^^^^^^^^^^^^^^^^^^^^^^^^^^^^^^^^^^^^^
  File "/home/datalab/nfs/bogachev/fmlib-feature-selection/dev/bogachev/pipeline.py", line 176, in test_drop_constant
    result = drop_constant_features(df, tol=tol, exclude_cols=exclude_cols, chunk_size=chunk_size)
             ^^^^^^^^^^^^^^^^^^^^^^^^^^^^^^^^^^^^^^^^^^^^^^^^^^^^^^^^^^^^^^^^^^^^^^^^^^^^^^^^^^^^^
  File "/home/datalab/nfs/bogachev/fmlib-feature-selection/dev/bogachev/methods/DropConstFeature.py", line 49, in drop_constant_features
    modes_row = df.agg(*mode_exprs).first()
                ^^^^^^^^^^^^^^^^^^^^^^^^^^^
  File "/spark/python/pyspark/sql/dataframe.py", line 2997, in first
    return self.head()
           ^^^^^^^^^^^
  File "/spark/python/pyspark/sql/dataframe.py", line 2973, in head
    rs = self.head(1)
         ^^^^^^^^^^^^
  File "/spark/python/pyspark/sql/dataframe.py", line 2975, in head
    return self.take(n)
           ^^^^^^^^^^^^
  File "/spark/python/pyspark/sql/dataframe.py", line 1407, in take
    return self.limit(num).collect()
           ^^^^^^^^^^^^^^^^^^^^^^^^^
  File "/spark/python/pyspark/sql/dataframe.py", line 1263, in collect
    sock_info = self._jdf.collectToPython()
                ^^^^^^^^^^^^^^^^^^^^^^^^^^^
  File "/spark/python/lib/py4j-0.10.9.7-src.zip/py4j/java_gateway.py", line 1322, in __call__
    return_value = get_return_value(
                   ^^^^^^^^^^^^^^^^^
  File "/spark/python/pyspark/errors/exceptions/captured.py", line 179, in deco
    return f(*a, **kw)
           ^^^^^^^^^^^
  File "/spark/python/lib/py4j-0.10.9.7-src.zip/py4j/protocol.py", line 334, in get_return_value
    raise Py4JError(
py4j.protocol.Py4JError: An error occurred while calling o23673.collectToPython
2026-07-30 15:55:11,561 | INFO     | 
================================================================================
2026-07-30 15:55:11,562 | INFO     | ВСЕ ТЕСТЫ ЗАВЕРШЕНЫ!
2026-07-30 15:55:11,562 | INFO     | ================================================================================
