2026-07-31 11:34:13,561 | INFO     | Запуск пайплайна отбора признаков
2026-07-31 11:34:13,561 | INFO     | 
Загрузка путей из pipeline_conf.yaml
2026-07-31 11:34:13,571 | INFO     | Найдено 4 датасетов: ['PD', 'SA_ERKC', 'TD', 'SA_SMA']
2026-07-31 11:34:49,892 | INFO     | Spark сессия запущена! Время: 36.32 сек
2026-07-31 11:34:49,894 | INFO     | 
PD: пропущено (disabled in config)
2026-07-31 11:34:49,894 | INFO     | 
SA_ERKC: пропущено (disabled in config)
2026-07-31 11:34:49,894 | INFO     | 
TD: пропущено (disabled in config)
2026-07-31 11:34:49,894 | INFO     | 
Загрузка данных: /user/team/team_ai_avatar/ds/zaripov/feature_selection_benchmark/product_name=sa_response_sms
2026-07-31 11:36:08,657 | INFO     |   Загружено 25,852,832 строк и 2503 колонок
2026-07-31 11:36:08,660 | INFO     |   Target column: target_attr_1
2026-07-31 11:36:08,660 | INFO     |   Exclude columns (12): ['target_attr_1', 'dmik_tag_video_content_flg', 'target_attr_2', 'bki_all_feats_count_mon_between_reports_okb', 'report_month', 'bki_all_feats_count_mon_between_reports_equ', 'dmik_tag_kids_flg', 'dmik_kids_school_flg', 'target_attr_3', 'split_type', 'epk_id', 'dmik_kids_small_flg']
2026-07-31 11:36:08,662 | INFO     |   Загрузка колонок для дропа из results/pipeline/SA_SMA/correlated_0.95_cols.txt
2026-07-31 11:36:08,664 | INFO     |   Найдено 1572 колонок для дропа
2026-07-31 11:36:08,664 | INFO     |   dropped_cols (first 20): ['bki_response_evt_attr_501', 'dmik_mean_home_repair', 'bki_response_evt_attr_626', 'bki_all_feats_min_debt_no_ik_amt_3m', 'bki_response_evt_attr_59', 'aggr_mnth_v2_evt_attr_160', 'bki_response_evt_attr_180', 'bki_response_evt_attr_412', 'aggr_mnth_v2_evt_attr_771', 'bki_response_evt_attr_1088', 'bki_response_evt_attr_939', 'aggr_mnth_v2_evt_attr_663', 'dmik_merch_gr_big_beauty_ntrx', 'dmik_merch_gr_small_education_ntrx', 'bki_all_feats_spike_down_debt_ik_amt_1m', 'bki_all_feats_relative_delta_eqfx_n2523_score_val_1m', 'bki_all_feats_avg_debt_all_amt_6m', 'dmik_cc_pos_share_in_total_pos', 'bki_response_evt_attr_441', 'bki_response_evt_attr_365']
2026-07-31 11:36:08,665 | INFO     |   После фильтрации exclude_cols: 1560 колонок для дропа
2026-07-31 11:36:08,665 | INFO     |   dropped_cols after filter (first 20): ['bki_response_evt_attr_501', 'dmik_mean_home_repair', 'bki_response_evt_attr_626', 'bki_all_feats_min_debt_no_ik_amt_3m', 'bki_response_evt_attr_59', 'aggr_mnth_v2_evt_attr_160', 'bki_response_evt_attr_180', 'bki_response_evt_attr_412', 'aggr_mnth_v2_evt_attr_771', 'bki_response_evt_attr_1088', 'bki_response_evt_attr_939', 'aggr_mnth_v2_evt_attr_663', 'dmik_merch_gr_big_beauty_ntrx', 'dmik_merch_gr_small_education_ntrx', 'bki_all_feats_spike_down_debt_ik_amt_1m', 'bki_all_feats_relative_delta_eqfx_n2523_score_val_1m', 'bki_all_feats_avg_debt_all_amt_6m', 'dmik_cc_pos_share_in_total_pos', 'bki_response_evt_attr_441', 'bki_response_evt_attr_365']
2026-07-31 11:36:09,950 | INFO     |   После дропа: 943 колонок
2026-07-31 11:36:09,950 | INFO     |   current_df columns (first 20): ['epk_id', 'target_attr_1', 'report_month', 'target_attr_2', 'target_attr_3', 'aggr_mnth_v2_evt_attr_1010', 'aggr_mnth_v2_evt_attr_1022', 'aggr_mnth_v2_evt_attr_1027', 'aggr_mnth_v2_evt_attr_1029', 'aggr_mnth_v2_evt_attr_158', 'aggr_mnth_v2_evt_attr_161', 'aggr_mnth_v2_evt_attr_179', 'aggr_mnth_v2_evt_attr_180', 'aggr_mnth_v2_evt_attr_188', 'aggr_mnth_v2_evt_attr_198', 'aggr_mnth_v2_evt_attr_213', 'aggr_mnth_v2_evt_attr_217', 'aggr_mnth_v2_evt_attr_223', 'aggr_mnth_v2_evt_attr_228', 'aggr_mnth_v2_evt_attr_23']
2026-07-31 11:36:09,950 | INFO     | 
================================================================================
2026-07-31 11:36:09,950 | INFO     | ПИПЛИН ОТБОРА: SA_SMA
2026-07-31 11:36:09,950 | INFO     | ================================================================================
2026-07-31 11:36:23,728 | INFO     |   [run_pipeline] START - df: 943 cols, 25,852,832 rows
2026-07-31 11:36:23,728 | INFO     |   [run_pipeline] target_col: target_attr_1
2026-07-31 11:36:23,729 | INFO     |   [run_pipeline] exclude_cols (12): ['target_attr_1', 'dmik_tag_video_content_flg', 'target_attr_2', 'bki_all_feats_count_mon_between_reports_okb', 'report_month', 'bki_all_feats_count_mon_between_reports_equ', 'dmik_tag_kids_flg', 'dmik_kids_school_flg', 'target_attr_3', 'split_type']...
2026-07-31 11:36:23,729 | INFO     |   Порядок методов: [('stratified_sampling', [1000000]), ('drop_correlated', None), ('stratified_sampling', [250000]), ('lgbm_shap', None)]
2026-07-31 11:36:23,729 | INFO     | 
ГИПЕРПАРАМЕТРЫ МЕТОДОВ:
2026-07-31 11:36:23,729 | INFO     |   drop_null:
2026-07-31 11:36:23,729 | INFO     |     enabled: false
2026-07-31 11:36:23,729 | INFO     |   drop_constant:
2026-07-31 11:36:23,729 | INFO     |     enabled: true, params: [0.95], chunk_size: 200
2026-07-31 11:36:23,729 | INFO     |   drop_low_variance:
2026-07-31 11:36:23,729 | INFO     |     enabled: true, param: 1e-5, scale_method: minmax
2026-07-31 11:36:23,729 | INFO     |   drop_correlated:
2026-07-31 11:36:23,729 | INFO     |     enabled: true, params: [0.95]
2026-07-31 11:36:23,729 | INFO     |   lgbm_shap:
2026-07-31 11:36:23,729 | INFO     |     enabled: true, params: [0.95]
2026-07-31 11:36:23,729 | INFO     | 
================================================================================
2026-07-31 11:36:23,729 | INFO     | Шаг 1: stratified_sampling
2026-07-31 11:36:23,729 | INFO     | ================================================================================
2026-07-31 11:36:23,729 | INFO     |   Гиперпараметры: max_rows=1000000
2026-07-31 11:36:23,729 | INFO     |   Test stratified_sampling with max_rows=1000000
2026-07-31 11:36:39,658 | INFO     |   [test_stratified_sampling] df: 943 cols, 25,852,832 rows
2026-07-31 11:38:53,713 | INFO     |   Выкинуто: 1560 колонок -> results/pipeline/SA_SMA/stratified_1000000_cols.txt
2026-07-31 11:38:53,714 | INFO     |   Колонок на выходе: 943
2026-07-31 11:38:53,714 | INFO     | 
================================================================================
2026-07-31 11:38:53,714 | INFO     | Шаг 2: drop_correlated
2026-07-31 11:38:53,714 | INFO     | ================================================================================
2026-07-31 11:38:53,714 | INFO     |   Гиперпараметры: corr_threshold=0.95
2026-07-31 11:38:53,714 | INFO     |   Test drop_correlated with corr_threshold=0.95
2026-07-31 11:45:23,229 | ERROR    |   ОШИБКА: An error occurred while calling z:org.apache.spark.ml.stat.Correlation.corr
2026-07-31 11:45:23,230 | ERROR    | Детали ошибки:
Traceback (most recent call last):
  File "/home/datalab/nfs/bogachev/fmlib-feature-selection/dev/bogachev/pipeline.py", line 657, in main
    final_df = run_pipeline(current_df, original_df, dataset_name, PIPELINE_DIR, config, logger, target_col, exclude_cols)
               ^^^^^^^^^^^^^^^^^^^^^^^^^^^^^^^^^^^^^^^^^^^^^^^^^^^^^^^^^^^^^^^^^^^^^^^^^^^^^^^^^^^^^^^^^^^^^^^^^^^^^^^^^^^
  File "/home/datalab/nfs/bogachev/fmlib-feature-selection/dev/bogachev/pipeline.py", line 478, in run_pipeline
    result_df = test_drop_correlated(current_df, target_col, exclude_cols, param, dataset_name, logger)
                ^^^^^^^^^^^^^^^^^^^^^^^^^^^^^^^^^^^^^^^^^^^^^^^^^^^^^^^^^^^^^^^^^^^^^^^^^^^^^^^^^^^^^^^
  File "/home/datalab/nfs/bogachev/fmlib-feature-selection/dev/bogachev/pipeline.py", line 240, in test_drop_correlated
    result = drop_correlated_features(df, corr_threshold=corr_threshold, exclude_cols=exclude_cols, target_col=target_col)
             ^^^^^^^^^^^^^^^^^^^^^^^^^^^^^^^^^^^^^^^^^^^^^^^^^^^^^^^^^^^^^^^^^^^^^^^^^^^^^^^^^^^^^^^^^^^^^^^^^^^^^^^^^^^^^
  File "/home/datalab/nfs/bogachev/fmlib-feature-selection/dev/bogachev/methods/CorrDropper.py", line 69, in drop_correlated_features
    matrix_row = Correlation.corr(vector_df, "features", method='pearson').head()
                 ^^^^^^^^^^^^^^^^^^^^^^^^^^^^^^^^^^^^^^^^^^^^^^^^^^^^^^^^^
  File "/spark/python/pyspark/ml/stat.py", line 181, in corr
    return _java2py(sc, javaCorrObj.corr(*args))
                        ^^^^^^^^^^^^^^^^^^^^^^^
  File "/spark/python/lib/py4j-0.10.9.7-src.zip/py4j/java_gateway.py", line 1322, in __call__
    return_value = get_return_value(
                   ^^^^^^^^^^^^^^^^^
  File "/spark/python/pyspark/errors/exceptions/captured.py", line 179, in deco
    return f(*a, **kw)
           ^^^^^^^^^^^
  File "/spark/python/lib/py4j-0.10.9.7-src.zip/py4j/protocol.py", line 334, in get_return_value
    raise Py4JError(
py4j.protocol.Py4JError: An error occurred while calling z:org.apache.spark.ml.stat.Correlation.corr
2026-07-31 11:45:23,233 | INFO     | 
================================================================================
2026-07-31 11:45:23,233 | INFO     | ВСЕ ТЕСТЫ ЗАВЕРШЕНЫ!
2026-07-31 11:45:23,233 | INFO     | ================================================================================
