2026-08-03 12:18:58,588 | INFO     | Запуск пайплайна отбора признаков
2026-08-03 12:18:58,588 | INFO     | 
Загрузка путей из pipeline_conf.yaml
2026-08-03 12:18:58,605 | INFO     | Найдено 4 датасетов: ['PD', 'SA_ERKC', 'TD', 'SA_SMA']
2026-08-03 12:19:35,522 | INFO     | Spark сессия запущена! Время: 36.92 сек
2026-08-03 12:19:35,523 | INFO     | 
PD: пропущено (disabled in config)
2026-08-03 12:19:35,523 | INFO     | 
SA_ERKC: пропущено (disabled in config)
2026-08-03 12:19:35,523 | INFO     | 
TD: пропущено (disabled in config)
2026-08-03 12:19:35,523 | INFO     | 
Загрузка данных: /user/team/team_ai_avatar/ds/zaripov/feature_selection_benchmark/product_name=sa_response_sms
2026-08-03 12:20:17,471 | INFO     |   Загружено 25,852,832 строк и 2503 колонок
2026-08-03 12:20:17,474 | INFO     |   Target column: target_attr_1
2026-08-03 12:20:17,474 | INFO     |   Exclude columns (12): ['target_attr_2', 'dmik_tag_video_content_flg', 'split_type', 'dmik_kids_school_flg', 'epk_id', 'target_attr_3', 'dmik_kids_small_flg', 'report_month', 'dmik_tag_kids_flg', 'bki_all_feats_count_mon_between_reports_okb', 'bki_all_feats_count_mon_between_reports_equ', 'target_attr_1']
2026-08-03 12:20:17,476 | INFO     |   Загрузка ОСТАВЛЕННЫХ колонок из trueresults/pipeline/SA_SMA/stage_0_1_SELECTED.txt
2026-08-03 12:20:17,478 | INFO     |   Найдено 308 ОСТАВЛЕННЫХ колонок
2026-08-03 12:20:17,478 | INFO     |   selected_cols (first 20): ['aggr_mnth_v2_evt_attr_847', 'aggr_mnth_v2_evt_attr_63', 'aggr_mnth_v2_evt_attr_696', 'aggr_mnth_v2_evt_attr_263', 'aggr_mnth_v2_evt_attr_443', 'aggr_mnth_v2_evt_attr_243', 'bki_all_feats_std_debt_sber_no_ik_amt_3m', 'aggr_mnth_v2_evt_attr_297', 'aggr_mnth_v2_evt_attr_642', 'bki_response_evt_attr_122', 'bki_response_evt_attr_492', 'bki_all_feats_min_agr_ulim_sber_kk_amt_6m', 'aggr_mnth_v2_evt_attr_303', 'dmik_merch_gr_big_azs_ntrx', 'aggr_mnth_v2_evt_attr_1019', 'aggr_mnth_v2_evt_attr_728', 'aggr_mnth_v2_evt_attr_371', 'bki_response_evt_attr_629', 'bki_response_evt_attr_58', 'aggr_mnth_v2_evt_attr_777']
2026-08-03 12:20:17,944 | INFO     |   После фильтрации по selected_cols: 320 колонок
2026-08-03 12:20:17,944 | INFO     |   current_df columns (first 20): ['aggr_mnth_v2_evt_attr_435', 'aggr_mnth_v2_evt_attr_236', 'aggr_mnth_v2_evt_attr_361', 'aggr_mnth_v2_evt_attr_91', 'aggr_mnth_v2_evt_attr_566', 'dmik_age', 'aggr_mnth_v2_evt_attr_62', 'aggr_mnth_v2_evt_attr_1003', 'bki_all_feats_max_agr_ulim_sber_kk_amt_6m', 'aggr_mnth_v2_evt_attr_628', 'aggr_mnth_v2_evt_attr_701', 'aggr_mnth_v2_evt_attr_425', 'aggr_mnth_v2_evt_attr_167', 'aggr_mnth_v2_evt_attr_162', 'aggr_mnth_v2_evt_attr_161', 'aggr_mnth_v2_evt_attr_77', 'aggr_mnth_v2_evt_attr_757', 'bki_response_evt_attr_752', 'bki_response_evt_attr_50', 'aggr_mnth_v2_evt_attr_805']
2026-08-03 12:20:17,945 | INFO     | 
================================================================================
2026-08-03 12:20:17,945 | INFO     | ПИПЛИН ОТБОРА: SA_SMA
2026-08-03 12:20:17,945 | INFO     | ================================================================================
2026-08-03 12:20:33,747 | INFO     |   [run_pipeline] START - df: 320 cols, 25,852,832 rows
2026-08-03 12:20:33,748 | INFO     |   [run_pipeline] target_col: target_attr_1
2026-08-03 12:20:33,748 | INFO     |   [run_pipeline] exclude_cols (12): ['target_attr_2', 'dmik_tag_video_content_flg', 'split_type', 'dmik_kids_school_flg', 'epk_id', 'target_attr_3', 'dmik_kids_small_flg', 'report_month', 'dmik_tag_kids_flg', 'bki_all_feats_count_mon_between_reports_okb']...
2026-08-03 12:20:33,748 | INFO     |   Порядок методов: [('stratified_sampling', [750000]), ('boruta_shap', None)]
2026-08-03 12:20:33,748 | INFO     | 
ГИПЕРПАРАМЕТРЫ МЕТОДОВ:
2026-08-03 12:20:33,748 | INFO     |   drop_null:
2026-08-03 12:20:33,748 | INFO     |     enabled: false
2026-08-03 12:20:33,748 | INFO     |   drop_constant:
2026-08-03 12:20:33,748 | INFO     |     enabled: true, params: [0.95], chunk_size: 200
2026-08-03 12:20:33,748 | INFO     |   drop_low_variance:
2026-08-03 12:20:33,748 | INFO     |     enabled: true, param: 1e-5, scale_method: minmax
2026-08-03 12:20:33,748 | INFO     |   drop_correlated:
2026-08-03 12:20:33,748 | INFO     |     enabled: true, params: [0.95]
2026-08-03 12:20:33,748 | INFO     |   lgbm_shap:
2026-08-03 12:20:33,748 | INFO     |     enabled: true, params: [0.95]
2026-08-03 12:20:33,748 | INFO     |   boruta_shap:
2026-08-03 12:20:33,748 | INFO     |     enabled: true
2026-08-03 12:20:33,748 | INFO     |     model_type: lgbm
2026-08-03 12:20:33,748 | INFO     |     boruta_trials: 50
2026-08-03 12:20:33,748 | INFO     |     optuna_params:
2026-08-03 12:20:33,748 | INFO     |       n_trials: 100
2026-08-03 12:20:33,748 | INFO     |       n_startup_trials: 50
2026-08-03 12:20:33,749 | INFO     |       sampler: TPE
2026-08-03 12:20:33,749 | INFO     |     parameters: 10 params
2026-08-03 12:20:33,749 | INFO     | 
================================================================================
2026-08-03 12:20:33,749 | INFO     | Шаг 1: stratified_sampling
2026-08-03 12:20:33,749 | INFO     | ================================================================================
2026-08-03 12:20:33,749 | INFO     |   Гиперпараметры: max_rows=750000
2026-08-03 12:20:33,749 | INFO     |   Test stratified_sampling with max_rows=750000
2026-08-03 12:20:53,540 | INFO     |   [test_stratified_sampling] df: 320 cols, 25,852,832 rows
2026-08-03 12:21:36,292 | INFO     |   Выкинуто: 2183 колонок -> results/pipeline/SA_SMA/stratified_750000_cols.txt
2026-08-03 12:21:36,293 | INFO     |   Колонок на выходе: 320
2026-08-03 12:21:36,293 | INFO     | 
================================================================================
2026-08-03 12:21:36,293 | INFO     | Шаг 2: boruta_shap
2026-08-03 12:21:36,293 | INFO     | ================================================================================
2026-08-03 12:21:36,293 | INFO     |   Гиперпараметры: model_type=lgbm, boruta_trials=50
2026-08-03 12:21:36,293 | INFO     |   Test boruta_shap with model_type=lgbm, boruta_trials=50
2026-08-03 12:21:48,370 | INFO     |   [test_drop_boruta_shap] df: 320 cols, 749,878 rows
2026-08-03 12:21:48,370 | INFO     |   [test_drop_boruta_shap] target_col: target_attr_1
2026-08-03 12:21:48,370 | INFO     |   [test_drop_boruta_shap] exclude_cols (12): ['target_attr_2', 'dmik_tag_video_content_flg', 'split_type', 'dmik_kids_school_flg', 'epk_id', 'target_attr_3', 'dmik_kids_small_flg', 'report_month', 'dmik_tag_kids_flg', 'bki_all_feats_count_mon_between_reports_okb']...
2026-08-03 12:21:48,370 | INFO     |   [test_drop_boruta_shap] Optuna params:
2026-08-03 12:21:48,370 | INFO     |     n_trials: 100
2026-08-03 12:21:48,370 | INFO     |     n_startup_trials: 50
2026-08-03 12:21:48,370 | INFO     |     sampler: TPE
2026-08-03 12:21:48,370 | INFO     |   [test_drop_boruta_shap] Parameter grid (10 params):
2026-08-03 12:21:48,370 | INFO     |     n_estimators: int [100, 1400]
2026-08-03 12:21:48,370 | INFO     |     num_leaves: int [8, 64]
2026-08-03 12:21:48,370 | INFO     |     max_depth: int [4, 7]
2026-08-03 12:21:48,370 | INFO     |     learning_rate: float [0.01, 0.1]
2026-08-03 12:21:48,370 | INFO     |     min_child_samples: int [16, 64]
2026-08-03 12:21:48,370 | INFO     |     subsample: float [0.7, 1.0]
2026-08-03 12:21:48,370 | INFO     |     colsample_bytree: float [0.7, 1.0]
2026-08-03 12:21:48,370 | INFO     |     reg_alpha: float [0.01, 1.0]
2026-08-03 12:21:48,371 | INFO     |     reg_lambda: float [0.01, 1.0]
2026-08-03 12:21:48,371 | INFO     |     boosting_type: categorical values=['gbdt', 'dart', 'goss']
2026-08-03 16:20:08,844 | INFO     |   Selected: 34
2026-08-03 16:20:08,845 | INFO     | 
================================================================================
2026-08-03 16:20:08,845 | INFO     | ВСЕ ШАГИ ПИПЛАЙНА ЗАВЕРШЕНЫ!
2026-08-03 16:20:08,845 | INFO     | ================================================================================
2026-08-03 16:20:08,846 | INFO     | 
Итоговое количество колонок: 320
2026-08-03 16:20:08,846 | INFO     | 
================================================================================
2026-08-03 16:20:08,846 | INFO     | ВСЕ ТЕСТЫ ЗАВЕРШЕНЫ!
2026-08-03 16:20:08,846 | INFO     | ================================================================================
