2026-07-29 15:29:42,726 | INFO     | Запуск последовательного тестирования методов
2026-07-29 15:29:42,726 | INFO     | 
Загрузка путей из paths_sequential.yaml
2026-07-29 15:29:42,732 | INFO     | Найдено 4 датасетов: ['PD', 'SA_ERKC', 'TD', 'SA_SMA']
2026-07-29 15:30:19,108 | INFO     | Spark сессия запущена! Время: 36.38 сек
2026-07-29 15:30:19,109 | INFO     | 
Загрузка данных: /user/team/team_ai_avatar/ds/rusakov/feature_selection_benchmark/benchmark_datasets/product_name=pd_cc/split_type=train
2026-07-29 15:31:04,545 | INFO     |   Загружено 2,817,137 строк и 2502 колонок
2026-07-29 15:31:04,546 | INFO     | 
================================================================================
2026-07-29 15:31:04,546 | INFO     | ПОСЛЕДОВАТЕЛЬНОЕ ТЕСТИРОВАНИЕ: PD
2026-07-29 15:31:04,546 | INFO     | ================================================================================
2026-07-29 15:31:04,546 | INFO     |   Target column: target_attr_1
2026-07-29 15:31:04,548 | INFO     |   Exclude columns: ['epk_id', 'bki_all_feats_count_mon_between_reports_okb', 'target_attr_1', 'report_month', 'bki_all_feats_count_mon_between_reports_equ', 'dmik_kids_school_flg', 'dmik_kids_small_flg', 'dmik_tag_kids_flg', 'dmik_tag_video_content_flg']
2026-07-29 15:31:04,548 | INFO     |   Порядок методов: ['drop_null', 'drop_constant', 'drop_low_variance', 'drop_correlated', 'lgbm_shap']
2026-07-29 15:31:04,548 | INFO     | 
================================================================================
2026-07-29 15:31:04,548 | INFO     | Шаг 1: drop_null
2026-07-29 15:31:04,548 | INFO     | ================================================================================
2026-07-29 15:31:04,548 | INFO     |   Пропущено (disabled in config)
2026-07-29 15:31:04,548 | INFO     | 
================================================================================
2026-07-29 15:31:04,548 | INFO     | Шаг 2: drop_constant
2026-07-29 15:31:04,548 | INFO     | ================================================================================
2026-07-29 15:31:04,548 | INFO     |   Пропущено (disabled in config)
2026-07-29 15:31:04,548 | INFO     | 
================================================================================
2026-07-29 15:31:04,548 | INFO     | Шаг 3: drop_low_variance
2026-07-29 15:31:04,548 | INFO     | ================================================================================
2026-07-29 15:31:04,548 | INFO     |   Пропущено (disabled in config)
2026-07-29 15:31:04,548 | INFO     | 
================================================================================
2026-07-29 15:31:04,548 | INFO     | Шаг 4: drop_correlated
2026-07-29 15:31:04,548 | INFO     | ================================================================================
2026-07-29 15:31:04,548 | INFO     |   Пропущено (disabled in config)
2026-07-29 15:31:04,549 | INFO     | 
================================================================================
2026-07-29 15:31:04,549 | INFO     | Шаг 5: lgbm_shap
2026-07-29 15:31:04,549 | INFO     | ================================================================================
2026-07-29 15:31:04,549 | INFO     |   Пропущено (disabled in config)
2026-07-29 15:31:04,549 | INFO     | 
================================================================================
2026-07-29 15:31:04,549 | INFO     | ВСЕ ПОСЛЕДОВАТЕЛЬНЫЕ ТЕСТЫ ЗАВЕРШЕНЫ!
2026-07-29 15:31:04,549 | INFO     | ================================================================================
2026-07-29 15:31:04,549 | INFO     | 
Загрузка данных: /user/team/team_ai_avatar/ds/zaripov/feature_selection_benchmark/product_name=sa_response_erkc
2026-07-29 15:31:22,800 | INFO     |   Загружено 5,198,303 строк и 2503 колонок
2026-07-29 15:31:22,802 | INFO     | 
================================================================================
2026-07-29 15:31:22,802 | INFO     | ПОСЛЕДОВАТЕЛЬНОЕ ТЕСТИРОВАНИЕ: SA_ERKC
2026-07-29 15:31:22,802 | INFO     | ================================================================================
2026-07-29 15:31:22,802 | INFO     |   Target column: target_attr_1
2026-07-29 15:31:22,803 | INFO     |   Exclude columns: ['epk_id', 'bki_all_feats_count_mon_between_reports_okb', 'target_attr_1', 'report_month', 'bki_all_feats_count_mon_between_reports_equ', 'dmik_kids_school_flg', 'dmik_kids_small_flg', 'dmik_tag_kids_flg', 'split_type', 'dmik_tag_video_content_flg']
2026-07-29 15:31:22,803 | INFO     |   Порядок методов: ['drop_null', 'drop_constant', 'drop_low_variance', 'drop_correlated', 'lgbm_shap']
2026-07-29 15:31:22,803 | INFO     | 
================================================================================
2026-07-29 15:31:22,803 | INFO     | Шаг 1: drop_null
2026-07-29 15:31:22,803 | INFO     | ================================================================================
2026-07-29 15:31:22,803 | INFO     |   Пропущено (disabled in config)
2026-07-29 15:31:22,803 | INFO     | 
================================================================================
2026-07-29 15:31:22,804 | INFO     | Шаг 2: drop_constant
2026-07-29 15:31:22,804 | INFO     | ================================================================================
2026-07-29 15:31:22,804 | INFO     |   Пропущено (disabled in config)
2026-07-29 15:31:22,804 | INFO     | 
================================================================================
2026-07-29 15:31:22,804 | INFO     | Шаг 3: drop_low_variance
2026-07-29 15:31:22,804 | INFO     | ================================================================================
2026-07-29 15:31:22,804 | INFO     |   Пропущено (disabled in config)
2026-07-29 15:31:22,804 | INFO     | 
================================================================================
2026-07-29 15:31:22,804 | INFO     | Шаг 4: drop_correlated
2026-07-29 15:31:22,804 | INFO     | ================================================================================
2026-07-29 15:31:22,804 | INFO     |   Пропущено (disabled in config)
2026-07-29 15:31:22,804 | INFO     | 
================================================================================
2026-07-29 15:31:22,804 | INFO     | Шаг 5: lgbm_shap
2026-07-29 15:31:22,804 | INFO     | ================================================================================
2026-07-29 15:31:22,804 | INFO     |   Пропущено (disabled in config)
2026-07-29 15:31:22,804 | INFO     | 
================================================================================
2026-07-29 15:31:22,804 | INFO     | ВСЕ ПОСЛЕДОВАТЕЛЬНЫЕ ТЕСТЫ ЗАВЕРШЕНЫ!
2026-07-29 15:31:22,804 | INFO     | ================================================================================
2026-07-29 15:31:22,804 | INFO     | 
Загрузка данных: /user/team/team_ai_avatar/ds/rusakov/feature_selection_benchmark/benchmark_datasets/product_name=tdbase_response/split_type=train
2026-07-29 15:31:31,521 | INFO     |   Загружено 6,417,688 строк и 2502 колонок
2026-07-29 15:31:31,521 | INFO     | 
================================================================================
2026-07-29 15:31:31,521 | INFO     | ПОСЛЕДОВАТЕЛЬНОЕ ТЕСТИРОВАНИЕ: TD
2026-07-29 15:31:31,521 | INFO     | ================================================================================
2026-07-29 15:31:31,521 | INFO     |   Target column: target_attr_1
2026-07-29 15:31:31,523 | INFO     |   Exclude columns: ['epk_id', 'bki_all_feats_count_mon_between_reports_okb', 'target_attr_1', 'report_month', 'bki_all_feats_count_mon_between_reports_equ', 'dmik_kids_school_flg', 'dmik_kids_small_flg', 'dmik_tag_kids_flg', 'dmik_tag_video_content_flg']
2026-07-29 15:31:31,523 | INFO     |   Порядок методов: ['drop_null', 'drop_constant', 'drop_low_variance', 'drop_correlated', 'lgbm_shap']
2026-07-29 15:31:31,523 | INFO     | 
================================================================================
2026-07-29 15:31:31,523 | INFO     | Шаг 1: drop_null
2026-07-29 15:31:31,523 | INFO     | ================================================================================
2026-07-29 15:31:31,523 | INFO     |   Пропущено (disabled in config)
2026-07-29 15:31:31,523 | INFO     | 
================================================================================
2026-07-29 15:31:31,523 | INFO     | Шаг 2: drop_constant
2026-07-29 15:31:31,523 | INFO     | ================================================================================
2026-07-29 15:31:31,523 | INFO     |   Пропущено (disabled in config)
2026-07-29 15:31:31,523 | INFO     | 
================================================================================
2026-07-29 15:31:31,523 | INFO     | Шаг 3: drop_low_variance
2026-07-29 15:31:31,523 | INFO     | ================================================================================
2026-07-29 15:31:31,523 | INFO     |   Пропущено (disabled in config)
2026-07-29 15:31:31,523 | INFO     | 
================================================================================
2026-07-29 15:31:31,523 | INFO     | Шаг 4: drop_correlated
2026-07-29 15:31:31,523 | INFO     | ================================================================================
2026-07-29 15:31:31,523 | INFO     |   Пропущено (disabled in config)
2026-07-29 15:31:31,523 | INFO     | 
================================================================================
2026-07-29 15:31:31,523 | INFO     | Шаг 5: lgbm_shap
2026-07-29 15:31:31,523 | INFO     | ================================================================================
2026-07-29 15:31:31,524 | INFO     |   Пропущено (disabled in config)
2026-07-29 15:31:31,524 | INFO     | 
================================================================================
2026-07-29 15:31:31,524 | INFO     | ВСЕ ПОСЛЕДОВАТЕЛЬНЫЕ ТЕСТЫ ЗАВЕРШЕНЫ!
2026-07-29 15:31:31,524 | INFO     | ================================================================================
2026-07-29 15:31:31,524 | INFO     | 
Загрузка данных: /user/team/team_ai_avatar/ds/zaripov/feature_selection_benchmark/product_name=sa_response_sms
2026-07-29 15:31:37,669 | ERROR    |   ОШИБКА: An error occurred while calling o143.count
2026-07-29 15:31:37,669 | ERROR    | Детали ошибки:
Traceback (most recent call last):
  File "/home/datalab/nfs/bogachev/fmlib-feature-selection/dev/bogachev/sequential_test.py", line 386, in main
    total_rows = original_df.count()
                 ^^^^^^^^^^^^^^^^^^^
  File "/spark/python/pyspark/sql/dataframe.py", line 1240, in count
    return int(self._jdf.count())
               ^^^^^^^^^^^^^^^^^
  File "/spark/python/lib/py4j-0.10.9.7-src.zip/py4j/java_gateway.py", line 1322, in __call__
    return_value = get_return_value(
                   ^^^^^^^^^^^^^^^^^
  File "/spark/python/pyspark/errors/exceptions/captured.py", line 179, in deco
    return f(*a, **kw)
           ^^^^^^^^^^^
  File "/spark/python/lib/py4j-0.10.9.7-src.zip/py4j/protocol.py", line 334, in get_return_value
    raise Py4JError(
py4j.protocol.Py4JError: An error occurred while calling o143.count
2026-07-29 15:31:37,671 | INFO     | 
================================================================================
2026-07-29 15:31:37,671 | INFO     | ВСЕ ТЕСТЫ ЗАВЕРШЕНЫ!
2026-07-29 15:31:37,671 | INFO     | ================================================================================
