2026-07-29 15:31:56,166 | INFO     | Запуск последовательного тестирования методов
2026-07-29 15:31:56,167 | INFO     | 
Загрузка путей из paths_sequential.yaml
2026-07-29 15:31:56,172 | INFO     | Найдено 4 датасетов: ['PD', 'SA_ERKC', 'TD', 'SA_SMA']
2026-07-29 15:32:30,170 | INFO     | Spark сессия запущена! Время: 34.00 сек
2026-07-29 15:32:30,171 | INFO     | 
Загрузка данных: /user/team/team_ai_avatar/ds/rusakov/feature_selection_benchmark/benchmark_datasets/product_name=pd_cc/split_type=train
2026-07-29 15:33:41,552 | INFO     |   Загружено 2,817,137 строк и 2502 колонок
2026-07-29 15:33:41,554 | INFO     | 
================================================================================
2026-07-29 15:33:41,554 | INFO     | ПОСЛЕДОВАТЕЛЬНОЕ ТЕСТИРОВАНИЕ: PD
2026-07-29 15:33:41,554 | INFO     | ================================================================================
2026-07-29 15:33:41,554 | INFO     |   Target column: target_attr_1
2026-07-29 15:33:41,556 | INFO     |   Exclude columns: ['dmik_tag_video_content_flg', 'target_attr_1', 'dmik_kids_school_flg', 'bki_all_feats_count_mon_between_reports_okb', 'report_month', 'epk_id', 'bki_all_feats_count_mon_between_reports_equ', 'dmik_tag_kids_flg', 'dmik_kids_small_flg']
2026-07-29 15:33:41,556 | INFO     |   Порядок методов: ['drop_null', 'drop_constant', 'drop_low_variance', 'drop_correlated', 'lgbm_shap']
2026-07-29 15:33:41,556 | INFO     | 
================================================================================
2026-07-29 15:33:41,556 | INFO     | Шаг 1: drop_null
2026-07-29 15:33:41,556 | INFO     | ================================================================================
2026-07-29 15:33:41,556 | INFO     |   Количество колонок на входе: 2502
2026-07-29 15:33:41,556 | INFO     |   Количество колонок на выходе: 2502
2026-07-29 15:33:41,556 | INFO     | 
================================================================================
2026-07-29 15:33:41,556 | INFO     | Шаг 2: drop_constant
2026-07-29 15:33:41,556 | INFO     | ================================================================================
2026-07-29 15:33:41,556 | INFO     |   Количество колонок на входе: 2502
2026-07-29 15:33:41,556 | INFO     |   Количество колонок на выходе: 2502
2026-07-29 15:33:41,556 | INFO     | 
================================================================================
2026-07-29 15:33:41,557 | INFO     | Шаг 3: drop_low_variance
2026-07-29 15:33:41,557 | INFO     | ================================================================================
2026-07-29 15:33:41,557 | INFO     |   Количество колонок на входе: 2502
2026-07-29 15:33:41,557 | INFO     |   Количество колонок на выходе: 2502
2026-07-29 15:33:41,557 | INFO     | 
================================================================================
2026-07-29 15:33:41,557 | INFO     | Шаг 4: drop_correlated
2026-07-29 15:33:41,557 | INFO     | ================================================================================
2026-07-29 15:33:41,557 | INFO     |   Количество колонок на входе: 2502
2026-07-29 15:33:41,557 | INFO     |   Количество колонок на выходе: 2502
2026-07-29 15:33:41,557 | INFO     | 
================================================================================
2026-07-29 15:33:41,557 | INFO     | Шаг 5: lgbm_shap
2026-07-29 15:33:41,557 | INFO     | ================================================================================
2026-07-29 15:33:41,557 | INFO     |   Пропущено (disabled in config)
2026-07-29 15:33:41,557 | INFO     | 
================================================================================
2026-07-29 15:33:41,557 | INFO     | ВСЕ ПОСЛЕДОВАТЕЛЬНЫЕ ТЕСТЫ ЗАВЕРШЕНЫ!
2026-07-29 15:33:41,557 | INFO     | ================================================================================
2026-07-29 15:33:41,557 | INFO     | 
Загрузка данных: /user/team/team_ai_avatar/ds/zaripov/feature_selection_benchmark/product_name=sa_response_erkc
2026-07-29 15:33:47,937 | INFO     |   Загружено 5,198,303 строк и 2503 колонок
2026-07-29 15:33:47,937 | INFO     | 
================================================================================
2026-07-29 15:33:47,937 | INFO     | ПОСЛЕДОВАТЕЛЬНОЕ ТЕСТИРОВАНИЕ: SA_ERKC
2026-07-29 15:33:47,937 | INFO     | ================================================================================
2026-07-29 15:33:47,937 | INFO     |   Target column: target_attr_1
2026-07-29 15:33:47,939 | INFO     |   Exclude columns: ['dmik_tag_video_content_flg', 'target_attr_1', 'dmik_kids_school_flg', 'bki_all_feats_count_mon_between_reports_okb', 'report_month', 'epk_id', 'bki_all_feats_count_mon_between_reports_equ', 'split_type', 'dmik_tag_kids_flg', 'dmik_kids_small_flg']
2026-07-29 15:33:47,939 | INFO     |   Порядок методов: ['drop_null', 'drop_constant', 'drop_low_variance', 'drop_correlated', 'lgbm_shap']
2026-07-29 15:33:47,939 | INFO     | 
================================================================================
2026-07-29 15:33:47,939 | INFO     | Шаг 1: drop_null
2026-07-29 15:33:47,939 | INFO     | ================================================================================
2026-07-29 15:33:47,939 | INFO     |   Количество колонок на входе: 2503
2026-07-29 15:33:47,939 | INFO     |   Количество колонок на выходе: 2503
2026-07-29 15:33:47,939 | INFO     | 
================================================================================
2026-07-29 15:33:47,939 | INFO     | Шаг 2: drop_constant
2026-07-29 15:33:47,939 | INFO     | ================================================================================
2026-07-29 15:33:47,940 | INFO     |   Количество колонок на входе: 2503
2026-07-29 15:33:47,940 | INFO     |   Количество колонок на выходе: 2503
2026-07-29 15:33:47,940 | INFO     | 
================================================================================
2026-07-29 15:33:47,940 | INFO     | Шаг 3: drop_low_variance
2026-07-29 15:33:47,940 | INFO     | ================================================================================
2026-07-29 15:33:47,940 | INFO     |   Количество колонок на входе: 2503
2026-07-29 15:33:47,940 | INFO     |   Количество колонок на выходе: 2503
2026-07-29 15:33:47,940 | INFO     | 
================================================================================
2026-07-29 15:33:47,940 | INFO     | Шаг 4: drop_correlated
2026-07-29 15:33:47,940 | INFO     | ================================================================================
2026-07-29 15:33:47,940 | INFO     |   Количество колонок на входе: 2503
2026-07-29 15:33:47,940 | INFO     |   Количество колонок на выходе: 2503
2026-07-29 15:33:47,940 | INFO     | 
================================================================================
2026-07-29 15:33:47,940 | INFO     | Шаг 5: lgbm_shap
2026-07-29 15:33:47,940 | INFO     | ================================================================================
2026-07-29 15:33:47,941 | INFO     |   Пропущено (disabled in config)
2026-07-29 15:33:47,941 | INFO     | 
================================================================================
2026-07-29 15:33:47,941 | INFO     | ВСЕ ПОСЛЕДОВАТЕЛЬНЫЕ ТЕСТЫ ЗАВЕРШЕНЫ!
2026-07-29 15:33:47,941 | INFO     | ================================================================================
2026-07-29 15:33:47,941 | INFO     | 
Загрузка данных: /user/team/team_ai_avatar/ds/rusakov/feature_selection_benchmark/benchmark_datasets/product_name=tdbase_response/split_type=train
2026-07-29 15:33:51,828 | INFO     |   Загружено 6,417,688 строк и 2502 колонок
2026-07-29 15:33:51,828 | INFO     | 
================================================================================
2026-07-29 15:33:51,828 | INFO     | ПОСЛЕДОВАТЕЛЬНОЕ ТЕСТИРОВАНИЕ: TD
2026-07-29 15:33:51,828 | INFO     | ================================================================================
2026-07-29 15:33:51,828 | INFO     |   Target column: target_attr_1
2026-07-29 15:33:51,830 | INFO     |   Exclude columns: ['dmik_tag_video_content_flg', 'target_attr_1', 'dmik_kids_school_flg', 'bki_all_feats_count_mon_between_reports_okb', 'report_month', 'epk_id', 'bki_all_feats_count_mon_between_reports_equ', 'dmik_tag_kids_flg', 'dmik_kids_small_flg']
2026-07-29 15:33:51,830 | INFO     |   Порядок методов: ['drop_null', 'drop_constant', 'drop_low_variance', 'drop_correlated', 'lgbm_shap']
2026-07-29 15:33:51,830 | INFO     | 
================================================================================
2026-07-29 15:33:51,830 | INFO     | Шаг 1: drop_null
2026-07-29 15:33:51,830 | INFO     | ================================================================================
2026-07-29 15:33:51,830 | INFO     |   Количество колонок на входе: 2502
2026-07-29 15:33:51,830 | INFO     |   Количество колонок на выходе: 2502
2026-07-29 15:33:51,830 | INFO     | 
================================================================================
2026-07-29 15:33:51,830 | INFO     | Шаг 2: drop_constant
2026-07-29 15:33:51,830 | INFO     | ================================================================================
2026-07-29 15:33:51,830 | INFO     |   Количество колонок на входе: 2502
2026-07-29 15:33:51,831 | INFO     |   Количество колонок на выходе: 2502
2026-07-29 15:33:51,831 | INFO     | 
================================================================================
2026-07-29 15:33:51,831 | INFO     | Шаг 3: drop_low_variance
2026-07-29 15:33:51,831 | INFO     | ================================================================================
2026-07-29 15:33:51,831 | INFO     |   Количество колонок на входе: 2502
2026-07-29 15:33:51,831 | INFO     |   Количество колонок на выходе: 2502
2026-07-29 15:33:51,831 | INFO     | 
================================================================================
2026-07-29 15:33:51,831 | INFO     | Шаг 4: drop_correlated
2026-07-29 15:33:51,831 | INFO     | ================================================================================
2026-07-29 15:33:51,831 | INFO     |   Количество колонок на входе: 2502
2026-07-29 15:33:51,831 | INFO     |   Количество колонок на выходе: 2502
2026-07-29 15:33:51,831 | INFO     | 
================================================================================
2026-07-29 15:33:51,831 | INFO     | Шаг 5: lgbm_shap
2026-07-29 15:33:51,831 | INFO     | ================================================================================
2026-07-29 15:33:51,831 | INFO     |   Пропущено (disabled in config)
2026-07-29 15:33:51,831 | INFO     | 
================================================================================
2026-07-29 15:33:51,831 | INFO     | ВСЕ ПОСЛЕДОВАТЕЛЬНЫЕ ТЕСТЫ ЗАВЕРШЕНЫ!
2026-07-29 15:33:51,832 | INFO     | ================================================================================
2026-07-29 15:33:51,832 | INFO     | 
Загрузка данных: /user/team/team_ai_avatar/ds/zaripov/feature_selection_benchmark/product_name=sa_response_sms
2026-07-29 15:33:56,071 | INFO     |   Загружено 25,852,832 строк и 2503 колонок
2026-07-29 15:33:56,071 | INFO     | 
================================================================================
2026-07-29 15:33:56,071 | INFO     | ПОСЛЕДОВАТЕЛЬНОЕ ТЕСТИРОВАНИЕ: SA_SMA
2026-07-29 15:33:56,071 | INFO     | ================================================================================
2026-07-29 15:33:56,071 | INFO     |   Target column: target_attr_1
2026-07-29 15:33:56,073 | INFO     |   Exclude columns: ['dmik_tag_video_content_flg', 'target_attr_1', 'dmik_kids_school_flg', 'bki_all_feats_count_mon_between_reports_okb', 'report_month', 'epk_id', 'bki_all_feats_count_mon_between_reports_equ', 'split_type', 'dmik_tag_kids_flg', 'dmik_kids_small_flg']
2026-07-29 15:33:56,073 | INFO     |   Порядок методов: ['drop_null', 'drop_constant', 'drop_low_variance', 'drop_correlated', 'lgbm_shap']
2026-07-29 15:33:56,073 | INFO     | 
================================================================================
2026-07-29 15:33:56,073 | INFO     | Шаг 1: drop_null
2026-07-29 15:33:56,073 | INFO     | ================================================================================
2026-07-29 15:33:56,073 | INFO     |   Количество колонок на входе: 2503
2026-07-29 15:33:56,073 | INFO     |   Количество колонок на выходе: 2503
2026-07-29 15:33:56,073 | INFO     | 
================================================================================
2026-07-29 15:33:56,073 | INFO     | Шаг 2: drop_constant
2026-07-29 15:33:56,073 | INFO     | ================================================================================
2026-07-29 15:33:56,074 | INFO     |   Количество колонок на входе: 2503
2026-07-29 15:33:56,074 | INFO     |   Количество колонок на выходе: 2503
2026-07-29 15:33:56,074 | INFO     | 
================================================================================
2026-07-29 15:33:56,074 | INFO     | Шаг 3: drop_low_variance
2026-07-29 15:33:56,074 | INFO     | ================================================================================
2026-07-29 15:33:56,074 | INFO     |   Количество колонок на входе: 2503
2026-07-29 15:33:56,074 | INFO     |   Количество колонок на выходе: 2503
2026-07-29 15:33:56,074 | INFO     | 
================================================================================
2026-07-29 15:33:56,074 | INFO     | Шаг 4: drop_correlated
2026-07-29 15:33:56,074 | INFO     | ================================================================================
2026-07-29 15:33:56,074 | INFO     |   Количество колонок на входе: 2503
2026-07-29 15:33:56,074 | INFO     |   Количество колонок на выходе: 2503
2026-07-29 15:33:56,074 | INFO     | 
================================================================================
2026-07-29 15:33:56,075 | INFO     | Шаг 5: lgbm_shap
2026-07-29 15:33:56,075 | INFO     | ================================================================================
2026-07-29 15:33:56,075 | INFO     |   Пропущено (disabled in config)
2026-07-29 15:33:56,075 | INFO     | 
================================================================================
2026-07-29 15:33:56,075 | INFO     | ВСЕ ПОСЛЕДОВАТЕЛЬНЫЕ ТЕСТЫ ЗАВЕРШЕНЫ!
2026-07-29 15:33:56,075 | INFO     | ================================================================================
2026-07-29 15:33:56,075 | INFO     | 
================================================================================
2026-07-29 15:33:56,075 | INFO     | ВСЕ ТЕСТЫ ЗАВЕРШЕНЫ!
2026-07-29 15:33:56,075 | INFO     | ================================================================================
