2026-07-24 13:09:08 | INFO     | Конфигурация загружена из config.yaml
2026-07-24 13:09:08 | INFO     | Spark feature selection: use_optuna=False
2026-07-24 13:09:08 | INFO     | 
================================================================================
2026-07-24 13:09:08 | INFO     | ШАГ 1: Загрузка данных...
2026-07-24 13:09:08 | INFO     | ================================================================================
2026-07-24 13:09:42 | INFO     | Загружено 1,373,107 строк и 4469 колонок
2026-07-24 13:09:42 | INFO     | 
================================================================================
2026-07-24 13:09:42 | INFO     | ШАГ 2: Удаление колонок...
2026-07-24 13:09:42 | INFO     | ================================================================================
2026-07-24 13:09:43 | INFO     | Удалено 34 колонок
2026-07-24 13:09:43 | INFO     | Осталось колонок: 4464
2026-07-24 13:09:43 | INFO     | 
================================================================================
2026-07-24 13:09:43 | INFO     | ШАГ 3: Стратифицированный сэмпл...
2026-07-24 13:09:43 | INFO     | ================================================================================
2026-07-24 13:09:59 | INFO     | Распределение в сэмпле: [(1, 991), (0, 136820)]
2026-07-24 13:09:59 | INFO     | Сэмпл получен: 137,811 строк
2026-07-24 13:09:59 | INFO     | 
================================================================================
2026-07-24 13:09:59 | INFO     | ШАГ 4: Удаление NULL колонок...
2026-07-24 13:09:59 | INFO     | ================================================================================
2026-07-24 13:11:58 | INFO     | Удалено NULL колонок: 1078
2026-07-24 13:11:58 | INFO     | Осталось колонок: 3386
2026-07-24 13:11:58 | INFO     | 
================================================================================
2026-07-24 13:11:58 | INFO     | ШАГ 5: Удаление константных колонок...
2026-07-24 13:11:58 | INFO     | ================================================================================
2026-07-24 13:16:34 | INFO     | Удалено константных колонок: 1656
2026-07-24 13:16:34 | INFO     | Осталось колонок: 1730
2026-07-24 13:16:34 | INFO     | 
================================================================================
2026-07-24 13:16:34 | INFO     | ШАГ 6: Удаление низкодисперсионных колонок...
2026-07-24 13:16:34 | INFO     | ================================================================================
2026-07-24 13:19:02 | INFO     | Удалено низкодисперсионных колонок: 0
2026-07-24 13:19:02 | INFO     | Осталось колонок: 1730
2026-07-24 13:19:02 | INFO     | 
================================================================================
2026-07-24 13:19:02 | INFO     | ШАГ 7: Отбор признаков (Spark LGBM/SHAP)...
2026-07-24 13:19:02 | INFO     | ================================================================================
2026-07-24 13:19:04 | INFO     | Количество строк (137811) превышает max_rows_limit (50000). Будет использовано 50000 строк.
2026-07-24 13:20:06 | INFO     | Обучение селектора... 1126 признаков, 50000 строк
2026-07-24 13:20:06 | INFO     | Обучение LGBM селектора...
2026-07-24 13:20:52 | INFO     | Обучение SHAP селектора...
2026-07-24 13:21:53 | INFO     | Результаты отбора:
2026-07-24 13:21:53 | INFO     | LGBM: 236 признаков
2026-07-24 13:21:53 | INFO     | SHAP: 91 признаков
2026-07-24 13:21:53 | INFO     | Пересечение: 76 признаков
2026-07-24 13:21:53 | INFO     | Отобрано признаков: 76
2026-07-24 13:21:53 | INFO     | Удалено признаков: 1654
2026-07-24 13:21:53 | INFO     | Пример отобранных: ['lne_pl_agr_open_ever_qty', 'crd_pos_eat_out_3m_qty', 'cust_cnsmr_cred_pd_model_code', 'min_cust_calc_income_v3_rub_amt_6m', 'srv_sbol_web_1st_login_ever_dt', 'srv_udbo_mnth_open_qty', 'dep_topup_12m_qty', 'lne_tot_min_open_dt', 'lne_mnth_snc_lst_close_qty', 'prd_mnth_1st_prod_open_qty']
2026-07-24 13:21:55 | INFO     | 
================================================================================
2026-07-24 13:21:55 | INFO     | ФИНАЛЬНЫЙ ОТЧЕТ
2026-07-24 13:21:55 | INFO     | ================================================================================
2026-07-24 13:21:55 | INFO     | 
--- Статистика по шагам ---
2026-07-24 13:21:55 | INFO     | data_loading: 34.32 сек
2026-07-24 13:21:55 | INFO     | drop_columns: 0.43 сек
2026-07-24 13:21:55 | INFO     | stratified_sample: 16.52 сек
2026-07-24 13:21:55 | INFO     | drop_null: 119.00 сек
2026-07-24 13:21:55 | INFO     | drop_constant: 275.47 сек
2026-07-24 13:21:55 | INFO     | drop_variance: 148.03 сек
2026-07-24 13:21:55 | INFO     | spark_feature_selection: 170.92 сек
2026-07-24 13:21:55 | INFO     | 
--- Финальные статы ---
2026-07-24 13:21:55 | INFO     | Финальных колонок: 76
2026-07-24 13:21:55 | INFO     | Финальных строк: 137811
2026-07-24 13:21:55 | INFO     | Отобранных признаков: 76
2026-07-24 13:21:55 | INFO     | 
================================================================================
2026-07-24 13:21:55 | INFO     | ПИПЛАЙН ЗАВЕРШЕН! Время: 801.41 сек
2026-07-24 13:21:55 | INFO     | ================================================================================
2026-07-24 13:21:55 | INFO     | Список отобранных признаков сохранен в selected_features.txt
2026-07-24 13:21:55 | INFO     | Closing down clientserver connection
