2026-07-28 14:42:07 | INFO     | Конфигурация загружена из config.yaml
2026-07-28 14:42:07 | INFO     | Spark feature selection: use_optuna=False
2026-07-28 14:42:07 | INFO     | 
================================================================================
2026-07-28 14:42:07 | INFO     | ШАГ 1: Загрузка данных...
2026-07-28 14:42:07 | INFO     | ================================================================================
2026-07-28 14:42:21 | INFO     | Загружено 1,373,107 строк и 4469 колонок
2026-07-28 14:42:21 | INFO     | 
================================================================================
2026-07-28 14:42:21 | INFO     | ШАГ 2: Удаление колонок...
2026-07-28 14:42:21 | INFO     | ================================================================================
2026-07-28 14:42:22 | INFO     | Удалено 34 колонок
2026-07-28 14:42:22 | INFO     | Осталось колонок: 4464
2026-07-28 14:42:22 | INFO     | 
================================================================================
2026-07-28 14:42:22 | INFO     | ШАГ 3: Стратифицированный сэмпл...
2026-07-28 14:42:22 | INFO     | ================================================================================
2026-07-28 14:42:54 | INFO     | Распределение в сэмпле: [(1, 991), (0, 136820)]
2026-07-28 14:42:54 | INFO     | Сэмпл получен: 137,811 строк
2026-07-28 14:42:54 | INFO     | 
================================================================================
2026-07-28 14:42:54 | INFO     | ШАГ 4: Удаление NULL колонок...
2026-07-28 14:42:54 | INFO     | ================================================================================
2026-07-28 14:45:04 | INFO     | Удалено NULL колонок: 1078
2026-07-28 14:45:04 | INFO     | Осталось колонок: 3386
2026-07-28 14:45:04 | INFO     | 
================================================================================
2026-07-28 14:45:04 | INFO     | ШАГ 5: Удаление константных колонок...
2026-07-28 14:45:04 | INFO     | ================================================================================
2026-07-28 14:50:07 | INFO     | Удалено константных колонок: 1656
2026-07-28 14:50:07 | INFO     | Осталось колонок: 1730
2026-07-28 14:50:07 | INFO     | 
================================================================================
2026-07-28 14:50:07 | INFO     | ШАГ 6: Удаление низкодисперсионных колонок...
2026-07-28 14:50:07 | INFO     | ================================================================================
2026-07-28 14:50:07 | INFO     | Пропущено (disabled in config)
2026-07-28 14:50:07 | INFO     | 
================================================================================
2026-07-28 14:50:07 | INFO     | ШАГ 7: Boruta-SHAP отбор...
2026-07-28 14:50:07 | INFO     | ================================================================================
2026-07-28 15:07:49 | INFO     | Closing down clientserver connection
