2026-07-28 14:17:00 | INFO     | Конфигурация загружена из config.yaml
2026-07-28 14:17:00 | INFO     | Spark feature selection: use_optuna=False
2026-07-28 14:17:00 | INFO     | 
================================================================================
2026-07-28 14:17:00 | INFO     | ШАГ 1: Загрузка данных...
2026-07-28 14:17:00 | INFO     | ================================================================================
2026-07-28 14:17:20 | INFO     | Загружено 1,373,107 строк и 4469 колонок
2026-07-28 14:17:20 | INFO     | 
================================================================================
2026-07-28 14:17:20 | INFO     | ШАГ 2: Удаление колонок...
2026-07-28 14:17:20 | INFO     | ================================================================================
2026-07-28 14:17:21 | INFO     | Удалено 34 колонок
2026-07-28 14:17:21 | INFO     | Осталось колонок: 4464
2026-07-28 14:17:21 | INFO     | 
================================================================================
2026-07-28 14:17:21 | INFO     | ШАГ 3: Стратифицированный сэмпл...
2026-07-28 14:17:21 | INFO     | ================================================================================
2026-07-28 14:18:45 | INFO     | Распределение в сэмпле: [(1, 991), (0, 136820)]
2026-07-28 14:18:45 | INFO     | Сэмпл получен: 137,811 строк
2026-07-28 14:18:45 | INFO     | 
================================================================================
2026-07-28 14:18:45 | INFO     | ШАГ 4: Удаление NULL колонок...
2026-07-28 14:18:45 | INFO     | ================================================================================
2026-07-28 14:20:39 | INFO     | Удалено NULL колонок: 1078
2026-07-28 14:20:39 | INFO     | Осталось колонок: 3386
2026-07-28 14:20:39 | INFO     | 
================================================================================
2026-07-28 14:20:39 | INFO     | ШАГ 5: Удаление константных колонок...
2026-07-28 14:20:39 | INFO     | ================================================================================
2026-07-28 14:24:18 | INFO     | Удалено константных колонок: 1656
2026-07-28 14:24:18 | INFO     | Осталось колонок: 1730
2026-07-28 14:24:18 | INFO     | 
================================================================================
2026-07-28 14:24:18 | INFO     | ШАГ 6: Удаление низкодисперсионных колонок...
2026-07-28 14:24:18 | INFO     | ================================================================================
2026-07-28 14:26:09 | INFO     | Удалено низкодисперсионных колонок: 0
2026-07-28 14:26:09 | INFO     | Осталось колонок: 1730
2026-07-28 14:26:09 | INFO     | 
================================================================================
2026-07-28 14:26:09 | INFO     | ШАГ 7: Отбор признаков (Spark LGBM/SHAP)...
2026-07-28 14:26:09 | INFO     | ================================================================================
2026-07-28 14:36:39 | INFO     | Closing down clientserver connection
