2026-07-24 12:49:19 | INFO     | Конфигурация загружена из config.yaml
2026-07-24 12:49:19 | INFO     | Spark feature selection: use_optuna=False
2026-07-24 12:49:19 | INFO     | 
================================================================================
2026-07-24 12:49:19 | INFO     | ШАГ 1: Загрузка данных...
2026-07-24 12:49:19 | INFO     | ================================================================================
2026-07-24 12:49:45 | INFO     | Загружено 1,373,107 строк и 4469 колонок
2026-07-24 12:49:45 | INFO     | 
================================================================================
2026-07-24 12:49:45 | INFO     | ШАГ 2: Удаление колонок...
2026-07-24 12:49:45 | INFO     | ================================================================================
2026-07-24 12:49:45 | INFO     | Удалено 34 колонок
2026-07-24 12:49:45 | INFO     | Осталось колонок: 4464
2026-07-24 12:49:45 | INFO     | 
================================================================================
2026-07-24 12:49:45 | INFO     | ШАГ 3: Стратифицированный сэмпл...
2026-07-24 12:49:45 | INFO     | ================================================================================
2026-07-24 12:50:12 | INFO     | Распределение в сэмпле: [(1, 991), (0, 136820)]
2026-07-24 12:50:12 | INFO     | Сэмпл получен: 137,811 строк
2026-07-24 12:50:12 | INFO     | 
================================================================================
2026-07-24 12:50:12 | INFO     | ШАГ 4: Удаление NULL колонок...
2026-07-24 12:50:12 | INFO     | ================================================================================
2026-07-24 12:53:29 | INFO     | Удалено NULL колонок: 1078
2026-07-24 12:53:29 | INFO     | Осталось колонок: 3386
2026-07-24 12:53:29 | INFO     | 
================================================================================
2026-07-24 12:53:29 | INFO     | ШАГ 5: Удаление константных колонок...
2026-07-24 12:53:29 | INFO     | ================================================================================
2026-07-24 12:57:30 | INFO     | Удалено константных колонок: 1656
2026-07-24 12:57:30 | INFO     | Осталось колонок: 1730
2026-07-24 12:57:30 | INFO     | 
================================================================================
2026-07-24 12:57:30 | INFO     | ШАГ 6: Удаление низкодисперсионных колонок...
2026-07-24 12:57:30 | INFO     | ================================================================================
2026-07-24 12:59:38 | INFO     | Удалено низкодисперсионных колонок: 0
2026-07-24 12:59:38 | INFO     | Осталось колонок: 1730
2026-07-24 12:59:39 | INFO     | 
================================================================================
2026-07-24 12:59:39 | INFO     | ШАГ 7: Отбор признаков (Spark LGBM/SHAP)...
2026-07-24 12:59:39 | INFO     | ================================================================================
2026-07-24 12:59:41 | INFO     | Количество строк (137811) превышает max_rows_limit (100000). Будет использовано 100000 строк.
2026-07-24 13:01:31 | INFO     | Обучение селектора... 1126 признаков, 100000 строк
2026-07-24 13:01:31 | INFO     | Обучение LGBM селектора...
2026-07-24 13:03:28 | INFO     | Обучение SHAP селектора...
2026-07-24 13:04:34 | INFO     | Error while receiving.
Traceback (most recent call last):
  File "/opt/spark/python/lib/py4j-0.10.9.7-src.zip/py4j/clientserver.py", line 516, in send_command
    raise Py4JNetworkError("Answer from Java side is empty")
py4j.protocol.Py4JNetworkError: Answer from Java side is empty
2026-07-24 13:04:34 | INFO     | Closing down clientserver connection
2026-07-24 13:04:34 | ERROR    | Exception while sending command.
Traceback (most recent call last):
  File "/opt/spark/python/lib/py4j-0.10.9.7-src.zip/py4j/clientserver.py", line 516, in send_command
    raise Py4JNetworkError("Answer from Java side is empty")
py4j.protocol.Py4JNetworkError: Answer from Java side is empty

During handling of the above exception, another exception occurred:

Traceback (most recent call last):
  File "/opt/spark/python/lib/py4j-0.10.9.7-src.zip/py4j/java_gateway.py", line 1038, in send_command
    response = connection.send_command(command)
               ^^^^^^^^^^^^^^^^^^^^^^^^^^^^^^^^
  File "/opt/spark/python/lib/py4j-0.10.9.7-src.zip/py4j/clientserver.py", line 539, in send_command
    raise Py4JNetworkError(
py4j.protocol.Py4JNetworkError: Error while sending or receiving
2026-07-24 13:04:34 | INFO     | Closing down clientserver connection
2026-07-24 13:04:35 | INFO     | Closing down clientserver connection
2026-07-24 13:04:36 | INFO     | Closing down clientserver connection
2026-07-24 13:04:36 | INFO     | Closing down clientserver connection
2026-07-24 13:04:36 | INFO     | Closing down clientserver connection
2026-07-24 13:04:36 | INFO     | Closing down clientserver connection
