2026-07-28 07:33:00 | INFO     | Конфигурация загружена из config.yaml
2026-07-28 07:33:00 | INFO     | Spark feature selection: use_optuna=False
2026-07-28 07:33:00 | INFO     | 
================================================================================
2026-07-28 07:33:00 | INFO     | ШАГ 1: Загрузка данных...
2026-07-28 07:33:00 | INFO     | ================================================================================
2026-07-28 07:33:39 | INFO     | Загружено 1,373,107 строк и 4469 колонок
2026-07-28 07:33:39 | INFO     | 
================================================================================
2026-07-28 07:33:39 | INFO     | ШАГ 2: Удаление колонок...
2026-07-28 07:33:39 | INFO     | ================================================================================
2026-07-28 07:33:40 | INFO     | Удалено 34 колонок
2026-07-28 07:33:40 | INFO     | Осталось колонок: 4464
2026-07-28 07:33:40 | INFO     | 
================================================================================
2026-07-28 07:33:40 | INFO     | ШАГ 3: Стратифицированный сэмпл...
2026-07-28 07:33:40 | INFO     | ================================================================================
2026-07-28 07:34:50 | INFO     | Распределение в сэмпле: [(1, 991), (0, 136820)]
2026-07-28 07:34:50 | INFO     | Сэмпл получен: 137,811 строк
2026-07-28 07:34:50 | INFO     | 
================================================================================
2026-07-28 07:34:50 | INFO     | ШАГ 4: Удаление NULL колонок...
2026-07-28 07:34:50 | INFO     | ================================================================================
2026-07-28 07:36:40 | INFO     | Удалено NULL колонок: 1078
2026-07-28 07:36:40 | INFO     | Осталось колонок: 3386
2026-07-28 07:36:40 | INFO     | 
================================================================================
2026-07-28 07:36:40 | INFO     | ШАГ 5: Удаление константных колонок...
2026-07-28 07:36:40 | INFO     | ================================================================================
2026-07-28 07:40:51 | INFO     | Удалено константных колонок: 1656
2026-07-28 07:40:51 | INFO     | Осталось колонок: 1730
2026-07-28 07:40:51 | INFO     | 
================================================================================
2026-07-28 07:40:51 | INFO     | ШАГ 6: Удаление низкодисперсионных колонок...
2026-07-28 07:40:51 | INFO     | ================================================================================
2026-07-28 07:44:15 | INFO     | Удалено низкодисперсионных колонок: 0
2026-07-28 07:44:15 | INFO     | Осталось колонок: 1730
2026-07-28 07:44:15 | INFO     | 
================================================================================
2026-07-28 07:44:15 | INFO     | ШАГ 7: Отбор признаков (Spark LGBM/SHAP)...
2026-07-28 07:44:15 | INFO     | ================================================================================
2026-07-28 07:44:20 | INFO     | Количество строк (137811) превышает max_rows_limit (50000). Будет использовано 50000 строк.
2026-07-28 07:45:48 | INFO     | Обучение селектора... 1126 признаков, 50000 строк
2026-07-28 07:45:48 | INFO     | Обучение LGBM селектора...
2026-07-28 07:46:32 | INFO     | Обучение SHAP селектора...
2026-07-28 07:47:20 | INFO     | Результаты отбора:
2026-07-28 07:47:20 | INFO     | LGBM: 245 признаков
2026-07-28 07:47:20 | INFO     | SHAP: 104 признаков
2026-07-28 07:47:20 | INFO     | Пересечение: 91 признаков
2026-07-28 07:47:20 | INFO     | Отобрано признаков: 91
2026-07-28 07:47:20 | INFO     | Удалено признаков: 1639
2026-07-28 07:47:20 | INFO     | Пример отобранных: ['srv_sbol_txn_3m_qty', 'prime_sub_duration', 'dep_acct_dep_mnth_lst_open_qty', 'srv_sbol_mnth_1st_txn_qty', 'crd_trx_dc_cash_6m_qty', 'sbol_section_map_4', 'cla_curr_acc_active_last_dt', 'srv_mb_mnth_lst_txn_qty', 'sbol_category_map_593', 'pl_min_rate_overall']
2026-07-28 07:47:22 | INFO     | 
================================================================================
2026-07-28 07:47:22 | INFO     | ФИНАЛЬНЫЙ ОТЧЕТ
2026-07-28 07:47:22 | INFO     | ================================================================================
2026-07-28 07:47:22 | INFO     | 
--- Статистика по шагам ---
2026-07-28 07:47:22 | INFO     | data_loading: 39.19 сек
2026-07-28 07:47:22 | INFO     | drop_columns: 0.44 сек
2026-07-28 07:47:22 | INFO     | stratified_sample: 70.66 сек
2026-07-28 07:47:22 | INFO     | drop_null: 109.90 сек
2026-07-28 07:47:22 | INFO     | drop_constant: 251.03 сек
2026-07-28 07:47:22 | INFO     | drop_variance: 204.05 сек
2026-07-28 07:47:22 | INFO     | spark_feature_selection: 184.76 сек
2026-07-28 07:47:22 | INFO     | 
--- Финальные статы ---
2026-07-28 07:47:22 | INFO     | Финальных колонок: 91
2026-07-28 07:47:22 | INFO     | Финальных строк: 137811
2026-07-28 07:47:22 | INFO     | Отобранных признаков: 91
2026-07-28 07:47:22 | INFO     | 
================================================================================
2026-07-28 07:47:22 | INFO     | ПИПЛАЙН ЗАВЕРШЕН! Время: 896.30 сек
2026-07-28 07:47:22 | INFO     | ================================================================================
2026-07-28 07:47:22 | INFO     | Список отобранных признаков сохранен в selected_features.txt
2026-07-28 07:47:22 | INFO     | Closing down clientserver connection
