2026-07-29 15:35:59,673 | INFO     | Запуск последовательного тестирования методов
2026-07-29 15:35:59,673 | INFO     | 
Загрузка путей из paths_sequential.yaml
2026-07-29 15:35:59,678 | INFO     | Найдено 4 датасетов: ['PD', 'SA_ERKC', 'TD', 'SA_SMA']
2026-07-29 15:36:33,649 | INFO     | Spark сессия запущена! Время: 33.97 сек
2026-07-29 15:36:33,651 | INFO     | 
Загрузка данных: /user/team/team_ai_avatar/ds/rusakov/feature_selection_benchmark/benchmark_datasets/product_name=pd_cc/split_type=train
2026-07-29 15:37:19,812 | INFO     |   Загружено 2,817,137 строк и 2502 колонок
2026-07-29 15:37:19,813 | INFO     | 
================================================================================
2026-07-29 15:37:19,813 | INFO     | ПОСЛЕДОВАТЕЛЬНОЕ ТЕСТИРОВАНИЕ: PD
2026-07-29 15:37:19,813 | INFO     | ================================================================================
2026-07-29 15:37:19,813 | INFO     |   Target column: target_attr_1
2026-07-29 15:37:19,815 | INFO     |   Exclude columns: ['bki_all_feats_count_mon_between_reports_okb', 'dmik_kids_school_flg', 'target_attr_1', 'epk_id', 'dmik_tag_video_content_flg', 'dmik_tag_kids_flg', 'bki_all_feats_count_mon_between_reports_equ', 'dmik_kids_small_flg', 'report_month']
2026-07-29 15:37:19,815 | INFO     |   Порядок методов: ['drop_null', 'drop_constant', 'drop_low_variance', 'drop_correlated', 'lgbm_shap']
2026-07-29 15:37:19,815 | INFO     | 
================================================================================
2026-07-29 15:37:19,815 | INFO     | Шаг 1: drop_null
2026-07-29 15:37:19,815 | INFO     | ================================================================================
2026-07-29 15:37:19,815 | INFO     |   Количество колонок на входе: 2502
2026-07-29 15:37:19,815 | INFO     |   Test drop_null with max_null_fraction=0.95
2026-07-29 15:40:24,462 | INFO     |   Выкинуто: 178 колонок -> results/sequential/PD/null_0.95_cols.txt
2026-07-29 15:40:24,464 | INFO     |   Количество колонок на выходе: 2324
2026-07-29 15:40:24,464 | INFO     | 
================================================================================
2026-07-29 15:40:24,464 | INFO     | Шаг 2: drop_constant
2026-07-29 15:40:24,464 | INFO     | ================================================================================
2026-07-29 15:40:24,464 | INFO     |   Количество колонок на входе: 2324
2026-07-29 15:40:24,464 | INFO     |   Test drop_constant with tol=0.95
2026-07-29 15:50:50,882 | INFO     |   Выкинуто: 721 колонок -> results/sequential/PD/constant_0.95_cols.txt
2026-07-29 15:50:50,883 | INFO     |   Количество колонок на выходе: 1781
2026-07-29 15:50:50,883 | INFO     | 
================================================================================
2026-07-29 15:50:50,884 | INFO     | Шаг 3: drop_low_variance
2026-07-29 15:50:50,884 | INFO     | ================================================================================
2026-07-29 15:50:50,884 | INFO     |   Количество колонок на входе: 1781
2026-07-29 15:50:50,884 | INFO     |   Test drop_low_variance with min_variance=0.025, scale=minmax
2026-07-29 15:57:28,596 | INFO     |   Выкинуто: 2162 колонок (scale=minmax, param=0.025) -> results/sequential/PD/variance_0.025_minmax_cols.txt
2026-07-29 15:57:28,597 | INFO     |   Количество колонок на выходе: 340
2026-07-29 15:57:28,597 | INFO     | 
================================================================================
2026-07-29 15:57:28,597 | INFO     | Шаг 4: drop_correlated
2026-07-29 15:57:28,597 | INFO     | ================================================================================
2026-07-29 15:57:28,597 | INFO     |   Количество колонок на входе: 340
2026-07-29 15:57:28,598 | INFO     |   Test drop_correlated with corr_threshold=0.95
2026-07-29 16:01:45,451 | INFO     |   Выкинуто: 2216 колонок -> results/sequential/PD/correlated_0.95_cols.txt
2026-07-29 16:01:45,452 | INFO     |   Количество колонок на выходе: 286
2026-07-29 16:01:45,452 | INFO     | 
================================================================================
2026-07-29 16:01:45,453 | INFO     | Шаг 5: lgbm_shap
2026-07-29 16:01:45,453 | INFO     | ================================================================================
2026-07-29 16:01:45,453 | INFO     |   Пропущено (disabled in config)
2026-07-29 16:01:45,453 | INFO     | 
================================================================================
2026-07-29 16:01:45,453 | INFO     | ВСЕ ПОСЛЕДОВАТЕЛЬНЫЕ ТЕСТЫ ЗАВЕРШЕНЫ!
2026-07-29 16:01:45,453 | INFO     | ================================================================================
2026-07-29 16:01:45,453 | INFO     | 
Загрузка данных: /user/team/team_ai_avatar/ds/zaripov/feature_selection_benchmark/product_name=sa_response_erkc
2026-07-29 16:02:00,227 | INFO     |   Загружено 5,198,303 строк и 2503 колонок
2026-07-29 16:02:00,227 | INFO     | 
================================================================================
2026-07-29 16:02:00,227 | INFO     | ПОСЛЕДОВАТЕЛЬНОЕ ТЕСТИРОВАНИЕ: SA_ERKC
2026-07-29 16:02:00,228 | INFO     | ================================================================================
2026-07-29 16:02:00,228 | INFO     |   Target column: target_attr_1
2026-07-29 16:02:00,229 | INFO     |   Exclude columns: ['bki_all_feats_count_mon_between_reports_okb', 'dmik_kids_school_flg', 'target_attr_1', 'epk_id', 'dmik_tag_video_content_flg', 'dmik_tag_kids_flg', 'split_type', 'bki_all_feats_count_mon_between_reports_equ', 'dmik_kids_small_flg', 'report_month']
2026-07-29 16:02:00,229 | INFO     |   Порядок методов: ['drop_null', 'drop_constant', 'drop_low_variance', 'drop_correlated', 'lgbm_shap']
2026-07-29 16:02:00,229 | INFO     | 
================================================================================
2026-07-29 16:02:00,229 | INFO     | Шаг 1: drop_null
2026-07-29 16:02:00,229 | INFO     | ================================================================================
2026-07-29 16:02:00,229 | INFO     |   Количество колонок на входе: 2503
2026-07-29 16:02:00,230 | INFO     |   Test drop_null with max_null_fraction=0.95
2026-07-29 16:02:59,132 | ERROR    |   ОШИБКА: An error occurred while calling o81942.collectToPython
2026-07-29 16:02:59,132 | ERROR    | Детали ошибки:
Traceback (most recent call last):
  File "/home/datalab/nfs/bogachev/fmlib-feature-selection/dev/bogachev/sequential_test.py", line 402, in main
    run_sequential_tests(original_df, original_df, dataset_name, SEQUENTIAL_DIR, config, logger)
  File "/home/datalab/nfs/bogachev/fmlib-feature-selection/dev/bogachev/sequential_test.py", line 272, in run_sequential_tests
    result_df = test_drop_null(current_df, target_col, exclude_cols, param, dataset_name, logger)
                ^^^^^^^^^^^^^^^^^^^^^^^^^^^^^^^^^^^^^^^^^^^^^^^^^^^^^^^^^^^^^^^^^^^^^^^^^^^^^^^^^
  File "/home/datalab/nfs/bogachev/fmlib-feature-selection/dev/bogachev/sequential_test.py", line 164, in test_drop_null
    result = drop_null_features(df, max_null_fraction=max_null_fraction, exclude_cols=exclude_cols)
             ^^^^^^^^^^^^^^^^^^^^^^^^^^^^^^^^^^^^^^^^^^^^^^^^^^^^^^^^^^^^^^^^^^^^^^^^^^^^^^^^^^^^^^
  File "/home/datalab/nfs/bogachev/fmlib-feature-selection/dev/bogachev/methods/NullDropper.py", line 39, in drop_null_features
    metrics = df.agg(*agg_exprs).first().asDict()
              ^^^^^^^^^^^^^^^^^^^^^^^^^^
  File "/spark/python/pyspark/sql/dataframe.py", line 2997, in first
    return self.head()
           ^^^^^^^^^^^
  File "/spark/python/pyspark/sql/dataframe.py", line 2973, in head
    rs = self.head(1)
         ^^^^^^^^^^^^
  File "/spark/python/pyspark/sql/dataframe.py", line 2975, in head
    return self.take(n)
           ^^^^^^^^^^^^
  File "/spark/python/pyspark/sql/dataframe.py", line 1407, in take
    return self.limit(num).collect()
           ^^^^^^^^^^^^^^^^^^^^^^^^^
  File "/spark/python/pyspark/sql/dataframe.py", line 1263, in collect
    sock_info = self._jdf.collectToPython()
                ^^^^^^^^^^^^^^^^^^^^^^^^^^^
  File "/spark/python/lib/py4j-0.10.9.7-src.zip/py4j/java_gateway.py", line 1322, in __call__
    return_value = get_return_value(
                   ^^^^^^^^^^^^^^^^^
  File "/spark/python/pyspark/errors/exceptions/captured.py", line 179, in deco
    return f(*a, **kw)
           ^^^^^^^^^^^
  File "/spark/python/lib/py4j-0.10.9.7-src.zip/py4j/protocol.py", line 334, in get_return_value
    raise Py4JError(
py4j.protocol.Py4JError: An error occurred while calling o81942.collectToPython
2026-07-29 16:02:59,134 | INFO     | 
Загрузка данных: /user/team/team_ai_avatar/ds/rusakov/feature_selection_benchmark/benchmark_datasets/product_name=tdbase_response/split_type=train
2026-07-29 16:02:59,328 | ERROR    |   ОШИБКА: An error occurred while calling o81943.parquet
2026-07-29 16:02:59,328 | ERROR    | Детали ошибки:
Traceback (most recent call last):
  File "/home/datalab/nfs/bogachev/fmlib-feature-selection/dev/bogachev/sequential_test.py", line 395, in main
    original_df = spark.read.parquet(train_path)
                  ^^^^^^^^^^^^^^^^^^^^^^^^^^^^^^
  File "/spark/python/pyspark/sql/readwriter.py", line 544, in parquet
    return self._df(self._jreader.parquet(_to_seq(self._spark._sc, paths)))
                    ^^^^^^^^^^^^^^^^^^^^^^^^^^^^^^^^^^^^^^^^^^^^^^^^^^^^^^
  File "/spark/python/lib/py4j-0.10.9.7-src.zip/py4j/java_gateway.py", line 1322, in __call__
    return_value = get_return_value(
                   ^^^^^^^^^^^^^^^^^
  File "/spark/python/pyspark/errors/exceptions/captured.py", line 179, in deco
    return f(*a, **kw)
           ^^^^^^^^^^^
  File "/spark/python/lib/py4j-0.10.9.7-src.zip/py4j/protocol.py", line 334, in get_return_value
    raise Py4JError(
py4j.protocol.Py4JError: An error occurred while calling o81943.parquet
2026-07-29 16:02:59,329 | INFO     | 
Загрузка данных: /user/team/team_ai_avatar/ds/zaripov/feature_selection_benchmark/product_name=sa_response_sms
2026-07-29 16:02:59,532 | ERROR    |   ОШИБКА: An error occurred while calling o81946.parquet
2026-07-29 16:02:59,532 | ERROR    | Детали ошибки:
Traceback (most recent call last):
  File "/home/datalab/nfs/bogachev/fmlib-feature-selection/dev/bogachev/sequential_test.py", line 395, in main
    original_df = spark.read.parquet(train_path)
                  ^^^^^^^^^^^^^^^^^^^^^^^^^^^^^^
  File "/spark/python/pyspark/sql/readwriter.py", line 544, in parquet
    return self._df(self._jreader.parquet(_to_seq(self._spark._sc, paths)))
                    ^^^^^^^^^^^^^^^^^^^^^^^^^^^^^^^^^^^^^^^^^^^^^^^^^^^^^^
  File "/spark/python/lib/py4j-0.10.9.7-src.zip/py4j/java_gateway.py", line 1322, in __call__
    return_value = get_return_value(
                   ^^^^^^^^^^^^^^^^^
  File "/spark/python/pyspark/errors/exceptions/captured.py", line 179, in deco
    return f(*a, **kw)
           ^^^^^^^^^^^
  File "/spark/python/lib/py4j-0.10.9.7-src.zip/py4j/protocol.py", line 334, in get_return_value
    raise Py4JError(
py4j.protocol.Py4JError: An error occurred while calling o81946.parquet
2026-07-29 16:02:59,533 | INFO     | 
================================================================================
2026-07-29 16:02:59,533 | INFO     | ВСЕ ТЕСТЫ ЗАВЕРШЕНЫ!
2026-07-29 16:02:59,533 | INFO     | ================================================================================
