2026-07-30 11:28:32,924 | INFO     | Запуск пайплайна отбора признаков
2026-07-30 11:28:32,924 | INFO     | 
Загрузка путей из pipeline_conf.yaml
2026-07-30 11:28:32,934 | INFO     | Найдено 4 датасетов: ['PD', 'SA_ERKC', 'TD', 'SA_SMA']
2026-07-30 11:29:07,127 | INFO     | Spark сессия запущена! Время: 34.19 сек
2026-07-30 11:29:07,128 | INFO     | 
Загрузка данных: /user/team/team_ai_avatar/ds/rusakov/feature_selection_benchmark/benchmark_datasets/product_name=pd_cc/split_type=train
2026-07-30 11:30:44,813 | INFO     |   Загружено 2,817,137 строк и 2502 колонок
2026-07-30 11:30:44,814 | INFO     |   Загрузка колонок для дропа из results/sequential/PD/constant_0.95_cols.txt
2026-07-30 11:30:44,817 | INFO     |   Найдено 721 колонок для дропа
2026-07-30 11:30:46,746 | INFO     |   После дропа: 1781 колонок
2026-07-30 11:30:46,746 | INFO     | 
================================================================================
2026-07-30 11:30:46,746 | INFO     | ПИПЛИН ОТБОРА: PD
2026-07-30 11:30:46,746 | INFO     | ================================================================================
2026-07-30 11:30:46,746 | INFO     |   Target column: target_attr_1
2026-07-30 11:30:46,748 | INFO     |   Exclude columns: ['bki_all_feats_count_mon_between_reports_okb', 'dmik_tag_kids_flg', 'dmik_kids_school_flg', 'bki_all_feats_count_mon_between_reports_equ', 'target_attr_1', 'report_month', 'dmik_tag_video_content_flg', 'epk_id', 'dmik_kids_small_flg']
2026-07-30 11:30:46,748 | INFO     |   Порядок методов: ['drop_low_variance', 'drop_correlated', 'lgbm_shap']
2026-07-30 11:30:46,748 | INFO     | 
ГИПЕРПАРАМЕТРЫ МЕТОДОВ:
2026-07-30 11:30:46,748 | INFO     |   drop_null:
2026-07-30 11:30:46,748 | INFO     |     enabled: false
2026-07-30 11:30:46,748 | INFO     |   drop_constant:
2026-07-30 11:30:46,748 | INFO     |     enabled: true, params: [0.95, 0.99, 1.0], chunk_size: 1000
2026-07-30 11:30:46,748 | INFO     |   drop_low_variance:
2026-07-30 11:30:46,748 | INFO     |     enabled: false
2026-07-30 11:30:46,748 | INFO     |   drop_correlated:
2026-07-30 11:30:46,748 | INFO     |     enabled: true, params: [0.95]
2026-07-30 11:30:46,748 | INFO     |   lgbm_shap:
2026-07-30 11:30:46,748 | INFO     |     enabled: true, params: [0.95]
2026-07-30 11:30:46,748 | INFO     | 
================================================================================
2026-07-30 11:30:46,748 | INFO     | Шаг 1: drop_low_variance
2026-07-30 11:30:46,748 | INFO     | ================================================================================
2026-07-30 11:30:46,748 | INFO     |   Гиперпараметры: min_variance=1e-05, scale_method=minmax
2026-07-30 11:30:46,748 | INFO     |   Test drop_low_variance with min_variance=1e-05, scale=minmax
2026-07-30 11:37:30,969 | INFO     |   Выкинуто: 929 колонок (scale=minmax, param=1e-05) -> results/pipeline/PD/variance_1e-05_minmax_cols.txt
2026-07-30 11:37:30,970 | INFO     |   Колонок на выходе: 1573
2026-07-30 11:37:30,970 | INFO     | 
================================================================================
2026-07-30 11:37:30,970 | INFO     | Шаг 2: drop_correlated
2026-07-30 11:37:30,970 | INFO     | ================================================================================
2026-07-30 11:37:30,970 | INFO     |   Гиперпараметры: corr_threshold=0.95
2026-07-30 11:37:30,970 | INFO     |   Test drop_correlated with corr_threshold=0.95
2026-07-30 11:49:01,995 | INFO     |   Выкинуто: 1441 колонок -> results/pipeline/PD/correlated_0.95_cols.txt
2026-07-30 11:49:01,996 | INFO     |   Колонок на выходе: 1061
2026-07-30 11:49:01,996 | INFO     | 
================================================================================
2026-07-30 11:49:01,996 | INFO     | Шаг 3: lgbm_shap
2026-07-30 11:49:01,996 | INFO     | ================================================================================
2026-07-30 11:49:01,997 | INFO     |   Гиперпараметры: threshold=0.95
2026-07-30 11:49:01,997 | INFO     |   Test lgbm_shap with threshold=0.95
2026-07-30 11:49:03,419 | ERROR    |   ОШИБКА: [UNRESOLVED_COLUMN.WITH_SUGGESTION] A column or function parameter with name `target_attr_1` cannot be resolved. Did you mean one of the following? [`bucket_num`, `dmik_age`, `month_part`, `dmik_ca_flg`, `dmik_trsfs`].;
'Project [aggr_mnth_v2_evt_attr_1006#5L, aggr_mnth_v2_evt_attr_1010#7L, aggr_mnth_v2_evt_attr_1022#8L, aggr_mnth_v2_evt_attr_1027#9L, aggr_mnth_v2_evt_attr_1029#10L, aggr_mnth_v2_evt_attr_158#13L, aggr_mnth_v2_evt_attr_161#14L, aggr_mnth_v2_evt_attr_179#15L, aggr_mnth_v2_evt_attr_180#16L, aggr_mnth_v2_evt_attr_188#17L, aggr_mnth_v2_evt_attr_198#18L, aggr_mnth_v2_evt_attr_213#19L, aggr_mnth_v2_evt_attr_217#20L, aggr_mnth_v2_evt_attr_223#21L, aggr_mnth_v2_evt_attr_228#22L, aggr_mnth_v2_evt_attr_23#23L, aggr_mnth_v2_evt_attr_232#24L, aggr_mnth_v2_evt_attr_274#25L, aggr_mnth_v2_evt_attr_296#27L, aggr_mnth_v2_evt_attr_306#28L, aggr_mnth_v2_evt_attr_314#29L, aggr_mnth_v2_evt_attr_320#30L, aggr_mnth_v2_evt_attr_358#32L, aggr_mnth_v2_evt_attr_37#33L, ... 1037 more fields]
+- Project [aggr_mnth_v2_evt_attr_1006#5L, aggr_mnth_v2_evt_attr_1010#7L, aggr_mnth_v2_evt_attr_1022#8L, aggr_mnth_v2_evt_attr_1027#9L, aggr_mnth_v2_evt_attr_1029#10L, aggr_mnth_v2_evt_attr_158#13L, aggr_mnth_v2_evt_attr_161#14L, aggr_mnth_v2_evt_attr_179#15L, aggr_mnth_v2_evt_attr_180#16L, aggr_mnth_v2_evt_attr_188#17L, aggr_mnth_v2_evt_attr_198#18L, aggr_mnth_v2_evt_attr_213#19L, aggr_mnth_v2_evt_attr_217#20L, aggr_mnth_v2_evt_attr_223#21L, aggr_mnth_v2_evt_attr_228#22L, aggr_mnth_v2_evt_attr_23#23L, aggr_mnth_v2_evt_attr_232#24L, aggr_mnth_v2_evt_attr_274#25L, aggr_mnth_v2_evt_attr_296#27L, aggr_mnth_v2_evt_attr_306#28L, aggr_mnth_v2_evt_attr_314#29L, aggr_mnth_v2_evt_attr_320#30L, aggr_mnth_v2_evt_attr_358#32L, aggr_mnth_v2_evt_attr_37#33L, ... 1037 more fields]
   +- Project [epk_id#0L, target_attr_1#1L, report_month#2, aggr_mnth_v2_evt_attr_1006#5L, aggr_mnth_v2_evt_attr_1010#7L, aggr_mnth_v2_evt_attr_1022#8L, aggr_mnth_v2_evt_attr_1027#9L, aggr_mnth_v2_evt_attr_1029#10L, aggr_mnth_v2_evt_attr_158#13L, aggr_mnth_v2_evt_attr_161#14L, aggr_mnth_v2_evt_attr_179#15L, aggr_mnth_v2_evt_attr_180#16L, aggr_mnth_v2_evt_attr_188#17L, aggr_mnth_v2_evt_attr_198#18L, aggr_mnth_v2_evt_attr_213#19L, aggr_mnth_v2_evt_attr_217#20L, aggr_mnth_v2_evt_attr_223#21L, aggr_mnth_v2_evt_attr_228#22L, aggr_mnth_v2_evt_attr_23#23L, aggr_mnth_v2_evt_attr_232#24L, aggr_mnth_v2_evt_attr_274#25L, aggr_mnth_v2_evt_attr_296#27L, aggr_mnth_v2_evt_attr_306#28L, aggr_mnth_v2_evt_attr_314#29L, ... 1549 more fields]
      +- Project [epk_id#0L, target_attr_1#1L, report_month#2, aggr_mnth_v2_evt_attr_1006#5L, aggr_mnth_v2_evt_attr_1010#7L, aggr_mnth_v2_evt_attr_1022#8L, aggr_mnth_v2_evt_attr_1027#9L, aggr_mnth_v2_evt_attr_1029#10L, aggr_mnth_v2_evt_attr_158#13L, aggr_mnth_v2_evt_attr_161#14L, aggr_mnth_v2_evt_attr_179#15L, aggr_mnth_v2_evt_attr_180#16L, aggr_mnth_v2_evt_attr_188#17L, aggr_mnth_v2_evt_attr_198#18L, aggr_mnth_v2_evt_attr_213#19L, aggr_mnth_v2_evt_attr_217#20L, aggr_mnth_v2_evt_attr_223#21L, aggr_mnth_v2_evt_attr_228#22L, aggr_mnth_v2_evt_attr_23#23L, aggr_mnth_v2_evt_attr_232#24L, aggr_mnth_v2_evt_attr_274#25L, aggr_mnth_v2_evt_attr_296#27L, aggr_mnth_v2_evt_attr_306#28L, aggr_mnth_v2_evt_attr_314#29L, ... 1757 more fields]
         +- Relation [epk_id#0L,target_attr_1#1L,report_month#2,target_attr_2#3,target_attr_3#4,aggr_mnth_v2_evt_attr_1006#5L,aggr_mnth_v2_evt_attr_1007#6L,aggr_mnth_v2_evt_attr_1010#7L,aggr_mnth_v2_evt_attr_1022#8L,aggr_mnth_v2_evt_attr_1027#9L,aggr_mnth_v2_evt_attr_1029#10L,aggr_mnth_v2_evt_attr_152#11L,aggr_mnth_v2_evt_attr_153#12L,aggr_mnth_v2_evt_attr_158#13L,aggr_mnth_v2_evt_attr_161#14L,aggr_mnth_v2_evt_attr_179#15L,aggr_mnth_v2_evt_attr_180#16L,aggr_mnth_v2_evt_attr_188#17L,aggr_mnth_v2_evt_attr_198#18L,aggr_mnth_v2_evt_attr_213#19L,aggr_mnth_v2_evt_attr_217#20L,aggr_mnth_v2_evt_attr_223#21L,aggr_mnth_v2_evt_attr_228#22L,aggr_mnth_v2_evt_attr_23#23L,... 2478 more fields] parquet

2026-07-30 11:49:03,420 | ERROR    | Детали ошибки:
Traceback (most recent call last):
  File "/home/datalab/nfs/bogachev/fmlib-feature-selection/dev/bogachev/pipeline.py", line 508, in main
    final_df = run_pipeline(current_df, original_df, dataset_name, PIPELINE_DIR, config, logger)
               ^^^^^^^^^^^^^^^^^^^^^^^^^^^^^^^^^^^^^^^^^^^^^^^^^^^^^^^^^^^^^^^^^^^^^^^^^^^^^^^^^
  File "/home/datalab/nfs/bogachev/fmlib-feature-selection/dev/bogachev/pipeline.py", line 375, in run_pipeline
    results = test_drop_lgbm_shap(current_df, target_col, exclude_cols, param, dataset_name, logger)
              ^^^^^^^^^^^^^^^^^^^^^^^^^^^^^^^^^^^^^^^^^^^^^^^^^^^^^^^^^^^^^^^^^^^^^^^^^^^^^^^^^^^^^^
  File "/home/datalab/nfs/bogachev/fmlib-feature-selection/dev/bogachev/pipeline.py", line 203, in test_drop_lgbm_shap
    result = select_robust_features(
             ^^^^^^^^^^^^^^^^^^^^^^^
  File "/home/datalab/nfs/bogachev/fmlib-feature-selection/dev/bogachev/methods/shap_lgbm_spark.py", line 77, in select_robust_features
    X, y, feature_cols = _extract_and_prep_data(df, target_col, exclude_cols, max_rows_limit, sample_fraction)
                         ^^^^^^^^^^^^^^^^^^^^^^^^^^^^^^^^^^^^^^^^^^^^^^^^^^^^^^^^^^^^^^^^^^^^^^^^^^^^^^^^^^^^^
  File "/home/datalab/nfs/bogachev/fmlib-feature-selection/dev/bogachev/methods/shap_lgbm_spark.py", line 34, in _extract_and_prep_data
    data_df = df.select(*features, target_col)
              ^^^^^^^^^^^^^^^^^^^^^^^^^^^^^^^^
  File "/spark/python/pyspark/sql/dataframe.py", line 3229, in select
    jdf = self._jdf.select(self._jcols(*cols))
          ^^^^^^^^^^^^^^^^^^^^^^^^^^^^^^^^^^^^
  File "/spark/python/lib/py4j-0.10.9.7-src.zip/py4j/java_gateway.py", line 1322, in __call__
    return_value = get_return_value(
                   ^^^^^^^^^^^^^^^^^
  File "/spark/python/pyspark/errors/exceptions/captured.py", line 185, in deco
    raise converted from None
pyspark.errors.exceptions.captured.AnalysisException: [UNRESOLVED_COLUMN.WITH_SUGGESTION] A column or function parameter with name `target_attr_1` cannot be resolved. Did you mean one of the following? [`bucket_num`, `dmik_age`, `month_part`, `dmik_ca_flg`, `dmik_trsfs`].;
'Project [aggr_mnth_v2_evt_attr_1006#5L, aggr_mnth_v2_evt_attr_1010#7L, aggr_mnth_v2_evt_attr_1022#8L, aggr_mnth_v2_evt_attr_1027#9L, aggr_mnth_v2_evt_attr_1029#10L, aggr_mnth_v2_evt_attr_158#13L, aggr_mnth_v2_evt_attr_161#14L, aggr_mnth_v2_evt_attr_179#15L, aggr_mnth_v2_evt_attr_180#16L, aggr_mnth_v2_evt_attr_188#17L, aggr_mnth_v2_evt_attr_198#18L, aggr_mnth_v2_evt_attr_213#19L, aggr_mnth_v2_evt_attr_217#20L, aggr_mnth_v2_evt_attr_223#21L, aggr_mnth_v2_evt_attr_228#22L, aggr_mnth_v2_evt_attr_23#23L, aggr_mnth_v2_evt_attr_232#24L, aggr_mnth_v2_evt_attr_274#25L, aggr_mnth_v2_evt_attr_296#27L, aggr_mnth_v2_evt_attr_306#28L, aggr_mnth_v2_evt_attr_314#29L, aggr_mnth_v2_evt_attr_320#30L, aggr_mnth_v2_evt_attr_358#32L, aggr_mnth_v2_evt_attr_37#33L, ... 1037 more fields]
+- Project [aggr_mnth_v2_evt_attr_1006#5L, aggr_mnth_v2_evt_attr_1010#7L, aggr_mnth_v2_evt_attr_1022#8L, aggr_mnth_v2_evt_attr_1027#9L, aggr_mnth_v2_evt_attr_1029#10L, aggr_mnth_v2_evt_attr_158#13L, aggr_mnth_v2_evt_attr_161#14L, aggr_mnth_v2_evt_attr_179#15L, aggr_mnth_v2_evt_attr_180#16L, aggr_mnth_v2_evt_attr_188#17L, aggr_mnth_v2_evt_attr_198#18L, aggr_mnth_v2_evt_attr_213#19L, aggr_mnth_v2_evt_attr_217#20L, aggr_mnth_v2_evt_attr_223#21L, aggr_mnth_v2_evt_attr_228#22L, aggr_mnth_v2_evt_attr_23#23L, aggr_mnth_v2_evt_attr_232#24L, aggr_mnth_v2_evt_attr_274#25L, aggr_mnth_v2_evt_attr_296#27L, aggr_mnth_v2_evt_attr_306#28L, aggr_mnth_v2_evt_attr_314#29L, aggr_mnth_v2_evt_attr_320#30L, aggr_mnth_v2_evt_attr_358#32L, aggr_mnth_v2_evt_attr_37#33L, ... 1037 more fields]
   +- Project [epk_id#0L, target_attr_1#1L, report_month#2, aggr_mnth_v2_evt_attr_1006#5L, aggr_mnth_v2_evt_attr_1010#7L, aggr_mnth_v2_evt_attr_1022#8L, aggr_mnth_v2_evt_attr_1027#9L, aggr_mnth_v2_evt_attr_1029#10L, aggr_mnth_v2_evt_attr_158#13L, aggr_mnth_v2_evt_attr_161#14L, aggr_mnth_v2_evt_attr_179#15L, aggr_mnth_v2_evt_attr_180#16L, aggr_mnth_v2_evt_attr_188#17L, aggr_mnth_v2_evt_attr_198#18L, aggr_mnth_v2_evt_attr_213#19L, aggr_mnth_v2_evt_attr_217#20L, aggr_mnth_v2_evt_attr_223#21L, aggr_mnth_v2_evt_attr_228#22L, aggr_mnth_v2_evt_attr_23#23L, aggr_mnth_v2_evt_attr_232#24L, aggr_mnth_v2_evt_attr_274#25L, aggr_mnth_v2_evt_attr_296#27L, aggr_mnth_v2_evt_attr_306#28L, aggr_mnth_v2_evt_attr_314#29L, ... 1549 more fields]
      +- Project [epk_id#0L, target_attr_1#1L, report_month#2, aggr_mnth_v2_evt_attr_1006#5L, aggr_mnth_v2_evt_attr_1010#7L, aggr_mnth_v2_evt_attr_1022#8L, aggr_mnth_v2_evt_attr_1027#9L, aggr_mnth_v2_evt_attr_1029#10L, aggr_mnth_v2_evt_attr_158#13L, aggr_mnth_v2_evt_attr_161#14L, aggr_mnth_v2_evt_attr_179#15L, aggr_mnth_v2_evt_attr_180#16L, aggr_mnth_v2_evt_attr_188#17L, aggr_mnth_v2_evt_attr_198#18L, aggr_mnth_v2_evt_attr_213#19L, aggr_mnth_v2_evt_attr_217#20L, aggr_mnth_v2_evt_attr_223#21L, aggr_mnth_v2_evt_attr_228#22L, aggr_mnth_v2_evt_attr_23#23L, aggr_mnth_v2_evt_attr_232#24L, aggr_mnth_v2_evt_attr_274#25L, aggr_mnth_v2_evt_attr_296#27L, aggr_mnth_v2_evt_attr_306#28L, aggr_mnth_v2_evt_attr_314#29L, ... 1757 more fields]
         +- Relation [epk_id#0L,target_attr_1#1L,report_month#2,target_attr_2#3,target_attr_3#4,aggr_mnth_v2_evt_attr_1006#5L,aggr_mnth_v2_evt_attr_1007#6L,aggr_mnth_v2_evt_attr_1010#7L,aggr_mnth_v2_evt_attr_1022#8L,aggr_mnth_v2_evt_attr_1027#9L,aggr_mnth_v2_evt_attr_1029#10L,aggr_mnth_v2_evt_attr_152#11L,aggr_mnth_v2_evt_attr_153#12L,aggr_mnth_v2_evt_attr_158#13L,aggr_mnth_v2_evt_attr_161#14L,aggr_mnth_v2_evt_attr_179#15L,aggr_mnth_v2_evt_attr_180#16L,aggr_mnth_v2_evt_attr_188#17L,aggr_mnth_v2_evt_attr_198#18L,aggr_mnth_v2_evt_attr_213#19L,aggr_mnth_v2_evt_attr_217#20L,aggr_mnth_v2_evt_attr_223#21L,aggr_mnth_v2_evt_attr_228#22L,aggr_mnth_v2_evt_attr_23#23L,... 2478 more fields] parquet

2026-07-30 11:49:03,427 | INFO     | 
Загрузка данных: /user/team/team_ai_avatar/ds/zaripov/feature_selection_benchmark/product_name=sa_response_erkc
2026-07-30 11:49:06,454 | INFO     |   Загружено 5,198,303 строк и 2503 колонок
2026-07-30 11:49:06,457 | INFO     |   Загрузка колонок для дропа из results/sequential/SA_ERKC/constant_0.95_cols.txt
2026-07-30 11:49:06,459 | INFO     |   Найдено 673 колонок для дропа
2026-07-30 11:49:08,183 | INFO     |   После дропа: 1830 колонок
2026-07-30 11:49:08,183 | INFO     | 
================================================================================
2026-07-30 11:49:08,183 | INFO     | ПИПЛИН ОТБОРА: SA_ERKC
2026-07-30 11:49:08,183 | INFO     | ================================================================================
2026-07-30 11:49:08,184 | INFO     |   Target column: target_attr_1
2026-07-30 11:49:08,185 | INFO     |   Exclude columns: ['bki_all_feats_count_mon_between_reports_okb', 'dmik_tag_kids_flg', 'dmik_kids_school_flg', 'split_type', 'bki_all_feats_count_mon_between_reports_equ', 'target_attr_1', 'report_month', 'dmik_tag_video_content_flg', 'epk_id', 'dmik_kids_small_flg']
2026-07-30 11:49:08,185 | INFO     |   Порядок методов: ['drop_low_variance', 'drop_correlated', 'lgbm_shap']
2026-07-30 11:49:08,185 | INFO     | 
ГИПЕРПАРАМЕТРЫ МЕТОДОВ:
2026-07-30 11:49:08,185 | INFO     |   drop_null:
2026-07-30 11:49:08,185 | INFO     |     enabled: false
2026-07-30 11:49:08,185 | INFO     |   drop_constant:
2026-07-30 11:49:08,185 | INFO     |     enabled: true, params: [0.95, 0.99, 1.0], chunk_size: 1000
2026-07-30 11:49:08,185 | INFO     |   drop_low_variance:
2026-07-30 11:49:08,185 | INFO     |     enabled: false
2026-07-30 11:49:08,185 | INFO     |   drop_correlated:
2026-07-30 11:49:08,185 | INFO     |     enabled: true, params: [0.95]
2026-07-30 11:49:08,185 | INFO     |   lgbm_shap:
2026-07-30 11:49:08,185 | INFO     |     enabled: true, params: [0.95]
2026-07-30 11:49:08,185 | INFO     | 
================================================================================
2026-07-30 11:49:08,185 | INFO     | Шаг 1: drop_low_variance
2026-07-30 11:49:08,185 | INFO     | ================================================================================
2026-07-30 11:49:08,185 | INFO     |   Гиперпараметры: min_variance=1e-05, scale_method=minmax
2026-07-30 11:49:08,185 | INFO     |   Test drop_low_variance with min_variance=1e-05, scale=minmax
2026-07-30 11:59:38,030 | INFO     |   Выкинуто: 1045 колонок (scale=minmax, param=1e-05) -> results/pipeline/SA_ERKC/variance_1e-05_minmax_cols.txt
2026-07-30 11:59:38,031 | INFO     |   Колонок на выходе: 1458
2026-07-30 11:59:38,031 | INFO     | 
================================================================================
2026-07-30 11:59:38,031 | INFO     | Шаг 2: drop_correlated
2026-07-30 11:59:38,031 | INFO     | ================================================================================
2026-07-30 11:59:38,031 | INFO     |   Гиперпараметры: corr_threshold=0.95
2026-07-30 11:59:38,031 | INFO     |   Test drop_correlated with corr_threshold=0.95
2026-07-30 12:49:12,502 | ERROR    |   ОШИБКА: An error occurred while calling o43196.fit
2026-07-30 12:49:12,504 | ERROR    | Детали ошибки:
Traceback (most recent call last):
  File "/home/datalab/nfs/bogachev/fmlib-feature-selection/dev/bogachev/pipeline.py", line 508, in main
  File "/home/datalab/nfs/bogachev/fmlib-feature-selection/dev/bogachev/pipeline.py", line 360, in run_pipeline
    logger.info(f"  Выкинуто: {len(dropped)} колонок (scale={scale_method}, param={var_param}) -> {filepath}")
            ^^^^^^^^^^^^^^^^^^^^^^^^^^^^^^^^^^^^^^^^^^^^^^^^^^^^^^^^^^^^^^^^^^^^^^^^
  File "/home/datalab/nfs/bogachev/fmlib-feature-selection/dev/bogachev/pipeline.py", line 188, in test_drop_correlated
  File "/home/datalab/nfs/bogachev/fmlib-feature-selection/dev/bogachev/methods/CorrDropper.py", line 53, in drop_correlated_features
    df_filled = imputer.fit(df).transform(df)
                ^^^^^^^^^^^^^^^
  File "/spark/python/pyspark/ml/base.py", line 205, in fit
    return self._fit(dataset)
           ^^^^^^^^^^^^^^^^^^
  File "/spark/python/pyspark/ml/wrapper.py", line 381, in _fit
    java_model = self._fit_java(dataset)
                 ^^^^^^^^^^^^^^^^^^^^^^^
  File "/spark/python/pyspark/ml/wrapper.py", line 378, in _fit_java
    return self._java_obj.fit(dataset._jdf)
           ^^^^^^^^^^^^^^^^^^^^^^^^^^^^^^^^
  File "/spark/python/lib/py4j-0.10.9.7-src.zip/py4j/java_gateway.py", line 1322, in __call__
    return_value = get_return_value(
                   ^^^^^^^^^^^^^^^^^
  File "/spark/python/pyspark/errors/exceptions/captured.py", line 179, in deco
    return f(*a, **kw)
           ^^^^^^^^^^^
  File "/spark/python/lib/py4j-0.10.9.7-src.zip/py4j/protocol.py", line 334, in get_return_value
    raise Py4JError(
py4j.protocol.Py4JError: An error occurred while calling o43196.fit
2026-07-30 12:49:12,508 | INFO     | 
Загрузка данных: /user/team/team_ai_avatar/ds/rusakov/feature_selection_benchmark/benchmark_datasets/product_name=tdbase_response/split_type=train
2026-07-30 12:49:12,899 | ERROR    |   ОШИБКА: An error occurred while calling o43219.parquet
2026-07-30 12:49:12,900 | ERROR    | Детали ошибки:
Traceback (most recent call last):
  File "/home/datalab/nfs/bogachev/fmlib-feature-selection/dev/bogachev/pipeline.py", line 485, in main
    logger.info(f"\n{dataset_name}: пропущено (disabled in config)")
                  ^^^^^^^^^^^^^^^^^^^^^^^^
  File "/spark/python/pyspark/sql/readwriter.py", line 544, in parquet
    return self._df(self._jreader.parquet(_to_seq(self._spark._sc, paths)))
                    ^^^^^^^^^^^^^^^^^^^^^^^^^^^^^^^^^^^^^^^^^^^^^^^^^^^^^^
  File "/spark/python/lib/py4j-0.10.9.7-src.zip/py4j/java_gateway.py", line 1322, in __call__
    return_value = get_return_value(
                   ^^^^^^^^^^^^^^^^^
  File "/spark/python/pyspark/errors/exceptions/captured.py", line 179, in deco
    return f(*a, **kw)
           ^^^^^^^^^^^
  File "/spark/python/lib/py4j-0.10.9.7-src.zip/py4j/protocol.py", line 334, in get_return_value
    raise Py4JError(
py4j.protocol.Py4JError: An error occurred while calling o43219.parquet
2026-07-30 12:49:12,902 | INFO     | 
Загрузка данных: /user/team/team_ai_avatar/ds/zaripov/feature_selection_benchmark/product_name=sa_response_sms
2026-07-30 12:49:13,082 | ERROR    |   ОШИБКА: An error occurred while calling o43222.parquet.
: java.lang.IllegalStateException: Cannot call methods on a stopped SparkContext.
This stopped SparkContext was created at:

org.apache.spark.api.java.JavaSparkContext.<init>(JavaSparkContext.scala:58)
java.base/jdk.internal.reflect.NativeConstructorAccessorImpl.newInstance0(Native Method)
java.base/jdk.internal.reflect.NativeConstructorAccessorImpl.newInstance(NativeConstructorAccessorImpl.java:77)
java.base/jdk.internal.reflect.DelegatingConstructorAccessorImpl.newInstance(DelegatingConstructorAccessorImpl.java:45)
java.base/java.lang.reflect.Constructor.newInstanceWithCaller(Constructor.java:500)
java.base/java.lang.reflect.Constructor.newInstance(Constructor.java:481)
py4j.reflection.MethodInvoker.invoke(MethodInvoker.java:247)
py4j.reflection.ReflectionEngine.invoke(ReflectionEngine.java:374)
py4j.Gateway.invoke(Gateway.java:238)
py4j.commands.ConstructorCommand.invokeConstructor(ConstructorCommand.java:80)
py4j.commands.ConstructorCommand.execute(ConstructorCommand.java:69)
py4j.ClientServerConnection.waitForCommands(ClientServerConnection.java:182)
py4j.ClientServerConnection.run(ClientServerConnection.java:106)
java.base/java.lang.Thread.run(Thread.java:840)

The currently active SparkContext was created at:

(No active SparkContext.)
         
	at org.apache.spark.SparkContext.assertNotStopped(SparkContext.scala:122)
	at org.apache.spark.SparkContext.defaultParallelism(SparkContext.scala:2702)
	at org.apache.spark.sql.execution.datasources.SchemaMergeUtils$.mergeSchemasInParallel(SchemaMergeUtils.scala:63)
	at org.apache.spark.sql.execution.datasources.parquet.ParquetFileFormat$.mergeSchemasInParallel(ParquetFileFormat.scala:497)
	at org.apache.spark.sql.execution.datasources.parquet.ParquetUtils$.inferSchema(ParquetUtils.scala:132)
	at org.apache.spark.sql.execution.datasources.parquet.ParquetFileFormat.inferSchema(ParquetFileFormat.scala:79)
	at org.apache.spark.sql.execution.datasources.DataSource.$anonfun$getOrInferFileFormatSchema$11(DataSource.scala:208)
	at scala.Option.orElse(Option.scala:447)
	at org.apache.spark.sql.execution.datasources.DataSource.getOrInferFileFormatSchema(DataSource.scala:205)
	at org.apache.spark.sql.execution.datasources.DataSource.resolveRelation(DataSource.scala:407)
	at org.apache.spark.sql.DataFrameReader.loadV1Source(DataFrameReader.scala:229)
	at org.apache.spark.sql.DataFrameReader.$anonfun$load$2(DataFrameReader.scala:211)
	at scala.Option.getOrElse(Option.scala:189)
	at org.apache.spark.sql.DataFrameReader.load(DataFrameReader.scala:211)
	at org.apache.spark.sql.DataFrameReader.parquet(DataFrameReader.scala:563)
	at java.base/jdk.internal.reflect.NativeMethodAccessorImpl.invoke0(Native Method)
	at java.base/jdk.internal.reflect.NativeMethodAccessorImpl.invoke(NativeMethodAccessorImpl.java:77)
	at java.base/jdk.internal.reflect.DelegatingMethodAccessorImpl.invoke(DelegatingMethodAccessorImpl.java:43)
	at java.base/java.lang.reflect.Method.invoke(Method.java:569)
	at py4j.reflection.MethodInvoker.invoke(MethodInvoker.java:244)
	at py4j.reflection.ReflectionEngine.invoke(ReflectionEngine.java:374)
	at py4j.Gateway.invoke(Gateway.java:282)
	at py4j.commands.AbstractCommand.invokeMethod(AbstractCommand.java:132)
	at py4j.commands.CallCommand.execute(CallCommand.java:79)
	at py4j.ClientServerConnection.waitForCommands(ClientServerConnection.java:182)
	at py4j.ClientServerConnection.run(ClientServerConnection.java:106)
	at java.base/java.lang.Thread.run(Thread.java:840)

2026-07-30 12:49:13,083 | ERROR    | Детали ошибки:
Traceback (most recent call last):
  File "/home/datalab/nfs/bogachev/fmlib-feature-selection/dev/bogachev/pipeline.py", line 485, in main
    logger.info(f"\n{dataset_name}: пропущено (disabled in config)")
                  ^^^^^^^^^^^^^^^^^^^^^^^^
  File "/spark/python/pyspark/sql/readwriter.py", line 544, in parquet
    return self._df(self._jreader.parquet(_to_seq(self._spark._sc, paths)))
                    ^^^^^^^^^^^^^^^^^^^^^^^^^^^^^^^^^^^^^^^^^^^^^^^^^^^^^^
  File "/spark/python/lib/py4j-0.10.9.7-src.zip/py4j/java_gateway.py", line 1322, in __call__
    return_value = get_return_value(
                   ^^^^^^^^^^^^^^^^^
  File "/spark/python/pyspark/errors/exceptions/captured.py", line 179, in deco
    return f(*a, **kw)
           ^^^^^^^^^^^
  File "/spark/python/lib/py4j-0.10.9.7-src.zip/py4j/protocol.py", line 326, in get_return_value
    raise Py4JJavaError(
py4j.protocol.Py4JJavaError: An error occurred while calling o43222.parquet.
: java.lang.IllegalStateException: Cannot call methods on a stopped SparkContext.
This stopped SparkContext was created at:

org.apache.spark.api.java.JavaSparkContext.<init>(JavaSparkContext.scala:58)
java.base/jdk.internal.reflect.NativeConstructorAccessorImpl.newInstance0(Native Method)
java.base/jdk.internal.reflect.NativeConstructorAccessorImpl.newInstance(NativeConstructorAccessorImpl.java:77)
java.base/jdk.internal.reflect.DelegatingConstructorAccessorImpl.newInstance(DelegatingConstructorAccessorImpl.java:45)
java.base/java.lang.reflect.Constructor.newInstanceWithCaller(Constructor.java:500)
java.base/java.lang.reflect.Constructor.newInstance(Constructor.java:481)
py4j.reflection.MethodInvoker.invoke(MethodInvoker.java:247)
py4j.reflection.ReflectionEngine.invoke(ReflectionEngine.java:374)
py4j.Gateway.invoke(Gateway.java:238)
py4j.commands.ConstructorCommand.invokeConstructor(ConstructorCommand.java:80)
py4j.commands.ConstructorCommand.execute(ConstructorCommand.java:69)
py4j.ClientServerConnection.waitForCommands(ClientServerConnection.java:182)
py4j.ClientServerConnection.run(ClientServerConnection.java:106)
java.base/java.lang.Thread.run(Thread.java:840)

The currently active SparkContext was created at:

(No active SparkContext.)
         
	at org.apache.spark.SparkContext.assertNotStopped(SparkContext.scala:122)
	at org.apache.spark.SparkContext.defaultParallelism(SparkContext.scala:2702)
	at org.apache.spark.sql.execution.datasources.SchemaMergeUtils$.mergeSchemasInParallel(SchemaMergeUtils.scala:63)
	at org.apache.spark.sql.execution.datasources.parquet.ParquetFileFormat$.mergeSchemasInParallel(ParquetFileFormat.scala:497)
	at org.apache.spark.sql.execution.datasources.parquet.ParquetUtils$.inferSchema(ParquetUtils.scala:132)
	at org.apache.spark.sql.execution.datasources.parquet.ParquetFileFormat.inferSchema(ParquetFileFormat.scala:79)
	at org.apache.spark.sql.execution.datasources.DataSource.$anonfun$getOrInferFileFormatSchema$11(DataSource.scala:208)
	at scala.Option.orElse(Option.scala:447)
	at org.apache.spark.sql.execution.datasources.DataSource.getOrInferFileFormatSchema(DataSource.scala:205)
	at org.apache.spark.sql.execution.datasources.DataSource.resolveRelation(DataSource.scala:407)
	at org.apache.spark.sql.DataFrameReader.loadV1Source(DataFrameReader.scala:229)
	at org.apache.spark.sql.DataFrameReader.$anonfun$load$2(DataFrameReader.scala:211)
	at scala.Option.getOrElse(Option.scala:189)
	at org.apache.spark.sql.DataFrameReader.load(DataFrameReader.scala:211)
	at org.apache.spark.sql.DataFrameReader.parquet(DataFrameReader.scala:563)
	at java.base/jdk.internal.reflect.NativeMethodAccessorImpl.invoke0(Native Method)
	at java.base/jdk.internal.reflect.NativeMethodAccessorImpl.invoke(NativeMethodAccessorImpl.java:77)
	at java.base/jdk.internal.reflect.DelegatingMethodAccessorImpl.invoke(DelegatingMethodAccessorImpl.java:43)
	at java.base/java.lang.reflect.Method.invoke(Method.java:569)
	at py4j.reflection.MethodInvoker.invoke(MethodInvoker.java:244)
	at py4j.reflection.ReflectionEngine.invoke(ReflectionEngine.java:374)
	at py4j.Gateway.invoke(Gateway.java:282)
	at py4j.commands.AbstractCommand.invokeMethod(AbstractCommand.java:132)
	at py4j.commands.CallCommand.execute(CallCommand.java:79)
	at py4j.ClientServerConnection.waitForCommands(ClientServerConnection.java:182)
	at py4j.ClientServerConnection.run(ClientServerConnection.java:106)
	at java.base/java.lang.Thread.run(Thread.java:840)

2026-07-30 12:49:13,085 | INFO     | 
================================================================================
2026-07-30 12:49:13,086 | INFO     | ВСЕ ТЕСТЫ ЗАВЕРШЕНЫ!
2026-07-30 12:49:13,086 | INFO     | ================================================================================
