2026-07-30 14:14:47,174 | INFO     | Запуск пайплайна отбора признаков
2026-07-30 14:14:47,174 | INFO     | 
Загрузка путей из pipeline_conf.yaml
2026-07-30 14:14:47,182 | INFO     | Найдено 4 датасетов: ['PD', 'SA_ERKC', 'TD', 'SA_SMA']
2026-07-30 14:15:21,531 | INFO     | Spark сессия запущена! Время: 34.35 сек
2026-07-30 14:15:21,533 | INFO     | 
Загрузка данных: /user/team/team_ai_avatar/ds/rusakov/feature_selection_benchmark/benchmark_datasets/product_name=pd_cc/split_type=train
2026-07-30 14:15:37,231 | INFO     |   Загружено 2,817,137 строк и 2502 колонок
2026-07-30 14:15:37,234 | INFO     | 
================================================================================
2026-07-30 14:15:37,234 | INFO     | ПИПЛИН ОТБОРА: PD
2026-07-30 14:15:37,234 | INFO     | ================================================================================
2026-07-30 14:15:37,234 | INFO     |   Порядок методов: ['lgbm_shap']
2026-07-30 14:15:37,234 | INFO     | 
ГИПЕРПАРАМЕТРЫ МЕТОДОВ:
2026-07-30 14:15:37,234 | INFO     |   drop_null:
2026-07-30 14:15:37,235 | INFO     |     enabled: false
2026-07-30 14:15:37,235 | INFO     |   drop_constant:
2026-07-30 14:15:37,235 | INFO     |     enabled: true, params: [0.95], chunk_size: 1000
2026-07-30 14:15:37,235 | INFO     |   drop_low_variance:
2026-07-30 14:15:37,235 | INFO     |     enabled: true, param: 1e-5, scale_method: minmax
2026-07-30 14:15:37,235 | INFO     |   drop_correlated:
2026-07-30 14:15:37,235 | INFO     |     enabled: true, params: [0.95]
2026-07-30 14:15:37,235 | INFO     |   lgbm_shap:
2026-07-30 14:15:37,235 | INFO     |     enabled: true, params: [0.95]
2026-07-30 14:15:37,235 | INFO     | 
================================================================================
2026-07-30 14:15:37,235 | INFO     | Шаг 1: lgbm_shap
2026-07-30 14:15:37,235 | INFO     | ================================================================================
2026-07-30 14:15:37,235 | INFO     |   Гиперпараметры: threshold=0.95
2026-07-30 14:15:37,235 | INFO     |   Test lgbm_shap with threshold=0.95
