2026-07-30 14:22:05,229 | INFO     | Запуск пайплайна отбора признаков
2026-07-30 14:22:05,229 | INFO     | 
Загрузка путей из pipeline_conf.yaml
2026-07-30 14:22:05,237 | INFO     | Найдено 4 датасетов: ['PD', 'SA_ERKC', 'TD', 'SA_SMA']
2026-07-30 14:22:39,514 | INFO     | Spark сессия запущена! Время: 34.28 сек
2026-07-30 14:22:39,515 | INFO     | 
Загрузка данных: /user/team/team_ai_avatar/ds/rusakov/feature_selection_benchmark/benchmark_datasets/product_name=pd_cc/split_type=train
2026-07-30 14:23:18,929 | INFO     |   Загружено 2,817,137 строк и 2502 колонок
2026-07-30 14:23:18,933 | INFO     |   Загрузка колонок для дропа из ~/nfs/bogachev/fmlib-feature-selection/dev/bogachev/results/pipeline/PD/correlated_0.95_cols.txt
2026-07-30 14:23:18,936 | INFO     |   Найдено 1441 колонок для дропа
2026-07-30 14:23:18,937 | INFO     |   После фильтрации exclude_cols: 1431 колонок для дропа
2026-07-30 14:23:20,401 | INFO     |   После дропа: 1071 колонок
2026-07-30 14:23:20,401 | INFO     | 
================================================================================
2026-07-30 14:23:20,401 | INFO     | ПИПЛИН ОТБОРА: PD
2026-07-30 14:23:20,402 | INFO     | ================================================================================
2026-07-30 14:23:20,402 | INFO     |   Порядок методов: ['lgbm_shap']
2026-07-30 14:23:20,402 | INFO     | 
ГИПЕРПАРАМЕТРЫ МЕТОДОВ:
2026-07-30 14:23:20,402 | INFO     |   drop_null:
2026-07-30 14:23:20,402 | INFO     |     enabled: false
2026-07-30 14:23:20,402 | INFO     |   drop_constant:
2026-07-30 14:23:20,402 | INFO     |     enabled: true, params: [0.95], chunk_size: 1000
2026-07-30 14:23:20,402 | INFO     |   drop_low_variance:
2026-07-30 14:23:20,402 | INFO     |     enabled: true, param: 1e-5, scale_method: minmax
2026-07-30 14:23:20,402 | INFO     |   drop_correlated:
2026-07-30 14:23:20,402 | INFO     |     enabled: true, params: [0.95]
2026-07-30 14:23:20,402 | INFO     |   lgbm_shap:
2026-07-30 14:23:20,402 | INFO     |     enabled: true, params: [0.95]
2026-07-30 14:23:20,402 | INFO     | 
================================================================================
2026-07-30 14:23:20,402 | INFO     | Шаг 1: lgbm_shap
2026-07-30 14:23:20,402 | INFO     | ================================================================================
2026-07-30 14:23:20,402 | INFO     |   Гиперпараметры: threshold=0.95
2026-07-30 14:23:20,402 | INFO     |   Test lgbm_shap with threshold=0.95
2026-07-30 14:23:21,622 | ERROR    |   ОШИБКА: [UNRESOLVED_COLUMN.WITH_SUGGESTION] A column or function parameter with name `target_attr_1` cannot be resolved. Did you mean one of the following? [`target_attr_2`, `target_attr_3`, `bucket_num`, `dmik_age`, `month_part`].;
'Project [aggr_mnth_v2_evt_attr_1006#5L, aggr_mnth_v2_evt_attr_1010#7L, aggr_mnth_v2_evt_attr_1022#8L, aggr_mnth_v2_evt_attr_1027#9L, aggr_mnth_v2_evt_attr_1029#10L, aggr_mnth_v2_evt_attr_158#13L, aggr_mnth_v2_evt_attr_161#14L, aggr_mnth_v2_evt_attr_179#15L, aggr_mnth_v2_evt_attr_180#16L, aggr_mnth_v2_evt_attr_188#17L, aggr_mnth_v2_evt_attr_198#18L, aggr_mnth_v2_evt_attr_213#19L, aggr_mnth_v2_evt_attr_217#20L, aggr_mnth_v2_evt_attr_223#21L, aggr_mnth_v2_evt_attr_228#22L, aggr_mnth_v2_evt_attr_23#23L, aggr_mnth_v2_evt_attr_232#24L, aggr_mnth_v2_evt_attr_274#25L, aggr_mnth_v2_evt_attr_296#27L, aggr_mnth_v2_evt_attr_306#28L, aggr_mnth_v2_evt_attr_314#29L, aggr_mnth_v2_evt_attr_320#30L, aggr_mnth_v2_evt_attr_358#32L, aggr_mnth_v2_evt_attr_37#33L, ... 1037 more fields]
+- Project [epk_id#0L, report_month#2, target_attr_2#3, target_attr_3#4, aggr_mnth_v2_evt_attr_1006#5L, aggr_mnth_v2_evt_attr_1010#7L, aggr_mnth_v2_evt_attr_1022#8L, aggr_mnth_v2_evt_attr_1027#9L, aggr_mnth_v2_evt_attr_1029#10L, aggr_mnth_v2_evt_attr_158#13L, aggr_mnth_v2_evt_attr_161#14L, aggr_mnth_v2_evt_attr_179#15L, aggr_mnth_v2_evt_attr_180#16L, aggr_mnth_v2_evt_attr_188#17L, aggr_mnth_v2_evt_attr_198#18L, aggr_mnth_v2_evt_attr_213#19L, aggr_mnth_v2_evt_attr_217#20L, aggr_mnth_v2_evt_attr_223#21L, aggr_mnth_v2_evt_attr_228#22L, aggr_mnth_v2_evt_attr_23#23L, aggr_mnth_v2_evt_attr_232#24L, aggr_mnth_v2_evt_attr_274#25L, aggr_mnth_v2_evt_attr_296#27L, aggr_mnth_v2_evt_attr_306#28L, ... 1047 more fields]
   +- Relation [epk_id#0L,target_attr_1#1L,report_month#2,target_attr_2#3,target_attr_3#4,aggr_mnth_v2_evt_attr_1006#5L,aggr_mnth_v2_evt_attr_1007#6L,aggr_mnth_v2_evt_attr_1010#7L,aggr_mnth_v2_evt_attr_1022#8L,aggr_mnth_v2_evt_attr_1027#9L,aggr_mnth_v2_evt_attr_1029#10L,aggr_mnth_v2_evt_attr_152#11L,aggr_mnth_v2_evt_attr_153#12L,aggr_mnth_v2_evt_attr_158#13L,aggr_mnth_v2_evt_attr_161#14L,aggr_mnth_v2_evt_attr_179#15L,aggr_mnth_v2_evt_attr_180#16L,aggr_mnth_v2_evt_attr_188#17L,aggr_mnth_v2_evt_attr_198#18L,aggr_mnth_v2_evt_attr_213#19L,aggr_mnth_v2_evt_attr_217#20L,aggr_mnth_v2_evt_attr_223#21L,aggr_mnth_v2_evt_attr_228#22L,aggr_mnth_v2_evt_attr_23#23L,... 2478 more fields] parquet

2026-07-30 14:23:21,622 | ERROR    | Детали ошибки:
Traceback (most recent call last):
  File "/home/datalab/nfs/bogachev/fmlib-feature-selection/dev/bogachev/pipeline.py", line 541, in main
    final_df = run_pipeline(current_df, original_df, dataset_name, PIPELINE_DIR, config, logger, target_col, exclude_cols)
               ^^^^^^^^^^^^^^^^^^^^^^^^^^^^^^^^^^^^^^^^^^^^^^^^^^^^^^^^^^^^^^^^^^^^^^^^^^^^^^^^^^^^^^^^^^^^^^^^^^^^^^^^^^^
  File "/home/datalab/nfs/bogachev/fmlib-feature-selection/dev/bogachev/pipeline.py", line 385, in run_pipeline
    results = test_drop_lgbm_shap(current_df, target_col, exclude_cols, param, dataset_name, logger)
              ^^^^^^^^^^^^^^^^^^^^^^^^^^^^^^^^^^^^^^^^^^^^^^^^^^^^^^^^^^^^^^^^^^^^^^^^^^^^^^^^^^^^^^
  File "/home/datalab/nfs/bogachev/fmlib-feature-selection/dev/bogachev/pipeline.py", line 208, in test_drop_lgbm_shap
    result = select_robust_features(
             ^^^^^^^^^^^^^^^^^^^^^^^
  File "/home/datalab/nfs/bogachev/fmlib-feature-selection/dev/bogachev/methods/shap_lgbm_spark.py", line 98, in select_robust_features
    X, y, feature_cols = _extract_and_prep_data(df, target_col, exclude_cols, max_rows_limit, sample_fraction)
                         ^^^^^^^^^^^^^^^^^^^^^^^^^^^^^^^^^^^^^^^^^^^^^^^^^^^^^^^^^^^^^^^^^^^^^^^^^^^^^^^^^^^^^
  File "/home/datalab/nfs/bogachev/fmlib-feature-selection/dev/bogachev/methods/shap_lgbm_spark.py", line 36, in _extract_and_prep_data
    data_df = df.select(*features, target_col)
              ^^^^^^^^^^^^^^^^^^^^^^^^^^^^^^^^
  File "/spark/python/pyspark/sql/dataframe.py", line 3229, in select
    jdf = self._jdf.select(self._jcols(*cols))
          ^^^^^^^^^^^^^^^^^^^^^^^^^^^^^^^^^^^^
  File "/spark/python/lib/py4j-0.10.9.7-src.zip/py4j/java_gateway.py", line 1322, in __call__
    return_value = get_return_value(
                   ^^^^^^^^^^^^^^^^^
  File "/spark/python/pyspark/errors/exceptions/captured.py", line 185, in deco
    raise converted from None
pyspark.errors.exceptions.captured.AnalysisException: [UNRESOLVED_COLUMN.WITH_SUGGESTION] A column or function parameter with name `target_attr_1` cannot be resolved. Did you mean one of the following? [`target_attr_2`, `target_attr_3`, `bucket_num`, `dmik_age`, `month_part`].;
'Project [aggr_mnth_v2_evt_attr_1006#5L, aggr_mnth_v2_evt_attr_1010#7L, aggr_mnth_v2_evt_attr_1022#8L, aggr_mnth_v2_evt_attr_1027#9L, aggr_mnth_v2_evt_attr_1029#10L, aggr_mnth_v2_evt_attr_158#13L, aggr_mnth_v2_evt_attr_161#14L, aggr_mnth_v2_evt_attr_179#15L, aggr_mnth_v2_evt_attr_180#16L, aggr_mnth_v2_evt_attr_188#17L, aggr_mnth_v2_evt_attr_198#18L, aggr_mnth_v2_evt_attr_213#19L, aggr_mnth_v2_evt_attr_217#20L, aggr_mnth_v2_evt_attr_223#21L, aggr_mnth_v2_evt_attr_228#22L, aggr_mnth_v2_evt_attr_23#23L, aggr_mnth_v2_evt_attr_232#24L, aggr_mnth_v2_evt_attr_274#25L, aggr_mnth_v2_evt_attr_296#27L, aggr_mnth_v2_evt_attr_306#28L, aggr_mnth_v2_evt_attr_314#29L, aggr_mnth_v2_evt_attr_320#30L, aggr_mnth_v2_evt_attr_358#32L, aggr_mnth_v2_evt_attr_37#33L, ... 1037 more fields]
+- Project [epk_id#0L, report_month#2, target_attr_2#3, target_attr_3#4, aggr_mnth_v2_evt_attr_1006#5L, aggr_mnth_v2_evt_attr_1010#7L, aggr_mnth_v2_evt_attr_1022#8L, aggr_mnth_v2_evt_attr_1027#9L, aggr_mnth_v2_evt_attr_1029#10L, aggr_mnth_v2_evt_attr_158#13L, aggr_mnth_v2_evt_attr_161#14L, aggr_mnth_v2_evt_attr_179#15L, aggr_mnth_v2_evt_attr_180#16L, aggr_mnth_v2_evt_attr_188#17L, aggr_mnth_v2_evt_attr_198#18L, aggr_mnth_v2_evt_attr_213#19L, aggr_mnth_v2_evt_attr_217#20L, aggr_mnth_v2_evt_attr_223#21L, aggr_mnth_v2_evt_attr_228#22L, aggr_mnth_v2_evt_attr_23#23L, aggr_mnth_v2_evt_attr_232#24L, aggr_mnth_v2_evt_attr_274#25L, aggr_mnth_v2_evt_attr_296#27L, aggr_mnth_v2_evt_attr_306#28L, ... 1047 more fields]
   +- Relation [epk_id#0L,target_attr_1#1L,report_month#2,target_attr_2#3,target_attr_3#4,aggr_mnth_v2_evt_attr_1006#5L,aggr_mnth_v2_evt_attr_1007#6L,aggr_mnth_v2_evt_attr_1010#7L,aggr_mnth_v2_evt_attr_1022#8L,aggr_mnth_v2_evt_attr_1027#9L,aggr_mnth_v2_evt_attr_1029#10L,aggr_mnth_v2_evt_attr_152#11L,aggr_mnth_v2_evt_attr_153#12L,aggr_mnth_v2_evt_attr_158#13L,aggr_mnth_v2_evt_attr_161#14L,aggr_mnth_v2_evt_attr_179#15L,aggr_mnth_v2_evt_attr_180#16L,aggr_mnth_v2_evt_attr_188#17L,aggr_mnth_v2_evt_attr_198#18L,aggr_mnth_v2_evt_attr_213#19L,aggr_mnth_v2_evt_attr_217#20L,aggr_mnth_v2_evt_attr_223#21L,aggr_mnth_v2_evt_attr_228#22L,aggr_mnth_v2_evt_attr_23#23L,... 2478 more fields] parquet

2026-07-30 14:23:21,634 | INFO     | 
Загрузка данных: /user/team/team_ai_avatar/ds/zaripov/feature_selection_benchmark/product_name=sa_response_erkc
2026-07-30 14:23:37,352 | INFO     |   Загружено 5,198,303 строк и 2503 колонок
2026-07-30 14:23:37,354 | INFO     |   Загрузка колонок для дропа из ~/nfs/bogachev/fmlib-feature-selection/dev/bogachev/results/pipeline/SA_ERKC/variance_1e-05_minmax_cols.txt
2026-07-30 14:23:37,357 | INFO     |   Найдено 1045 колонок для дропа
2026-07-30 14:23:37,357 | INFO     |   После фильтрации exclude_cols: 1044 колонок для дропа
2026-07-30 14:23:38,963 | INFO     |   После дропа: 1459 колонок
2026-07-30 14:23:38,963 | INFO     | 
================================================================================
2026-07-30 14:23:38,963 | INFO     | ПИПЛИН ОТБОРА: SA_ERKC
2026-07-30 14:23:38,963 | INFO     | ================================================================================
2026-07-30 14:23:38,963 | INFO     |   Порядок методов: ['lgbm_shap']
2026-07-30 14:23:38,963 | INFO     | 
ГИПЕРПАРАМЕТРЫ МЕТОДОВ:
2026-07-30 14:23:38,963 | INFO     |   drop_null:
2026-07-30 14:23:38,963 | INFO     |     enabled: false
2026-07-30 14:23:38,963 | INFO     |   drop_constant:
2026-07-30 14:23:38,963 | INFO     |     enabled: true, params: [0.95], chunk_size: 1000
2026-07-30 14:23:38,963 | INFO     |   drop_low_variance:
2026-07-30 14:23:38,963 | INFO     |     enabled: true, param: 1e-5, scale_method: minmax
2026-07-30 14:23:38,963 | INFO     |   drop_correlated:
2026-07-30 14:23:38,963 | INFO     |     enabled: true, params: [0.95]
2026-07-30 14:23:38,963 | INFO     |   lgbm_shap:
2026-07-30 14:23:38,964 | INFO     |     enabled: true, params: [0.95]
2026-07-30 14:23:38,964 | INFO     | 
================================================================================
2026-07-30 14:23:38,964 | INFO     | Шаг 1: lgbm_shap
2026-07-30 14:23:38,964 | INFO     | ================================================================================
2026-07-30 14:23:38,964 | INFO     |   Гиперпараметры: threshold=0.95
2026-07-30 14:23:38,964 | INFO     |   Test lgbm_shap with threshold=0.95
2026-07-30 14:23:55,321 | ERROR    |   ОШИБКА: An error occurred while calling o5196.collectToPython
2026-07-30 14:23:55,322 | ERROR    | Детали ошибки:
Traceback (most recent call last):
  File "/home/datalab/nfs/bogachev/fmlib-feature-selection/dev/bogachev/pipeline.py", line 541, in main
    final_df = run_pipeline(current_df, original_df, dataset_name, PIPELINE_DIR, config, logger, target_col, exclude_cols)
               ^^^^^^^^^^^^^^^^^^^^^^^^^^^^^^^^^^^^^^^^^^^^^^^^^^^^^^^^^^^^^^^^^^^^^^^^^^^^^^^^^^^^^^^^^^^^^^^^^^^^^^^^^^^
  File "/home/datalab/nfs/bogachev/fmlib-feature-selection/dev/bogachev/pipeline.py", line 385, in run_pipeline
    results = test_drop_lgbm_shap(current_df, target_col, exclude_cols, param, dataset_name, logger)
              ^^^^^^^^^^^^^^^^^^^^^^^^^^^^^^^^^^^^^^^^^^^^^^^^^^^^^^^^^^^^^^^^^^^^^^^^^^^^^^^^^^^^^^
  File "/home/datalab/nfs/bogachev/fmlib-feature-selection/dev/bogachev/pipeline.py", line 208, in test_drop_lgbm_shap
    result = select_robust_features(
             ^^^^^^^^^^^^^^^^^^^^^^^
  File "/home/datalab/nfs/bogachev/fmlib-feature-selection/dev/bogachev/methods/shap_lgbm_spark.py", line 98, in select_robust_features
    X, y, feature_cols = _extract_and_prep_data(df, target_col, exclude_cols, max_rows_limit, sample_fraction)
                         ^^^^^^^^^^^^^^^^^^^^^^^^^^^^^^^^^^^^^^^^^^^^^^^^^^^^^^^^^^^^^^^^^^^^^^^^^^^^^^^^^^^^^
  File "/home/datalab/nfs/bogachev/fmlib-feature-selection/dev/bogachev/methods/shap_lgbm_spark.py", line 56, in _extract_and_prep_data
    strat_count = data_df.groupBy('_strat_col').count().collect()
                  ^^^^^^^^^^^^^^^^^^^^^^^^^^^^^^^^^^^^^^^^^^^^^^^
  File "/spark/python/pyspark/sql/dataframe.py", line 1263, in collect
    sock_info = self._jdf.collectToPython()
                ^^^^^^^^^^^^^^^^^^^^^^^^^^^
  File "/spark/python/lib/py4j-0.10.9.7-src.zip/py4j/java_gateway.py", line 1322, in __call__
    return_value = get_return_value(
                   ^^^^^^^^^^^^^^^^^
  File "/spark/python/pyspark/errors/exceptions/captured.py", line 179, in deco
    return f(*a, **kw)
           ^^^^^^^^^^^
  File "/spark/python/lib/py4j-0.10.9.7-src.zip/py4j/protocol.py", line 334, in get_return_value
    raise Py4JError(
py4j.protocol.Py4JError: An error occurred while calling o5196.collectToPython
2026-07-30 14:23:55,323 | INFO     | 
Загрузка данных: /user/team/team_ai_avatar/ds/rusakov/feature_selection_benchmark/benchmark_datasets/product_name=tdbase_response/split_type=train
2026-07-30 14:23:57,222 | ERROR    |   ОШИБКА: An error occurred while calling o5197.parquet
2026-07-30 14:23:57,222 | ERROR    | Детали ошибки:
Traceback (most recent call last):
  File "/home/datalab/nfs/bogachev/fmlib-feature-selection/dev/bogachev/pipeline.py", line 504, in main
    original_df = spark.read.parquet(train_path)
                  ^^^^^^^^^^^^^^^^^^^^^^^^^^^^^^
  File "/spark/python/pyspark/sql/readwriter.py", line 544, in parquet
    return self._df(self._jreader.parquet(_to_seq(self._spark._sc, paths)))
                    ^^^^^^^^^^^^^^^^^^^^^^^^^^^^^^^^^^^^^^^^^^^^^^^^^^^^^^
  File "/spark/python/lib/py4j-0.10.9.7-src.zip/py4j/java_gateway.py", line 1322, in __call__
    return_value = get_return_value(
                   ^^^^^^^^^^^^^^^^^
  File "/spark/python/pyspark/errors/exceptions/captured.py", line 179, in deco
    return f(*a, **kw)
           ^^^^^^^^^^^
  File "/spark/python/lib/py4j-0.10.9.7-src.zip/py4j/protocol.py", line 334, in get_return_value
    raise Py4JError(
py4j.protocol.Py4JError: An error occurred while calling o5197.parquet
2026-07-30 14:23:57,223 | INFO     | 
Загрузка данных: /user/team/team_ai_avatar/ds/zaripov/feature_selection_benchmark/product_name=sa_response_sms
2026-07-30 14:23:57,620 | ERROR    |   ОШИБКА: An error occurred while calling o5200.parquet
2026-07-30 14:23:57,621 | ERROR    | Детали ошибки:
Traceback (most recent call last):
  File "/home/datalab/nfs/bogachev/fmlib-feature-selection/dev/bogachev/pipeline.py", line 504, in main
    original_df = spark.read.parquet(train_path)
                  ^^^^^^^^^^^^^^^^^^^^^^^^^^^^^^
  File "/spark/python/pyspark/sql/readwriter.py", line 544, in parquet
    return self._df(self._jreader.parquet(_to_seq(self._spark._sc, paths)))
                    ^^^^^^^^^^^^^^^^^^^^^^^^^^^^^^^^^^^^^^^^^^^^^^^^^^^^^^
  File "/spark/python/lib/py4j-0.10.9.7-src.zip/py4j/java_gateway.py", line 1322, in __call__
    return_value = get_return_value(
                   ^^^^^^^^^^^^^^^^^
  File "/spark/python/pyspark/errors/exceptions/captured.py", line 179, in deco
    return f(*a, **kw)
           ^^^^^^^^^^^
  File "/spark/python/lib/py4j-0.10.9.7-src.zip/py4j/protocol.py", line 334, in get_return_value
    raise Py4JError(
py4j.protocol.Py4JError: An error occurred while calling o5200.parquet
2026-07-30 14:23:57,622 | INFO     | 
================================================================================
2026-07-30 14:23:57,622 | INFO     | ВСЕ ТЕСТЫ ЗАВЕРШЕНЫ!
2026-07-30 14:23:57,622 | INFO     | ================================================================================
