2026-07-30 14:44:17,178 | INFO     | Запуск пайплайна отбора признаков
2026-07-30 14:44:17,178 | INFO     | 
Загрузка путей из pipeline_conf.yaml
2026-07-30 14:44:17,186 | INFO     | Найдено 4 датасетов: ['PD', 'SA_ERKC', 'TD', 'SA_SMA']
2026-07-30 14:44:51,290 | INFO     | Spark сессия запущена! Время: 34.10 сек
2026-07-30 14:44:51,290 | INFO     | 
Загрузка данных: /user/team/team_ai_avatar/ds/rusakov/feature_selection_benchmark/benchmark_datasets/product_name=pd_cc/split_type=train
2026-07-30 14:45:31,312 | INFO     |   Загружено 2,817,137 строк и 2502 колонок
2026-07-30 14:45:31,314 | INFO     |   Target column: target_attr_1
2026-07-30 14:45:31,314 | INFO     |   Exclude columns (11): ['report_month', 'target_attr_2', 'dmik_kids_small_flg', 'epk_id', 'target_attr_1', 'bki_all_feats_count_mon_between_reports_okb', 'target_attr_3', 'dmik_kids_school_flg', 'dmik_tag_kids_flg', 'bki_all_feats_count_mon_between_reports_equ', 'dmik_tag_video_content_flg']
2026-07-30 14:45:31,314 | INFO     |   Загрузка колонок для дропа из ~/nfs/bogachev/fmlib-feature-selection/dev/bogachev/results/pipeline/PD/correlated_0.95_cols.txt
2026-07-30 14:45:31,317 | INFO     |   Найдено 1441 колонок для дропа
2026-07-30 14:45:31,317 | INFO     |   dropped_cols (first 20): ['bki_response_evt_attr_1015', 'bki_response_evt_attr_791', 'bki_response_evt_attr_436', 'target_attr_2', 'aggr_mnth_v2_evt_attr_860', 'bki_response_evt_attr_837', 'bki_all_feats_avg_debt_sber_kk_amt_3m', 'bki_all_feats_max_cust_pti_norm_amt_3m', 'bki_response_evt_attr_815', 'aggr_mnth_v2_evt_attr_94', 'bki_all_feats_ratio_cust_pti_to_debt_load_v1_norm', 'dmik_rostelecom_ntrx', 'aggr_mnth_v2_evt_attr_590', 'dmik_merch_gr_medium_flowers_ntrx', 'aggr_mnth_v2_evt_attr_140', 'bki_response_evt_attr_565', 'bki_response_evt_attr_960', 'bki_response_evt_attr_319', 'dmik_merch_Ivi_flag', 'dmik_merch_gr_medium_beauty_ntrx']
2026-07-30 14:45:31,317 | INFO     |   После фильтрации exclude_cols: 1430 колонок для дропа
2026-07-30 14:45:31,317 | INFO     |   dropped_cols after filter (first 20): ['bki_response_evt_attr_1015', 'bki_response_evt_attr_791', 'bki_response_evt_attr_436', 'aggr_mnth_v2_evt_attr_860', 'bki_response_evt_attr_837', 'bki_all_feats_avg_debt_sber_kk_amt_3m', 'bki_all_feats_max_cust_pti_norm_amt_3m', 'bki_response_evt_attr_815', 'aggr_mnth_v2_evt_attr_94', 'bki_all_feats_ratio_cust_pti_to_debt_load_v1_norm', 'dmik_rostelecom_ntrx', 'aggr_mnth_v2_evt_attr_590', 'dmik_merch_gr_medium_flowers_ntrx', 'aggr_mnth_v2_evt_attr_140', 'bki_response_evt_attr_565', 'bki_response_evt_attr_960', 'bki_response_evt_attr_319', 'dmik_merch_Ivi_flag', 'dmik_merch_gr_medium_beauty_ntrx', 'bki_all_feats_min_debt_ik_amt_3m']
2026-07-30 14:45:32,740 | INFO     |   После дропа: 1072 колонок
2026-07-30 14:45:32,740 | INFO     |   current_df columns (first 20): ['epk_id', 'target_attr_1', 'report_month', 'target_attr_2', 'target_attr_3', 'aggr_mnth_v2_evt_attr_1006', 'aggr_mnth_v2_evt_attr_1010', 'aggr_mnth_v2_evt_attr_1022', 'aggr_mnth_v2_evt_attr_1027', 'aggr_mnth_v2_evt_attr_1029', 'aggr_mnth_v2_evt_attr_158', 'aggr_mnth_v2_evt_attr_161', 'aggr_mnth_v2_evt_attr_179', 'aggr_mnth_v2_evt_attr_180', 'aggr_mnth_v2_evt_attr_188', 'aggr_mnth_v2_evt_attr_198', 'aggr_mnth_v2_evt_attr_213', 'aggr_mnth_v2_evt_attr_217', 'aggr_mnth_v2_evt_attr_223', 'aggr_mnth_v2_evt_attr_228']
2026-07-30 14:45:32,740 | INFO     | 
================================================================================
2026-07-30 14:45:32,741 | INFO     | ПИПЛИН ОТБОРА: PD
2026-07-30 14:45:32,741 | INFO     | ================================================================================
2026-07-30 14:45:37,585 | INFO     |   [run_pipeline] START - df: 1072 cols, 2,817,137 rows
2026-07-30 14:45:37,585 | INFO     |   [run_pipeline] target_col: target_attr_1
2026-07-30 14:45:37,585 | INFO     |   [run_pipeline] exclude_cols (11): ['report_month', 'target_attr_2', 'dmik_kids_small_flg', 'epk_id', 'target_attr_1', 'bki_all_feats_count_mon_between_reports_okb', 'target_attr_3', 'dmik_kids_school_flg', 'dmik_tag_kids_flg', 'bki_all_feats_count_mon_between_reports_equ']...
2026-07-30 14:45:37,586 | INFO     |   Порядок методов: ['lgbm_shap']
2026-07-30 14:45:37,586 | INFO     | 
ГИПЕРПАРАМЕТРЫ МЕТОДОВ:
2026-07-30 14:45:37,586 | INFO     |   drop_null:
2026-07-30 14:45:37,586 | INFO     |     enabled: false
2026-07-30 14:45:37,586 | INFO     |   drop_constant:
2026-07-30 14:45:37,586 | INFO     |     enabled: true, params: [0.95], chunk_size: 1000
2026-07-30 14:45:37,586 | INFO     |   drop_low_variance:
2026-07-30 14:45:37,586 | INFO     |     enabled: true, param: 1e-5, scale_method: minmax
2026-07-30 14:45:37,586 | INFO     |   drop_correlated:
2026-07-30 14:45:37,586 | INFO     |     enabled: true, params: [0.95]
2026-07-30 14:45:37,586 | INFO     |   lgbm_shap:
2026-07-30 14:45:37,586 | INFO     |     enabled: true, params: [0.95]
2026-07-30 14:45:37,586 | INFO     | 
================================================================================
2026-07-30 14:45:37,586 | INFO     | Шаг 1: lgbm_shap
2026-07-30 14:45:37,587 | INFO     | ================================================================================
2026-07-30 14:45:37,587 | INFO     |   Гиперпараметры: threshold=0.95
2026-07-30 14:45:37,587 | INFO     |   Test lgbm_shap with threshold=0.95
2026-07-30 14:45:41,633 | INFO     |   [test_drop_lgbm_shap] df: 1072 cols, 2,817,137 rows
2026-07-30 14:45:41,633 | INFO     |   [test_drop_lgbm_shap] target_col: target_attr_1
2026-07-30 14:45:41,633 | INFO     |   [test_drop_lgbm_shap] exclude_cols (11): ['report_month', 'target_attr_2', 'dmik_kids_small_flg', 'epk_id', 'target_attr_1', 'bki_all_feats_count_mon_between_reports_okb', 'target_attr_3', 'dmik_kids_school_flg', 'dmik_tag_kids_flg', 'bki_all_feats_count_mon_between_reports_equ']...
2026-07-30 14:46:46,801 | ERROR    |   ОШИБКА: An error occurred while calling o1204.count
2026-07-30 14:46:46,801 | ERROR    | Детали ошибки:
Traceback (most recent call last):
  File "/home/datalab/nfs/bogachev/fmlib-feature-selection/dev/bogachev/pipeline.py", line 557, in main
    final_df = run_pipeline(current_df, original_df, dataset_name, PIPELINE_DIR, config, logger, target_col, exclude_cols)
               ^^^^^^^^^^^^^^^^^^^^^^^^^^^^^^^^^^^^^^^^^^^^^^^^^^^^^^^^^^^^^^^^^^^^^^^^^^^^^^^^^^^^^^^^^^^^^^^^^^^^^^^^^^^
  File "/home/datalab/nfs/bogachev/fmlib-feature-selection/dev/bogachev/pipeline.py", line 396, in run_pipeline
    results = test_drop_lgbm_shap(current_df, target_col, exclude_cols, param, dataset_name, logger)
              ^^^^^^^^^^^^^^^^^^^^^^^^^^^^^^^^^^^^^^^^^^^^^^^^^^^^^^^^^^^^^^^^^^^^^^^^^^^^^^^^^^^^^^
  File "/home/datalab/nfs/bogachev/fmlib-feature-selection/dev/bogachev/pipeline.py", line 216, in test_drop_lgbm_shap
    result = select_robust_features(
             ^^^^^^^^^^^^^^^^^^^^^^^
  File "/home/datalab/nfs/bogachev/fmlib-feature-selection/dev/bogachev/methods/shap_lgbm_spark.py", line 112, in select_robust_features
    logger.info(f"    [select_robust_features] input df: {len(df.columns)} cols, {df.count():,} rows")
                                                                                  ^^^^^^^^^^
  File "/spark/python/pyspark/sql/dataframe.py", line 1240, in count
    return int(self._jdf.count())
               ^^^^^^^^^^^^^^^^^
  File "/spark/python/lib/py4j-0.10.9.7-src.zip/py4j/java_gateway.py", line 1322, in __call__
    return_value = get_return_value(
                   ^^^^^^^^^^^^^^^^^
  File "/spark/python/pyspark/errors/exceptions/captured.py", line 179, in deco
    return f(*a, **kw)
           ^^^^^^^^^^^
  File "/spark/python/lib/py4j-0.10.9.7-src.zip/py4j/protocol.py", line 334, in get_return_value
    raise Py4JError(
py4j.protocol.Py4JError: An error occurred while calling o1204.count
2026-07-30 14:46:46,805 | INFO     | 
Загрузка данных: /user/team/team_ai_avatar/ds/zaripov/feature_selection_benchmark/product_name=sa_response_erkc
2026-07-30 14:46:46,897 | ERROR    |   ОШИБКА: An error occurred while calling o1206.parquet
2026-07-30 14:46:46,897 | ERROR    | Детали ошибки:
Traceback (most recent call last):
  File "/home/datalab/nfs/bogachev/fmlib-feature-selection/dev/bogachev/pipeline.py", line 515, in main
    original_df = spark.read.parquet(train_path)
                  ^^^^^^^^^^^^^^^^^^^^^^^^^^^^^^
  File "/spark/python/pyspark/sql/readwriter.py", line 544, in parquet
    return self._df(self._jreader.parquet(_to_seq(self._spark._sc, paths)))
                    ^^^^^^^^^^^^^^^^^^^^^^^^^^^^^^^^^^^^^^^^^^^^^^^^^^^^^^
  File "/spark/python/lib/py4j-0.10.9.7-src.zip/py4j/java_gateway.py", line 1322, in __call__
    return_value = get_return_value(
                   ^^^^^^^^^^^^^^^^^
  File "/spark/python/pyspark/errors/exceptions/captured.py", line 179, in deco
    return f(*a, **kw)
           ^^^^^^^^^^^
  File "/spark/python/lib/py4j-0.10.9.7-src.zip/py4j/protocol.py", line 334, in get_return_value
    raise Py4JError(
py4j.protocol.Py4JError: An error occurred while calling o1206.parquet
2026-07-30 14:46:46,900 | INFO     | 
Загрузка данных: /user/team/team_ai_avatar/ds/rusakov/feature_selection_benchmark/benchmark_datasets/product_name=tdbase_response/split_type=train
2026-07-30 14:46:47,142 | ERROR    |   ОШИБКА: An error occurred while calling o1209.parquet
2026-07-30 14:46:47,143 | ERROR    | Детали ошибки:
Traceback (most recent call last):
  File "/home/datalab/nfs/bogachev/fmlib-feature-selection/dev/bogachev/pipeline.py", line 515, in main
    original_df = spark.read.parquet(train_path)
                  ^^^^^^^^^^^^^^^^^^^^^^^^^^^^^^
  File "/spark/python/pyspark/sql/readwriter.py", line 544, in parquet
    return self._df(self._jreader.parquet(_to_seq(self._spark._sc, paths)))
                    ^^^^^^^^^^^^^^^^^^^^^^^^^^^^^^^^^^^^^^^^^^^^^^^^^^^^^^
  File "/spark/python/lib/py4j-0.10.9.7-src.zip/py4j/java_gateway.py", line 1322, in __call__
    return_value = get_return_value(
                   ^^^^^^^^^^^^^^^^^
  File "/spark/python/pyspark/errors/exceptions/captured.py", line 179, in deco
    return f(*a, **kw)
           ^^^^^^^^^^^
  File "/spark/python/lib/py4j-0.10.9.7-src.zip/py4j/protocol.py", line 334, in get_return_value
    raise Py4JError(
py4j.protocol.Py4JError: An error occurred while calling o1209.parquet
2026-07-30 14:46:47,143 | INFO     | 
Загрузка данных: /user/team/team_ai_avatar/ds/zaripov/feature_selection_benchmark/product_name=sa_response_sms
2026-07-30 14:46:47,444 | ERROR    |   ОШИБКА: An error occurred while calling o1212.parquet
2026-07-30 14:46:47,444 | ERROR    | Детали ошибки:
Traceback (most recent call last):
  File "/home/datalab/nfs/bogachev/fmlib-feature-selection/dev/bogachev/pipeline.py", line 515, in main
    original_df = spark.read.parquet(train_path)
                  ^^^^^^^^^^^^^^^^^^^^^^^^^^^^^^
  File "/spark/python/pyspark/sql/readwriter.py", line 544, in parquet
    return self._df(self._jreader.parquet(_to_seq(self._spark._sc, paths)))
                    ^^^^^^^^^^^^^^^^^^^^^^^^^^^^^^^^^^^^^^^^^^^^^^^^^^^^^^
  File "/spark/python/lib/py4j-0.10.9.7-src.zip/py4j/java_gateway.py", line 1322, in __call__
    return_value = get_return_value(
                   ^^^^^^^^^^^^^^^^^
  File "/spark/python/pyspark/errors/exceptions/captured.py", line 179, in deco
    return f(*a, **kw)
           ^^^^^^^^^^^
  File "/spark/python/lib/py4j-0.10.9.7-src.zip/py4j/protocol.py", line 334, in get_return_value
    raise Py4JError(
py4j.protocol.Py4JError: An error occurred while calling o1212.parquet
2026-07-30 14:46:47,444 | INFO     | 
================================================================================
2026-07-30 14:46:47,444 | INFO     | ВСЕ ТЕСТЫ ЗАВЕРШЕНЫ!
2026-07-30 14:46:47,444 | INFO     | ================================================================================
