2026-07-30 14:26:04,728 | INFO     | Запуск пайплайна отбора признаков
2026-07-30 14:26:04,729 | INFO     | 
Загрузка путей из pipeline_conf.yaml
2026-07-30 14:26:04,736 | INFO     | Найдено 4 датасетов: ['PD', 'SA_ERKC', 'TD', 'SA_SMA']
2026-07-30 14:26:38,964 | INFO     | Spark сессия запущена! Время: 34.23 сек
2026-07-30 14:26:38,966 | INFO     | 
Загрузка данных: /user/team/team_ai_avatar/ds/rusakov/feature_selection_benchmark/benchmark_datasets/product_name=pd_cc/split_type=train
2026-07-30 14:27:03,960 | INFO     |   Загружено 2,817,137 строк и 2502 колонок
2026-07-30 14:27:03,965 | INFO     |   Загрузка колонок для дропа из ~/nfs/bogachev/fmlib-feature-selection/dev/bogachev/results/pipeline/PD/correlated_0.95_cols.txt
2026-07-30 14:27:03,968 | INFO     |   Найдено 1441 колонок для дропа
2026-07-30 14:27:03,969 | INFO     |   После фильтрации exclude_cols: 1430 колонок для дропа
2026-07-30 14:27:05,528 | INFO     |   После дропа: 1072 колонок
2026-07-30 14:27:05,528 | INFO     | 
================================================================================
2026-07-30 14:27:05,528 | INFO     | ПИПЛИН ОТБОРА: PD
2026-07-30 14:27:05,528 | INFO     | ================================================================================
2026-07-30 14:27:05,529 | INFO     |   Порядок методов: ['lgbm_shap']
2026-07-30 14:27:05,529 | INFO     | 
ГИПЕРПАРАМЕТРЫ МЕТОДОВ:
2026-07-30 14:27:05,529 | INFO     |   drop_null:
2026-07-30 14:27:05,529 | INFO     |     enabled: false
2026-07-30 14:27:05,529 | INFO     |   drop_constant:
2026-07-30 14:27:05,529 | INFO     |     enabled: true, params: [0.95], chunk_size: 1000
2026-07-30 14:27:05,529 | INFO     |   drop_low_variance:
2026-07-30 14:27:05,529 | INFO     |     enabled: true, param: 1e-5, scale_method: minmax
2026-07-30 14:27:05,529 | INFO     |   drop_correlated:
2026-07-30 14:27:05,529 | INFO     |     enabled: true, params: [0.95]
2026-07-30 14:27:05,529 | INFO     |   lgbm_shap:
2026-07-30 14:27:05,529 | INFO     |     enabled: true, params: [0.95]
2026-07-30 14:27:05,529 | INFO     | 
================================================================================
2026-07-30 14:27:05,529 | INFO     | Шаг 1: lgbm_shap
2026-07-30 14:27:05,529 | INFO     | ================================================================================
2026-07-30 14:27:05,529 | INFO     |   Гиперпараметры: threshold=0.95
2026-07-30 14:27:05,529 | INFO     |   Test lgbm_shap with threshold=0.95
