2026-07-31 10:09:27,946 | INFO     | Запуск пайплайна отбора признаков
2026-07-31 10:09:27,946 | INFO     | 
Загрузка путей из pipeline_conf.yaml
2026-07-31 10:09:27,954 | INFO     | Найдено 4 датасетов: ['PD', 'SA_ERKC', 'TD', 'SA_SMA']
2026-07-31 10:10:02,020 | INFO     | Spark сессия запущена! Время: 34.07 сек
2026-07-31 10:10:02,021 | INFO     | 
PD: пропущено (disabled in config)
2026-07-31 10:10:02,021 | INFO     | 
SA_ERKC: пропущено (disabled in config)
2026-07-31 10:10:02,021 | INFO     | 
TD: пропущено (disabled in config)
2026-07-31 10:10:02,022 | INFO     | 
Загрузка данных: /user/team/team_ai_avatar/ds/zaripov/feature_selection_benchmark/product_name=sa_response_sms
2026-07-31 10:10:40,566 | INFO     |   Загружено 25,852,832 строк и 2503 колонок
2026-07-31 10:10:40,569 | INFO     |   Target column: target_attr_1
2026-07-31 10:10:40,569 | INFO     |   Exclude columns (12): ['bki_all_feats_count_mon_between_reports_okb', 'target_attr_3', 'dmik_tag_kids_flg', 'dmik_kids_small_flg', 'dmik_kids_school_flg', 'dmik_tag_video_content_flg', 'bki_all_feats_count_mon_between_reports_equ', 'target_attr_2', 'epk_id', 'report_month', 'split_type', 'target_attr_1']
2026-07-31 10:10:40,571 | INFO     |   Загрузка колонок для дропа из ~/nfs/bogachev/fmlib-feature-selection/dev/bogachev/results/sequential/SA_SMA/null_0.95_cols.txt
2026-07-31 10:10:40,573 | INFO     |   Найдено 160 колонок для дропа
2026-07-31 10:10:40,573 | INFO     |   dropped_cols (first 20): ['aggr_mnth_v2_evt_attr_895', 'bki_response_evt_attr_674', 'bki_response_evt_attr_1052', 'aggr_mnth_v2_evt_attr_663', 'aggr_mnth_v2_evt_attr_837', 'aggr_mnth_v2_evt_attr_918', 'bki_response_evt_attr_907', 'bki_response_evt_attr_1068', 'bki_response_evt_attr_1066', 'bki_response_evt_attr_548', 'aggr_mnth_v2_evt_attr_862', 'bki_response_evt_attr_1071', 'bki_response_evt_attr_941', 'aggr_mnth_v2_evt_attr_94', 'bki_response_evt_attr_1072', 'aggr_mnth_v2_evt_attr_693', 'aggr_mnth_v2_evt_attr_528', 'bki_response_evt_attr_965', 'bki_response_evt_attr_689', 'aggr_mnth_v2_evt_attr_117']
2026-07-31 10:10:40,573 | INFO     |   После фильтрации exclude_cols: 160 колонок для дропа
2026-07-31 10:10:40,573 | INFO     |   dropped_cols after filter (first 20): ['aggr_mnth_v2_evt_attr_895', 'bki_response_evt_attr_674', 'bki_response_evt_attr_1052', 'aggr_mnth_v2_evt_attr_663', 'aggr_mnth_v2_evt_attr_837', 'aggr_mnth_v2_evt_attr_918', 'bki_response_evt_attr_907', 'bki_response_evt_attr_1068', 'bki_response_evt_attr_1066', 'bki_response_evt_attr_548', 'aggr_mnth_v2_evt_attr_862', 'bki_response_evt_attr_1071', 'bki_response_evt_attr_941', 'aggr_mnth_v2_evt_attr_94', 'bki_response_evt_attr_1072', 'aggr_mnth_v2_evt_attr_693', 'aggr_mnth_v2_evt_attr_528', 'bki_response_evt_attr_965', 'bki_response_evt_attr_689', 'aggr_mnth_v2_evt_attr_117']
2026-07-31 10:10:43,061 | INFO     |   После дропа: 2343 колонок
2026-07-31 10:10:43,061 | INFO     |   current_df columns (first 20): ['epk_id', 'target_attr_1', 'report_month', 'target_attr_2', 'target_attr_3', 'aggr_mnth_v2_evt_attr_1006', 'aggr_mnth_v2_evt_attr_1007', 'aggr_mnth_v2_evt_attr_1010', 'aggr_mnth_v2_evt_attr_1022', 'aggr_mnth_v2_evt_attr_1027', 'aggr_mnth_v2_evt_attr_1029', 'aggr_mnth_v2_evt_attr_152', 'aggr_mnth_v2_evt_attr_153', 'aggr_mnth_v2_evt_attr_158', 'aggr_mnth_v2_evt_attr_161', 'aggr_mnth_v2_evt_attr_179', 'aggr_mnth_v2_evt_attr_180', 'aggr_mnth_v2_evt_attr_188', 'aggr_mnth_v2_evt_attr_198', 'aggr_mnth_v2_evt_attr_213']
2026-07-31 10:10:43,061 | INFO     | 
================================================================================
2026-07-31 10:10:43,061 | INFO     | ПИПЛИН ОТБОРА: SA_SMA
2026-07-31 10:10:43,061 | INFO     | ================================================================================
2026-07-31 10:10:52,351 | INFO     |   [run_pipeline] START - df: 2343 cols, 25,852,832 rows
2026-07-31 10:10:52,352 | INFO     |   [run_pipeline] target_col: target_attr_1
2026-07-31 10:10:52,352 | INFO     |   [run_pipeline] exclude_cols (12): ['bki_all_feats_count_mon_between_reports_okb', 'target_attr_3', 'dmik_tag_kids_flg', 'dmik_kids_small_flg', 'dmik_kids_school_flg', 'dmik_tag_video_content_flg', 'bki_all_feats_count_mon_between_reports_equ', 'target_attr_2', 'epk_id', 'report_month']...
2026-07-31 10:10:52,352 | INFO     |   Порядок методов: [('stratified_sampling', [8000000]), ('drop_constant', None), ('drop_low_variance', None), ('stratified_sampling', [1000000]), ('drop_correlated', None), ('stratified_sampling', [250000]), ('lgbm_shap', None)]
2026-07-31 10:10:52,352 | INFO     | 
ГИПЕРПАРАМЕТРЫ МЕТОДОВ:
2026-07-31 10:10:52,352 | INFO     |   drop_null:
2026-07-31 10:10:52,352 | INFO     |     enabled: false
2026-07-31 10:10:52,352 | INFO     |   drop_constant:
2026-07-31 10:10:52,352 | INFO     |     enabled: true, params: [0.95], chunk_size: 200
2026-07-31 10:10:52,352 | INFO     |   drop_low_variance:
2026-07-31 10:10:52,352 | INFO     |     enabled: true, param: 1e-5, scale_method: minmax
2026-07-31 10:10:52,352 | INFO     |   drop_correlated:
2026-07-31 10:10:52,352 | INFO     |     enabled: true, params: [0.95]
2026-07-31 10:10:52,352 | INFO     |   lgbm_shap:
2026-07-31 10:10:52,352 | INFO     |     enabled: true, params: [0.95]
2026-07-31 10:10:52,352 | INFO     | 
================================================================================
2026-07-31 10:10:52,352 | INFO     | Шаг 1: stratified_sampling
2026-07-31 10:10:52,352 | INFO     | ================================================================================
2026-07-31 10:10:52,352 | INFO     |   Гиперпараметры: max_rows=8000000
2026-07-31 10:10:52,352 | INFO     |   Test stratified_sampling with max_rows=8000000
2026-07-31 10:10:59,608 | INFO     |   [test_stratified_sampling] df: 2343 cols, 25,852,832 rows
2026-07-31 10:12:46,487 | INFO     |   Выкинуто: 160 колонок -> results/pipeline/SA_SMA/stratified_8000000_cols.txt
2026-07-31 10:12:46,488 | INFO     |   Колонок на выходе: 2343
2026-07-31 10:12:46,488 | INFO     | 
================================================================================
2026-07-31 10:12:46,488 | INFO     | Шаг 2: drop_constant
2026-07-31 10:12:46,488 | INFO     | ================================================================================
2026-07-31 10:12:46,488 | INFO     |   Гиперпараметры: tol=0.95, chunk_size=200
2026-07-31 10:12:46,488 | INFO     |   Test drop_constant with tol=0.95, chunk_size=200
2026-07-31 10:48:51,087 | INFO     |   Выкинуто: 696 колонок -> results/pipeline/SA_SMA/constant_0.95_cols.txt
2026-07-31 10:48:51,089 | INFO     |   Колонок на выходе: 1807
2026-07-31 10:48:51,089 | INFO     | 
================================================================================
2026-07-31 10:48:51,089 | INFO     | Шаг 3: drop_low_variance
2026-07-31 10:48:51,089 | INFO     | ================================================================================
2026-07-31 10:48:51,089 | INFO     |   Гиперпараметры: min_variance=['1e-5'], scale_method=['minmax'], chunk_size=200
2026-07-31 10:48:51,089 | INFO     |   Test drop_low_variance with min_variance=1e-05, scale=minmax, chunk_size=200
2026-07-31 10:57:38,543 | INFO     |   Выкинуто: 1255 колонок (scale=minmax, param=1e-05) -> results/pipeline/SA_SMA/variance_1e-05_minmax_cols.txt
2026-07-31 10:57:38,545 | INFO     |   Колонок на выходе: 1248
2026-07-31 10:57:38,545 | INFO     | 
================================================================================
2026-07-31 10:57:38,545 | INFO     | Шаг 4: stratified_sampling
2026-07-31 10:57:38,545 | INFO     | ================================================================================
2026-07-31 10:57:38,545 | INFO     |   Гиперпараметры: max_rows=1000000
2026-07-31 10:57:38,545 | INFO     |   Test stratified_sampling with max_rows=1000000
2026-07-31 10:57:40,964 | INFO     |   [test_stratified_sampling] df: 1248 cols, 7,999,504 rows
2026-07-31 10:58:11,572 | INFO     |   Выкинуто: 1255 колонок -> results/pipeline/SA_SMA/stratified_1000000_cols.txt
2026-07-31 10:58:11,572 | INFO     |   Колонок на выходе: 1248
2026-07-31 10:58:11,572 | INFO     | 
================================================================================
2026-07-31 10:58:11,572 | INFO     | Шаг 5: drop_correlated
2026-07-31 10:58:11,572 | INFO     | ================================================================================
2026-07-31 10:58:11,572 | INFO     |   Гиперпараметры: corr_threshold=0.95
2026-07-31 10:58:11,572 | INFO     |   Test drop_correlated with corr_threshold=0.95
2026-07-31 11:14:01,406 | INFO     |   Выкинуто: 1572 колонок -> results/pipeline/SA_SMA/correlated_0.95_cols.txt
2026-07-31 11:14:01,408 | INFO     |   Колонок на выходе: 931
2026-07-31 11:14:01,408 | INFO     | 
================================================================================
2026-07-31 11:14:01,408 | INFO     | Шаг 6: stratified_sampling
2026-07-31 11:14:01,408 | INFO     | ================================================================================
2026-07-31 11:14:01,408 | INFO     |   Гиперпараметры: max_rows=250000
2026-07-31 11:14:01,408 | INFO     |   Test stratified_sampling with max_rows=250000
2026-07-31 11:14:15,745 | INFO     |   [test_stratified_sampling] df: 931 cols, 1,001,716 rows
2026-07-31 11:14:16,049 | ERROR    |   ОШИБКА: [UNRESOLVED_COLUMN.WITH_SUGGESTION] A column or function parameter with name `target_attr_1` cannot be resolved. Did you mean one of the following? [`bucket_num`, `dmik_age`, `dmik_salary`, `month_part`, `dmik_ca_flg`].;
'Project [aggr_mnth_v2_evt_attr_1010#7L, aggr_mnth_v2_evt_attr_1022#8L, aggr_mnth_v2_evt_attr_1027#9L, aggr_mnth_v2_evt_attr_1029#10L, aggr_mnth_v2_evt_attr_158#13L, aggr_mnth_v2_evt_attr_161#14L, aggr_mnth_v2_evt_attr_179#15L, aggr_mnth_v2_evt_attr_180#16L, aggr_mnth_v2_evt_attr_188#17L, aggr_mnth_v2_evt_attr_198#18L, aggr_mnth_v2_evt_attr_213#19L, aggr_mnth_v2_evt_attr_217#20L, aggr_mnth_v2_evt_attr_223#21L, aggr_mnth_v2_evt_attr_228#22L, aggr_mnth_v2_evt_attr_23#23L, aggr_mnth_v2_evt_attr_274#25L, aggr_mnth_v2_evt_attr_296#27L, aggr_mnth_v2_evt_attr_306#28L, aggr_mnth_v2_evt_attr_314#29L, aggr_mnth_v2_evt_attr_320#30L, aggr_mnth_v2_evt_attr_358#32L, aggr_mnth_v2_evt_attr_37#33L, aggr_mnth_v2_evt_attr_402#36L, aggr_mnth_v2_evt_attr_415#39L, ... 908 more fields]
+- Project [aggr_mnth_v2_evt_attr_1010#7L, aggr_mnth_v2_evt_attr_1022#8L, aggr_mnth_v2_evt_attr_1027#9L, aggr_mnth_v2_evt_attr_1029#10L, aggr_mnth_v2_evt_attr_158#13L, aggr_mnth_v2_evt_attr_161#14L, aggr_mnth_v2_evt_attr_179#15L, aggr_mnth_v2_evt_attr_180#16L, aggr_mnth_v2_evt_attr_188#17L, aggr_mnth_v2_evt_attr_198#18L, aggr_mnth_v2_evt_attr_213#19L, aggr_mnth_v2_evt_attr_217#20L, aggr_mnth_v2_evt_attr_223#21L, aggr_mnth_v2_evt_attr_228#22L, aggr_mnth_v2_evt_attr_23#23L, aggr_mnth_v2_evt_attr_274#25L, aggr_mnth_v2_evt_attr_296#27L, aggr_mnth_v2_evt_attr_306#28L, aggr_mnth_v2_evt_attr_314#29L, aggr_mnth_v2_evt_attr_320#30L, aggr_mnth_v2_evt_attr_358#32L, aggr_mnth_v2_evt_attr_37#33L, aggr_mnth_v2_evt_attr_402#36L, aggr_mnth_v2_evt_attr_415#39L, ... 907 more fields]
   +- Project [epk_id#0L, target_attr_1#1L, report_month#2, target_attr_2#3, target_attr_3#4, aggr_mnth_v2_evt_attr_1010#7L, aggr_mnth_v2_evt_attr_1022#8L, aggr_mnth_v2_evt_attr_1027#9L, aggr_mnth_v2_evt_attr_1029#10L, aggr_mnth_v2_evt_attr_158#13L, aggr_mnth_v2_evt_attr_161#14L, aggr_mnth_v2_evt_attr_179#15L, aggr_mnth_v2_evt_attr_180#16L, aggr_mnth_v2_evt_attr_188#17L, aggr_mnth_v2_evt_attr_198#18L, aggr_mnth_v2_evt_attr_213#19L, aggr_mnth_v2_evt_attr_217#20L, aggr_mnth_v2_evt_attr_223#21L, aggr_mnth_v2_evt_attr_228#22L, aggr_mnth_v2_evt_attr_23#23L, aggr_mnth_v2_evt_attr_274#25L, aggr_mnth_v2_evt_attr_296#27L, aggr_mnth_v2_evt_attr_306#28L, aggr_mnth_v2_evt_attr_314#29L, ... 1224 more fields]
      +- Filter UDF(_strat_col#274773, rand(42))
         +- Project [epk_id#0L, target_attr_1#1L, report_month#2, target_attr_2#3, target_attr_3#4, aggr_mnth_v2_evt_attr_1010#7L, aggr_mnth_v2_evt_attr_1022#8L, aggr_mnth_v2_evt_attr_1027#9L, aggr_mnth_v2_evt_attr_1029#10L, aggr_mnth_v2_evt_attr_158#13L, aggr_mnth_v2_evt_attr_161#14L, aggr_mnth_v2_evt_attr_179#15L, aggr_mnth_v2_evt_attr_180#16L, aggr_mnth_v2_evt_attr_188#17L, aggr_mnth_v2_evt_attr_198#18L, aggr_mnth_v2_evt_attr_213#19L, aggr_mnth_v2_evt_attr_217#20L, aggr_mnth_v2_evt_attr_223#21L, aggr_mnth_v2_evt_attr_228#22L, aggr_mnth_v2_evt_attr_23#23L, aggr_mnth_v2_evt_attr_274#25L, aggr_mnth_v2_evt_attr_296#27L, aggr_mnth_v2_evt_attr_306#28L, aggr_mnth_v2_evt_attr_314#29L, ... 1225 more fields]
            +- Project [epk_id#0L, target_attr_1#1L, report_month#2, target_attr_2#3, target_attr_3#4, aggr_mnth_v2_evt_attr_1010#7L, aggr_mnth_v2_evt_attr_1022#8L, aggr_mnth_v2_evt_attr_1027#9L, aggr_mnth_v2_evt_attr_1029#10L, aggr_mnth_v2_evt_attr_158#13L, aggr_mnth_v2_evt_attr_161#14L, aggr_mnth_v2_evt_attr_179#15L, aggr_mnth_v2_evt_attr_180#16L, aggr_mnth_v2_evt_attr_188#17L, aggr_mnth_v2_evt_attr_198#18L, aggr_mnth_v2_evt_attr_213#19L, aggr_mnth_v2_evt_attr_217#20L, aggr_mnth_v2_evt_attr_223#21L, aggr_mnth_v2_evt_attr_228#22L, aggr_mnth_v2_evt_attr_23#23L, aggr_mnth_v2_evt_attr_274#25L, aggr_mnth_v2_evt_attr_296#27L, aggr_mnth_v2_evt_attr_306#28L, aggr_mnth_v2_evt_attr_314#29L, ... 1224 more fields]
               +- Project [epk_id#0L, target_attr_1#1L, report_month#2, target_attr_2#3, target_attr_3#4, aggr_mnth_v2_evt_attr_1010#7L, aggr_mnth_v2_evt_attr_1022#8L, aggr_mnth_v2_evt_attr_1027#9L, aggr_mnth_v2_evt_attr_1029#10L, aggr_mnth_v2_evt_attr_158#13L, aggr_mnth_v2_evt_attr_161#14L, aggr_mnth_v2_evt_attr_179#15L, aggr_mnth_v2_evt_attr_180#16L, aggr_mnth_v2_evt_attr_188#17L, aggr_mnth_v2_evt_attr_198#18L, aggr_mnth_v2_evt_attr_213#19L, aggr_mnth_v2_evt_attr_217#20L, aggr_mnth_v2_evt_attr_223#21L, aggr_mnth_v2_evt_attr_228#22L, aggr_mnth_v2_evt_attr_23#23L, aggr_mnth_v2_evt_attr_274#25L, aggr_mnth_v2_evt_attr_296#27L, aggr_mnth_v2_evt_attr_306#28L, aggr_mnth_v2_evt_attr_314#29L, ... 1783 more fields]
                  +- Project [epk_id#0L, target_attr_1#1L, report_month#2, target_attr_2#3, target_attr_3#4, aggr_mnth_v2_evt_attr_1006#5L, aggr_mnth_v2_evt_attr_1007#6L, aggr_mnth_v2_evt_attr_1010#7L, aggr_mnth_v2_evt_attr_1022#8L, aggr_mnth_v2_evt_attr_1027#9L, aggr_mnth_v2_evt_attr_1029#10L, aggr_mnth_v2_evt_attr_152#11L, aggr_mnth_v2_evt_attr_153#12L, aggr_mnth_v2_evt_attr_158#13L, aggr_mnth_v2_evt_attr_161#14L, aggr_mnth_v2_evt_attr_179#15L, aggr_mnth_v2_evt_attr_180#16L, aggr_mnth_v2_evt_attr_188#17L, aggr_mnth_v2_evt_attr_198#18L, aggr_mnth_v2_evt_attr_213#19L, aggr_mnth_v2_evt_attr_217#20L, aggr_mnth_v2_evt_attr_223#21L, aggr_mnth_v2_evt_attr_228#22L, aggr_mnth_v2_evt_attr_23#23L, ... 2319 more fields]
                     +- Filter UDF(_strat_col#14554, rand(42))
                        +- Project [epk_id#0L, target_attr_1#1L, report_month#2, target_attr_2#3, target_attr_3#4, aggr_mnth_v2_evt_attr_1006#5L, aggr_mnth_v2_evt_attr_1007#6L, aggr_mnth_v2_evt_attr_1010#7L, aggr_mnth_v2_evt_attr_1022#8L, aggr_mnth_v2_evt_attr_1027#9L, aggr_mnth_v2_evt_attr_1029#10L, aggr_mnth_v2_evt_attr_152#11L, aggr_mnth_v2_evt_attr_153#12L, aggr_mnth_v2_evt_attr_158#13L, aggr_mnth_v2_evt_attr_161#14L, aggr_mnth_v2_evt_attr_179#15L, aggr_mnth_v2_evt_attr_180#16L, aggr_mnth_v2_evt_attr_188#17L, aggr_mnth_v2_evt_attr_198#18L, aggr_mnth_v2_evt_attr_213#19L, aggr_mnth_v2_evt_attr_217#20L, aggr_mnth_v2_evt_attr_223#21L, aggr_mnth_v2_evt_attr_228#22L, aggr_mnth_v2_evt_attr_23#23L, ... 2320 more fields]
                           +- Project [epk_id#0L, target_attr_1#1L, report_month#2, target_attr_2#3, target_attr_3#4, aggr_mnth_v2_evt_attr_1006#5L, aggr_mnth_v2_evt_attr_1007#6L, aggr_mnth_v2_evt_attr_1010#7L, aggr_mnth_v2_evt_attr_1022#8L, aggr_mnth_v2_evt_attr_1027#9L, aggr_mnth_v2_evt_attr_1029#10L, aggr_mnth_v2_evt_attr_152#11L, aggr_mnth_v2_evt_attr_153#12L, aggr_mnth_v2_evt_attr_158#13L, aggr_mnth_v2_evt_attr_161#14L, aggr_mnth_v2_evt_attr_179#15L, aggr_mnth_v2_evt_attr_180#16L, aggr_mnth_v2_evt_attr_188#17L, aggr_mnth_v2_evt_attr_198#18L, aggr_mnth_v2_evt_attr_213#19L, aggr_mnth_v2_evt_attr_217#20L, aggr_mnth_v2_evt_attr_223#21L, aggr_mnth_v2_evt_attr_228#22L, aggr_mnth_v2_evt_attr_23#23L, ... 2319 more fields]
                              +- Relation [epk_id#0L,target_attr_1#1L,report_month#2,target_attr_2#3,target_attr_3#4,aggr_mnth_v2_evt_attr_1006#5L,aggr_mnth_v2_evt_attr_1007#6L,aggr_mnth_v2_evt_attr_1010#7L,aggr_mnth_v2_evt_attr_1022#8L,aggr_mnth_v2_evt_attr_1027#9L,aggr_mnth_v2_evt_attr_1029#10L,aggr_mnth_v2_evt_attr_152#11L,aggr_mnth_v2_evt_attr_153#12L,aggr_mnth_v2_evt_attr_158#13L,aggr_mnth_v2_evt_attr_161#14L,aggr_mnth_v2_evt_attr_179#15L,aggr_mnth_v2_evt_attr_180#16L,aggr_mnth_v2_evt_attr_188#17L,aggr_mnth_v2_evt_attr_198#18L,aggr_mnth_v2_evt_attr_213#19L,aggr_mnth_v2_evt_attr_217#20L,aggr_mnth_v2_evt_attr_223#21L,aggr_mnth_v2_evt_attr_228#22L,aggr_mnth_v2_evt_attr_23#23L,... 2479 more fields] parquet

2026-07-31 11:14:16,049 | ERROR    | Детали ошибки:
Traceback (most recent call last):
  File "/home/datalab/nfs/bogachev/fmlib-feature-selection/dev/bogachev/pipeline.py", line 656, in main
    final_df = run_pipeline(current_df, original_df, dataset_name, PIPELINE_DIR, config, logger, target_col, exclude_cols)
               ^^^^^^^^^^^^^^^^^^^^^^^^^^^^^^^^^^^^^^^^^^^^^^^^^^^^^^^^^^^^^^^^^^^^^^^^^^^^^^^^^^^^^^^^^^^^^^^^^^^^^^^^^^^
  File "/home/datalab/nfs/bogachev/fmlib-feature-selection/dev/bogachev/pipeline.py", line 418, in run_pipeline
    result_df = test_stratified_sampling(current_df, target_col, exclude_cols, max_rows, dataset_name, logger)
                ^^^^^^^^^^^^^^^^^^^^^^^^^^^^^^^^^^^^^^^^^^^^^^^^^^^^^^^^^^^^^^^^^^^^^^^^^^^^^^^^^^^^^^^^^^^^^^
  File "/home/datalab/nfs/bogachev/fmlib-feature-selection/dev/bogachev/pipeline.py", line 291, in test_stratified_sampling
    result = apply_stratified_sampling(df, target_col, max_rows)
             ^^^^^^^^^^^^^^^^^^^^^^^^^^^^^^^^^^^^^^^^^^^^^^^^^^^
  File "/home/datalab/nfs/bogachev/fmlib-feature-selection/dev/bogachev/methods/shap_lgbm_spark.py", line 33, in apply_stratified_sampling
    data_df = df.withColumn('_strat_col', F.col(target_col).cast('string'))
              ^^^^^^^^^^^^^^^^^^^^^^^^^^^^^^^^^^^^^^^^^^^^^^^^^^^^^^^^^^^^^
  File "/spark/python/pyspark/sql/dataframe.py", line 5176, in withColumn
    return DataFrame(self._jdf.withColumn(colName, col._jc), self.sparkSession)
                     ^^^^^^^^^^^^^^^^^^^^^^^^^^^^^^^^^^^^^^
  File "/spark/python/lib/py4j-0.10.9.7-src.zip/py4j/java_gateway.py", line 1322, in __call__
    return_value = get_return_value(
                   ^^^^^^^^^^^^^^^^^
  File "/spark/python/pyspark/errors/exceptions/captured.py", line 185, in deco
    raise converted from None
pyspark.errors.exceptions.captured.AnalysisException: [UNRESOLVED_COLUMN.WITH_SUGGESTION] A column or function parameter with name `target_attr_1` cannot be resolved. Did you mean one of the following? [`bucket_num`, `dmik_age`, `dmik_salary`, `month_part`, `dmik_ca_flg`].;
'Project [aggr_mnth_v2_evt_attr_1010#7L, aggr_mnth_v2_evt_attr_1022#8L, aggr_mnth_v2_evt_attr_1027#9L, aggr_mnth_v2_evt_attr_1029#10L, aggr_mnth_v2_evt_attr_158#13L, aggr_mnth_v2_evt_attr_161#14L, aggr_mnth_v2_evt_attr_179#15L, aggr_mnth_v2_evt_attr_180#16L, aggr_mnth_v2_evt_attr_188#17L, aggr_mnth_v2_evt_attr_198#18L, aggr_mnth_v2_evt_attr_213#19L, aggr_mnth_v2_evt_attr_217#20L, aggr_mnth_v2_evt_attr_223#21L, aggr_mnth_v2_evt_attr_228#22L, aggr_mnth_v2_evt_attr_23#23L, aggr_mnth_v2_evt_attr_274#25L, aggr_mnth_v2_evt_attr_296#27L, aggr_mnth_v2_evt_attr_306#28L, aggr_mnth_v2_evt_attr_314#29L, aggr_mnth_v2_evt_attr_320#30L, aggr_mnth_v2_evt_attr_358#32L, aggr_mnth_v2_evt_attr_37#33L, aggr_mnth_v2_evt_attr_402#36L, aggr_mnth_v2_evt_attr_415#39L, ... 908 more fields]
+- Project [aggr_mnth_v2_evt_attr_1010#7L, aggr_mnth_v2_evt_attr_1022#8L, aggr_mnth_v2_evt_attr_1027#9L, aggr_mnth_v2_evt_attr_1029#10L, aggr_mnth_v2_evt_attr_158#13L, aggr_mnth_v2_evt_attr_161#14L, aggr_mnth_v2_evt_attr_179#15L, aggr_mnth_v2_evt_attr_180#16L, aggr_mnth_v2_evt_attr_188#17L, aggr_mnth_v2_evt_attr_198#18L, aggr_mnth_v2_evt_attr_213#19L, aggr_mnth_v2_evt_attr_217#20L, aggr_mnth_v2_evt_attr_223#21L, aggr_mnth_v2_evt_attr_228#22L, aggr_mnth_v2_evt_attr_23#23L, aggr_mnth_v2_evt_attr_274#25L, aggr_mnth_v2_evt_attr_296#27L, aggr_mnth_v2_evt_attr_306#28L, aggr_mnth_v2_evt_attr_314#29L, aggr_mnth_v2_evt_attr_320#30L, aggr_mnth_v2_evt_attr_358#32L, aggr_mnth_v2_evt_attr_37#33L, aggr_mnth_v2_evt_attr_402#36L, aggr_mnth_v2_evt_attr_415#39L, ... 907 more fields]
   +- Project [epk_id#0L, target_attr_1#1L, report_month#2, target_attr_2#3, target_attr_3#4, aggr_mnth_v2_evt_attr_1010#7L, aggr_mnth_v2_evt_attr_1022#8L, aggr_mnth_v2_evt_attr_1027#9L, aggr_mnth_v2_evt_attr_1029#10L, aggr_mnth_v2_evt_attr_158#13L, aggr_mnth_v2_evt_attr_161#14L, aggr_mnth_v2_evt_attr_179#15L, aggr_mnth_v2_evt_attr_180#16L, aggr_mnth_v2_evt_attr_188#17L, aggr_mnth_v2_evt_attr_198#18L, aggr_mnth_v2_evt_attr_213#19L, aggr_mnth_v2_evt_attr_217#20L, aggr_mnth_v2_evt_attr_223#21L, aggr_mnth_v2_evt_attr_228#22L, aggr_mnth_v2_evt_attr_23#23L, aggr_mnth_v2_evt_attr_274#25L, aggr_mnth_v2_evt_attr_296#27L, aggr_mnth_v2_evt_attr_306#28L, aggr_mnth_v2_evt_attr_314#29L, ... 1224 more fields]
      +- Filter UDF(_strat_col#274773, rand(42))
         +- Project [epk_id#0L, target_attr_1#1L, report_month#2, target_attr_2#3, target_attr_3#4, aggr_mnth_v2_evt_attr_1010#7L, aggr_mnth_v2_evt_attr_1022#8L, aggr_mnth_v2_evt_attr_1027#9L, aggr_mnth_v2_evt_attr_1029#10L, aggr_mnth_v2_evt_attr_158#13L, aggr_mnth_v2_evt_attr_161#14L, aggr_mnth_v2_evt_attr_179#15L, aggr_mnth_v2_evt_attr_180#16L, aggr_mnth_v2_evt_attr_188#17L, aggr_mnth_v2_evt_attr_198#18L, aggr_mnth_v2_evt_attr_213#19L, aggr_mnth_v2_evt_attr_217#20L, aggr_mnth_v2_evt_attr_223#21L, aggr_mnth_v2_evt_attr_228#22L, aggr_mnth_v2_evt_attr_23#23L, aggr_mnth_v2_evt_attr_274#25L, aggr_mnth_v2_evt_attr_296#27L, aggr_mnth_v2_evt_attr_306#28L, aggr_mnth_v2_evt_attr_314#29L, ... 1225 more fields]
            +- Project [epk_id#0L, target_attr_1#1L, report_month#2, target_attr_2#3, target_attr_3#4, aggr_mnth_v2_evt_attr_1010#7L, aggr_mnth_v2_evt_attr_1022#8L, aggr_mnth_v2_evt_attr_1027#9L, aggr_mnth_v2_evt_attr_1029#10L, aggr_mnth_v2_evt_attr_158#13L, aggr_mnth_v2_evt_attr_161#14L, aggr_mnth_v2_evt_attr_179#15L, aggr_mnth_v2_evt_attr_180#16L, aggr_mnth_v2_evt_attr_188#17L, aggr_mnth_v2_evt_attr_198#18L, aggr_mnth_v2_evt_attr_213#19L, aggr_mnth_v2_evt_attr_217#20L, aggr_mnth_v2_evt_attr_223#21L, aggr_mnth_v2_evt_attr_228#22L, aggr_mnth_v2_evt_attr_23#23L, aggr_mnth_v2_evt_attr_274#25L, aggr_mnth_v2_evt_attr_296#27L, aggr_mnth_v2_evt_attr_306#28L, aggr_mnth_v2_evt_attr_314#29L, ... 1224 more fields]
               +- Project [epk_id#0L, target_attr_1#1L, report_month#2, target_attr_2#3, target_attr_3#4, aggr_mnth_v2_evt_attr_1010#7L, aggr_mnth_v2_evt_attr_1022#8L, aggr_mnth_v2_evt_attr_1027#9L, aggr_mnth_v2_evt_attr_1029#10L, aggr_mnth_v2_evt_attr_158#13L, aggr_mnth_v2_evt_attr_161#14L, aggr_mnth_v2_evt_attr_179#15L, aggr_mnth_v2_evt_attr_180#16L, aggr_mnth_v2_evt_attr_188#17L, aggr_mnth_v2_evt_attr_198#18L, aggr_mnth_v2_evt_attr_213#19L, aggr_mnth_v2_evt_attr_217#20L, aggr_mnth_v2_evt_attr_223#21L, aggr_mnth_v2_evt_attr_228#22L, aggr_mnth_v2_evt_attr_23#23L, aggr_mnth_v2_evt_attr_274#25L, aggr_mnth_v2_evt_attr_296#27L, aggr_mnth_v2_evt_attr_306#28L, aggr_mnth_v2_evt_attr_314#29L, ... 1783 more fields]
                  +- Project [epk_id#0L, target_attr_1#1L, report_month#2, target_attr_2#3, target_attr_3#4, aggr_mnth_v2_evt_attr_1006#5L, aggr_mnth_v2_evt_attr_1007#6L, aggr_mnth_v2_evt_attr_1010#7L, aggr_mnth_v2_evt_attr_1022#8L, aggr_mnth_v2_evt_attr_1027#9L, aggr_mnth_v2_evt_attr_1029#10L, aggr_mnth_v2_evt_attr_152#11L, aggr_mnth_v2_evt_attr_153#12L, aggr_mnth_v2_evt_attr_158#13L, aggr_mnth_v2_evt_attr_161#14L, aggr_mnth_v2_evt_attr_179#15L, aggr_mnth_v2_evt_attr_180#16L, aggr_mnth_v2_evt_attr_188#17L, aggr_mnth_v2_evt_attr_198#18L, aggr_mnth_v2_evt_attr_213#19L, aggr_mnth_v2_evt_attr_217#20L, aggr_mnth_v2_evt_attr_223#21L, aggr_mnth_v2_evt_attr_228#22L, aggr_mnth_v2_evt_attr_23#23L, ... 2319 more fields]
                     +- Filter UDF(_strat_col#14554, rand(42))
                        +- Project [epk_id#0L, target_attr_1#1L, report_month#2, target_attr_2#3, target_attr_3#4, aggr_mnth_v2_evt_attr_1006#5L, aggr_mnth_v2_evt_attr_1007#6L, aggr_mnth_v2_evt_attr_1010#7L, aggr_mnth_v2_evt_attr_1022#8L, aggr_mnth_v2_evt_attr_1027#9L, aggr_mnth_v2_evt_attr_1029#10L, aggr_mnth_v2_evt_attr_152#11L, aggr_mnth_v2_evt_attr_153#12L, aggr_mnth_v2_evt_attr_158#13L, aggr_mnth_v2_evt_attr_161#14L, aggr_mnth_v2_evt_attr_179#15L, aggr_mnth_v2_evt_attr_180#16L, aggr_mnth_v2_evt_attr_188#17L, aggr_mnth_v2_evt_attr_198#18L, aggr_mnth_v2_evt_attr_213#19L, aggr_mnth_v2_evt_attr_217#20L, aggr_mnth_v2_evt_attr_223#21L, aggr_mnth_v2_evt_attr_228#22L, aggr_mnth_v2_evt_attr_23#23L, ... 2320 more fields]
                           +- Project [epk_id#0L, target_attr_1#1L, report_month#2, target_attr_2#3, target_attr_3#4, aggr_mnth_v2_evt_attr_1006#5L, aggr_mnth_v2_evt_attr_1007#6L, aggr_mnth_v2_evt_attr_1010#7L, aggr_mnth_v2_evt_attr_1022#8L, aggr_mnth_v2_evt_attr_1027#9L, aggr_mnth_v2_evt_attr_1029#10L, aggr_mnth_v2_evt_attr_152#11L, aggr_mnth_v2_evt_attr_153#12L, aggr_mnth_v2_evt_attr_158#13L, aggr_mnth_v2_evt_attr_161#14L, aggr_mnth_v2_evt_attr_179#15L, aggr_mnth_v2_evt_attr_180#16L, aggr_mnth_v2_evt_attr_188#17L, aggr_mnth_v2_evt_attr_198#18L, aggr_mnth_v2_evt_attr_213#19L, aggr_mnth_v2_evt_attr_217#20L, aggr_mnth_v2_evt_attr_223#21L, aggr_mnth_v2_evt_attr_228#22L, aggr_mnth_v2_evt_attr_23#23L, ... 2319 more fields]
                              +- Relation [epk_id#0L,target_attr_1#1L,report_month#2,target_attr_2#3,target_attr_3#4,aggr_mnth_v2_evt_attr_1006#5L,aggr_mnth_v2_evt_attr_1007#6L,aggr_mnth_v2_evt_attr_1010#7L,aggr_mnth_v2_evt_attr_1022#8L,aggr_mnth_v2_evt_attr_1027#9L,aggr_mnth_v2_evt_attr_1029#10L,aggr_mnth_v2_evt_attr_152#11L,aggr_mnth_v2_evt_attr_153#12L,aggr_mnth_v2_evt_attr_158#13L,aggr_mnth_v2_evt_attr_161#14L,aggr_mnth_v2_evt_attr_179#15L,aggr_mnth_v2_evt_attr_180#16L,aggr_mnth_v2_evt_attr_188#17L,aggr_mnth_v2_evt_attr_198#18L,aggr_mnth_v2_evt_attr_213#19L,aggr_mnth_v2_evt_attr_217#20L,aggr_mnth_v2_evt_attr_223#21L,aggr_mnth_v2_evt_attr_228#22L,aggr_mnth_v2_evt_attr_23#23L,... 2479 more fields] parquet

2026-07-31 11:14:16,055 | INFO     | 
================================================================================
2026-07-31 11:14:16,055 | INFO     | ВСЕ ТЕСТЫ ЗАВЕРШЕНЫ!
2026-07-31 11:14:16,055 | INFO     | ================================================================================
